Microchip MPLAB XC8 Compiler V2.41

Linker command line:

-W-3 \
  --edf=C:\Program Files\Microchip\xc8\v2.41\pic\dat\20230208172133_en.msgs \
  -cn -h+dist/default/production\MasterPIC.X.production.sym \
  --cmf=dist/default/production\MasterPIC.X.production.cmf -z -Q16F887 \
  -oC:\Users\WMGWW\AppData\Local\Temp\xcAsmkc.\driver_tmp_3.o \
  --defsym=__MPLAB_BUILD=1 --fixupoverflow=error \
  -Mdist/default/production/MasterPIC.X.production.map \
  --md=C:\Users\WMGWW\AppData\Local\Temp\xcAsmkc.\driver_tmp_0.dat -E1 \
  -ver=XC8 Compiler --acfsm=1493 -ACODE=00h-07FFhx4 -ASTRCODE=00h-01FFFh \
  -ASTRING=00h-0FFhx32 -ACONST=00h-0FFhx32 -AENTRY=00h-0FFhx32 \
  -ACOMMON=070h-07Fh -ABANK0=020h-06Fh -ABANK1=0A0h-0EFh \
  -ABANK2=0110h-016Fh -ABANK3=0190h-01EFh \
  -ARAM=020h-06Fh,0A0h-0EFh,0110h-016Fh,0190h-01EFh \
  -AABS1=020h-07Fh,0A0h-0EFh,0110h-016Fh,0190h-01EFh -ASFR0=00h-01Fh \
  -ASFR1=080h-09Fh -ASFR2=0100h-010Fh -ASFR3=0180h-018Fh \
  -ACONFIG=02007h-02008h -DCONFIG=2 -AIDLOC=02000h-02003h -DIDLOC=2 \
  -AEEDATA=00h-0FFh/02100h -peeprom_data=EEDATA -DEEDATA=2 -DCODE=2 \
  -DSTRCODE=2 -DSTRING=2 -DCONST=2 -DENTRY=2 \
  -preset_vec=00h,intentry=04h,init,end_init -ppowerup=CODE -pcinit=CODE \
  -pfunctab=ENTRY -k \
  C:\Users\WMGWW\AppData\Local\Temp\xcAsmkc.\driver_tmp_17.o \
  dist/default/production\MasterPIC.X.production.o 

Object code version is 3.11

Machine type is 16F887



                Name                               Link     Load   Length Selector   Space Scale
C:\Users\WMGWW\AppData\Local\Temp\xcAsmkc.\driver_tmp_17.o
                end_init                              C        C        3        8       0
                reset_vec                             0        0        3        0       0
                config                             2007     2007        2        0       4
                idloc                              2000     2000        4        0       5
dist/default/production\MasterPIC.X.production.o
                cinit                                 F        F        F        8       0
                intentry                              4        4        8        8       0
                config                             2007     2007        2        0       4
                idloc                              2000     2000        4        0       5
                text31                              671      671       20      89A       0
                text30                              519      519       3E      89A       0
                text29                              691      691       1A      89A       0
                text28                              705      705        D      89A       0
                text27                              74B      74B        9      89A       0
                text26                              6C1      6C1       15      89A       0
                text25                              493      493       44      89A       0
                text24                              557      557       3C      89A       0
                text23                              6D6      6D6       12      89A       0
                text22                               1E       1E      15E        8       0
                text21                              651      651       20      89A       0
                text20                              6AB      6AB       16      89A       0
                text19                              44D      44D       46      89A       0
                text18                              742      742        9      89A       0
                text17                              739      739        9      89A       0
                text16                              5CB      5CB       33      89A       0
                text15                              17C      17C       79        8       0
                text14                              6E8      6E8       10      89A       0
                text13                              62C      62C       25      89A       0
                text12                              26A      26A       68        8       0
                text11                              593      593       38      89A       0
                text10                              38F      38F       51        8       0
                text9                               712      712        B      89A       0
                text8                               4D7      4D7       42      89A       0
                text7                               6F8      6F8        D      89A       0
                text6                               5FE      5FE       2E      89A       0
                text5                               730      730        9      89A       0
                text4                               727      727        9      89A       0
                text3                               71D      71D        A      89A       0
                text2                               333      333       5C        8       0
                text1                               2D2      2D2       61        8       0
                maintext                            1F5      1F5       75        8       0
                cstackBANK0                          3E       3E       18       20       1
                cstackCOMMON                         70       70        A       70       1
                clrtext                             754      754        8      89A       0
                bssBANK0                             20       20       1E       20       1
                bssCOMMON                            7A       7A        2       70       1
                strings                             400      400       4D      800       0

TOTAL           Name                               Link     Load   Length     Space
        CLASS   CODE           
                end_init                              C        C        3         0
                cinit                                 F        F        F         0
                intentry                              4        4        8         0
                reset_vec                             0        0        3         0
                text31                              671      671       20         0
                text30                              519      519       3E         0
                text29                              691      691       1A         0
                text28                              705      705        D         0
                text27                              74B      74B        9         0
                text26                              6C1      6C1       15         0
                text25                              493      493       44         0
                text24                              557      557       3C         0
                text23                              6D6      6D6       12         0
                text22                               1E       1E      15E         0
                text21                              651      651       20         0
                text20                              6AB      6AB       16         0
                text19                              44D      44D       46         0
                text18                              742      742        9         0
                text17                              739      739        9         0
                text16                              5CB      5CB       33         0
                text15                              17C      17C       79         0
                text14                              6E8      6E8       10         0
                text13                              62C      62C       25         0
                text12                              26A      26A       68         0
                text11                              593      593       38         0
                text10                              38F      38F       51         0
                text9                               712      712        B         0
                text8                               4D7      4D7       42         0
                text7                               6F8      6F8        D         0
                text6                               5FE      5FE       2E         0
                text5                               730      730        9         0
                text4                               727      727        9         0
                text3                               71D      71D        A         0
                text2                               333      333       5C         0
                text1                               2D2      2D2       61         0
                maintext                            1F5      1F5       75         0
                clrtext                             754      754        8         0

        CLASS   STRCODE        

        CLASS   STRING         
                strings                             400      400       4D         0

        CLASS   CONST          

        CLASS   ENTRY          

        CLASS   COMMON         
                cstackCOMMON                         70       70        A         1
                bssCOMMON                            7A       7A        2         1

        CLASS   BANK0          
                cstackBANK0                          3E       3E       18         1
                bssBANK0                             20       20       1E         1

        CLASS   BANK1          

        CLASS   BANK2          

        CLASS   BANK3          

        CLASS   RAM            

        CLASS   ABS1           
                abs_s1                               7E       7E        2         1

        CLASS   SFR0           

        CLASS   SFR1           

        CLASS   SFR2           

        CLASS   SFR3           

        CLASS   CONFIG         
                config                             2007     2007        2         4

        CLASS   IDLOC          
                idloc                              2000     2000        4         5

        CLASS   EEDATA         

        CLASS   STACK          



SEGMENTS        Name                           Load    Length   Top    Selector   Space  Class     Delta

                reset_vec                      000000  000003  000003         0       0  CODE        2
                intentry                       000004  0003DC  0003E0         8       0  CODE        2
                bssBANK0                       000020  000036  000056        20       1  BANK0       1
                cstackCOMMON                   000070  00000C  00007C        70       1  COMMON      1
                strings                        000400  00004D  00044D       800       0  STRING      2
                text19                         00044D  00030F  00075C       89A       0  CODE        2


UNUSED ADDRESS RANGES

        Name                Unused          Largest block    Delta
        BANK0            0056-006F             1A           1
        BANK1            00A0-00EF             50           1
        BANK2            0110-016F             60           1
        BANK3            0190-01EF             60           1
        CODE             0003-0003              1           2
                         03E0-03FF             20
                         075C-1FFF            800
        COMMON           007C-007D              2           1
        CONST            0003-0003              1           2
                         03E0-03FF             20
                         075C-1FFF            100
        EEDATA           2100-21FF            100           2
        ENTRY            0003-0003              1           2
                         03E0-03FF             20
                         075C-1FFF            100
        RAM              0056-006F             1A           1
                         00A0-00EF             50
                         0110-016F             60
                         0190-01EF             60
        SFR0             0000-001F             20           1
        SFR1             0080-009F             20           1
        SFR2             0100-010F             10           1
        SFR3             0180-018F             10           1
        STRCODE          0003-0003              1           2
                         03E0-03FF             20
                         075C-1FFF           18A4
        STRING           0003-0003              1           2
                         03E0-03FF             20
                         075C-1FFF            100

                                  Symbol Table

?_I2C_Master_Read            cstackCOMMON 0072
?___lldiv                    cstackCOMMON 0072
?___lwdiv                    cstackCOMMON 0072
?___lwmod                    cstackBANK0  003E
?_sprintf                    cstackBANK0  0042
I2C_Master_Init@c            cstackBANK0  0044
I2C_Master_Read@a            cstackCOMMON 0072
I2C_Master_Read@temp         cstackCOMMON 0076
I2C_Master_Write@d           cstackCOMMON 0072
Lcd_Cmd@a                    cstackCOMMON 0075
Lcd_Port@a                   cstackCOMMON 0072
Lcd_Set_Cursor@a             cstackCOMMON 0077
Lcd_Set_Cursor@b             cstackCOMMON 0076
Lcd_Set_Cursor@temp          cstackCOMMON 0078
Lcd_Write_Char@a             cstackCOMMON 0074
Lcd_Write_String@a           cstackCOMMON 0075
Lcd_Write_String@i           cstackBANK0  003E
_ANSEL                       (abs)        0188
_ANSELH                      (abs)        0189
_BAUDCTLbits                 (abs)        0187
_CREN                        (abs)        00C4
_EEADR                       (abs)        010D
_EECON1bits                  (abs)        018C
_EECON2                      (abs)        018D
_EEDAT                       (abs)        010C
_GIE                         (abs)        005F
_I2C_Master_Init             text11       0593
_I2C_Master_Read             text6        05FE
_I2C_Master_Start            text5        0730
_I2C_Master_Stop             text4        0727
_I2C_Master_Wait             text7        06F8
_I2C_Master_Write            text3        071D
_INTCONbits                  (abs)        000B
_IOCBbits                    (abs)        0096
_LCDprint                    text15       017C
_Lcd_Clear                   text28       0705
_Lcd_Cmd                     text29       0691
_Lcd_Init                    text10       038F
_Lcd_Port                    text30       0519
_Lcd_Set_Cursor              text21       0651
_Lcd_Write_Char              text20       06AB
_Lcd_Write_String            text19       044D
_OERR                        (abs)        00C1
_OPTION_REGbits              (abs)        0081
_OSCCONbits                  (abs)        008F
_OnOff                       bssBANK0     0026
_PEIE                        (abs)        005E
_PIR1bits                    (abs)        000C
_PIR2bits                    (abs)        000D
_PORTA                       (abs)        0005
_PORTB                       (abs)        0006
_PORTC                       (abs)        0007
_PORTD                       (abs)        0008
_RA0                         (abs)        0028
_RA1                         (abs)        0029
_RA2                         (abs)        002A
_RA3                         (abs)        002B
_RA4                         (abs)        002C
_RA5                         (abs)        002D
_RB0                         (abs)        0030
_RBIF                        (abs)        0058
_RC0                         (abs)        0038
_RC1                         (abs)        0039
_RCIF                        (abs)        0065
_RCREG                       (abs)        001A
_RCSTAbits                   (abs)        0018
_RD0                         (abs)        0040
_RD1                         (abs)        0041
_RD2                         (abs)        0042
_RD3                         (abs)        0043
_RD4                         (abs)        0044
_RD5                         (abs)        0045
_RD6                         (abs)        0046
_RD7                         (abs)        0047
_SPBRG                       (abs)        0099
_SPBRGH                      (abs)        009A
_SSPADD                      (abs)        0093
_SSPBUF                      (abs)        0013
_SSPCON                      (abs)        0014
_SSPCON2                     (abs)        0091
_SSPCON2bits                 (abs)        0091
_SSPIE                       (abs)        0463
_SSPIF                       (abs)        0063
_SSPSTAT                     (abs)        0094
_TRISA                       (abs)        0085
_TRISB                       (abs)        0086
_TRISC                       (abs)        0087
_TRISC3                      (abs)        043B
_TRISC4                      (abs)        043C
_TRISCbits                   (abs)        0087
_TRISD                       (abs)        0088
_TXREG                       (abs)        0019
_TXSTAbits                   (abs)        0098
_WPUBbits                    (abs)        0095
__H__absolute__              __absolute__ 0000
__Habs1                      abs1         0000
__Hbank0                     bank0        0000
__Hbank1                     bank1        0000
__Hbank2                     bank2        0000
__Hbank3                     bank3        0000
__HbssBANK0                  bssBANK0     0000
__HbssCOMMON                 bssCOMMON    0000
__Hcinit                     cinit        001E
__Hclrtext                   clrtext      0000
__Hcode                      code         0000
__Hcommon                    common       0000
__Hconfig                    config       2009
__HcstackBANK0               cstackBANK0  0000
__HcstackCOMMON              cstackCOMMON 0000
__Heeprom_data               eeprom_data  0000
__Hend_init                  end_init     000F
__Hfunctab                   functab      0000
__Hidloc                     idloc        2004
__Hinit                      init         000C
__Hintentry                  intentry     000C
__Hmaintext                  maintext     0000
__Hpowerup                   powerup      0000
__Hram                       ram          0000
__Hreset_vec                 reset_vec    0003
__Hsfr0                      sfr0         0000
__Hsfr1                      sfr1         0000
__Hsfr2                      sfr2         0000
__Hsfr3                      sfr3         0000
__Hspace_0                   (abs)        075C
__Hspace_1                   (abs)        007C
__Hspace_2                   (abs)        0000
__Hspace_3                   (abs)        0000
__Hspace_4                   (abs)        4010
__Hstack                     stack        0000
__Hstrings                   strings      0000
__Htext                      text         0000
__L__absolute__              __absolute__ 0000
__Labs1                      abs1         0000
__Lbank0                     bank0        0000
__Lbank1                     bank1        0000
__Lbank2                     bank2        0000
__Lbank3                     bank3        0000
__LbssBANK0                  bssBANK0     0000
__LbssCOMMON                 bssCOMMON    0000
__Lcinit                     cinit        000F
__Lclrtext                   clrtext      0000
__Lcode                      code         0000
__Lcommon                    common       0000
__Lconfig                    config       0000
__LcstackBANK0               cstackBANK0  0000
__LcstackCOMMON              cstackCOMMON 0000
__Leeprom_data               eeprom_data  0000
__Lend_init                  end_init     000C
__Lfunctab                   functab      0000
__Lidloc                     idloc        0000
__Linit                      init         000C
__Lintentry                  intentry     0004
__Lmaintext                  maintext     0000
__Lpowerup                   powerup      0000
__Lram                       ram          0000
__Lreset_vec                 reset_vec    0000
__Lsfr0                      sfr0         0000
__Lsfr1                      sfr1         0000
__Lsfr2                      sfr2         0000
__Lsfr3                      sfr3         0000
__Lspace_0                   (abs)        0000
__Lspace_1                   (abs)        0000
__Lspace_2                   (abs)        0000
__Lspace_3                   (abs)        0000
__Lspace_4                   (abs)        0000
__Lstack                     stack        0000
__Lstrings                   strings      0000
__Ltext                      text         0000
__S0                         (abs)        075C
__S1                         (abs)        007C
__S3                         (abs)        0000
___bmul                      text26       06C1
___bmul@multiplicand         cstackCOMMON 0072
___bmul@multiplier           cstackCOMMON 0074
___bmul@product              cstackCOMMON 0073
___int_sp                    stack        0000
___latbits                   (abs)        0002
___lldiv                     text12       026A
___lldiv@counter             cstackBANK0  0043
___lldiv@dividend            cstackCOMMON 0076
___lldiv@divisor             cstackCOMMON 0072
___lldiv@quotient            cstackBANK0  003F
___lwdiv                     text25       0493
___lwdiv@counter             cstackCOMMON 0078
___lwdiv@dividend            cstackCOMMON 0074
___lwdiv@divisor             cstackCOMMON 0072
___lwdiv@quotient            cstackCOMMON 0076
___lwmod                     text24       0557
___lwmod@counter             cstackCOMMON 0079
___lwmod@dividend            cstackBANK0  0040
___lwmod@divisor             cstackBANK0  003E
___sp                        stack        0000
___stackhi                   (abs)        0000
___stacklo                   (abs)        0000
__end_of_I2C_Master_Init     text11       05CB
__end_of_I2C_Master_Read     text6        062C
__end_of_I2C_Master_Start    text5        0739
__end_of_I2C_Master_Stop     text4        0730
__end_of_I2C_Master_Wait     text7        0705
__end_of_I2C_Master_Write    text3        0727
__end_of_LCDprint            text15       01F5
__end_of_Lcd_Clear           text28       0712
__end_of_Lcd_Cmd             text29       06AB
__end_of_Lcd_Init            text10       03E0
__end_of_Lcd_Port            text30       0557
__end_of_Lcd_Set_Cursor      text21       0671
__end_of_Lcd_Write_Char      text20       06C1
__end_of_Lcd_Write_String    text19       0493
__end_of___bmul              text26       06D6
__end_of___lldiv             text12       02D2
__end_of___lwdiv             text25       04D7
__end_of___lwmod             text24       0593
__end_of__initialization     cinit        001A
__end_of__stringtab          strings      0410
__end_of_dcForward           text18       074B
__end_of_dcRight             text17       0742
__end_of_dcStop              text27       0754
__end_of_dpowers             strings      041A
__end_of_enviocadena         text13       0651
__end_of_enviocaracter       text14       06F8
__end_of_ioc_init            text9        071D
__end_of_isdigit             text23       06E8
__end_of_isr                 text31       0691
__end_of_main                maintext     026A
__end_of_setup               text8        0519
__end_of_slave1Communication text2        038F
__end_of_slave2Communication text1        0333
__end_of_sprintf             text22       017C
__end_of_usSensor            text16       05FE
__initialization             cinit        000F
__pbssBANK0                  bssBANK0     0020
__pbssCOMMON                 bssCOMMON    007A
__pcstackBANK0               cstackBANK0  003E
__pcstackCOMMON              cstackCOMMON 0070
__pintentry                  intentry     0004
__pmaintext                  maintext     01F5
__pstrings                   strings      0400
__ptext1                     text1        02D2
__ptext10                    text10       038F
__ptext11                    text11       0593
__ptext12                    text12       026A
__ptext13                    text13       062C
__ptext14                    text14       06E8
__ptext15                    text15       017C
__ptext16                    text16       05CB
__ptext17                    text17       0739
__ptext18                    text18       0742
__ptext19                    text19       044D
__ptext2                     text2        0333
__ptext20                    text20       06AB
__ptext21                    text21       0651
__ptext22                    text22       001E
__ptext23                    text23       06D6
__ptext24                    text24       0557
__ptext25                    text25       0493
__ptext26                    text26       06C1
__ptext27                    text27       074B
__ptext28                    text28       0705
__ptext29                    text29       0691
__ptext3                     text3        071D
__ptext30                    text30       0519
__ptext31                    text31       0671
__ptext4                     text4        0727
__ptext5                     text5        0730
__ptext6                     text6        05FE
__ptext7                     text7        06F8
__ptext8                     text8        04D7
__ptext9                     text9        0712
__stringbase                 strings      040F
__stringtab                  strings      0400
_dcForward                   text18       0742
_dcRight                     text17       0739
_dcStop                      text27       074B
_dpowers                     strings      0410
_enviocadena                 text13       062C
_enviocaracter               text14       06E8
_fanOnOff                    bssBANK0     0028
_fsrValue                    bssBANK0     002C
_ioc_init                    text9        0712
_isdigit                     text23       06D6
_isdigit$1164                cstackCOMMON 0072
_isr                         text31       0671
_lineLCD                     bssBANK0     002E
_main                        maintext     01F5
_setup                       text8        04D7
_slave1Communication         text2        0333
_slave2Communication         text1        02D2
_sprintf                     text22       001E
_toESP                       bssCOMMON    007A
_ultrasonicValue             bssCOMMON    007B
_usSensor                    text16       05CB
btemp                        (abs)        007E
clear_ram0                   clrtext      0754
end_of_initialization        cinit        001A
enviocadena@cadena           cstackCOMMON 0073
enviocaracter@a              cstackCOMMON 0072
interrupt_function           intentry     0004
intlevel0                    functab      0000
intlevel1                    functab      0000
intlevel2                    functab      0000
intlevel3                    functab      0000
intlevel4                    functab      0000
intlevel5                    functab      0000
isdigit@c                    cstackCOMMON 0073
reset_vec                    reset_vec    0000
saved_w                      (abs)        007E
slave1Communication@valueS1  cstackCOMMON 0078
slave2Communication@valueS2  cstackCOMMON 0078
sprintf@ap                   cstackBANK0  004A
sprintf@c                    cstackBANK0  004F
sprintf@f                    cstackBANK0  0044
sprintf@flag                 cstackBANK0  004B
sprintf@prec                 cstackBANK0  004E
sprintf@sp                   cstackBANK0  0042
sprintf@val                  cstackBANK0  004C
start                        init         000C
start_initialization         cinit        000F
wtemp0                       (abs)        007E


MODULE INFORMATION

Module		Function		Class		Link	Load	Size
E:/Universidad/Semestre2_2023/Digital-2/Proyecto1/Master/MasterPIC.X/I2C.c
		_I2C_Master_Read		CODE           	05FE	0000	46
		_I2C_Master_Wait		CODE           	06F8	0000	13
		_I2C_Master_Init		CODE           	0593	0000	56
		_I2C_Master_Stop		CODE           	0727	0000	9
		_I2C_Master_Write		CODE           	071D	0000	10
		_I2C_Master_Start		CODE           	0730	0000	9

E:/Universidad/Semestre2_2023/Digital-2/Proyecto1/Master/MasterPIC.X/I2C.c estimated size: 143

E:/Universidad/Semestre2_2023/Digital-2/Proyecto1/Master/MasterPIC.X/MasterPIC.c
		_slave2Communication		CODE           	02D2	0000	97
		_dcForward     		CODE           	0742	0000	9
		_dcRight       		CODE           	0739	0000	9
		_ioc_init      		CODE           	0712	0000	11
		_LCDprint      		CODE           	017C	0000	121
		_main          		CODE           	01F5	0000	117
		_dcStop        		CODE           	074B	0000	9
		_isr           		CODE           	0671	0000	32
		_slave1Communication		CODE           	0333	0000	92
		_setup         		CODE           	04D7	0000	66
		_usSensor      		CODE           	05CB	0000	51

E:/Universidad/Semestre2_2023/Digital-2/Proyecto1/Master/MasterPIC.X/MasterPIC.c estimated size: 614

C:\Program Files\Microchip\xc8\v2.41\pic\sources\c90\common\lwdiv.c
		___lwdiv       		CODE           	0493	0000	68

C:\Program Files\Microchip\xc8\v2.41\pic\sources\c90\common\lwdiv.c estimated size: 68

C:\Program Files\Microchip\xc8\v2.41\pic\sources\c90\common\__lldiv.c
		___lldiv       		CODE           	026A	0000	104

C:\Program Files\Microchip\xc8\v2.41\pic\sources\c90\common\__lldiv.c estimated size: 104

C:\Program Files\Microchip\xc8\v2.41\pic\sources\c90\common\Umul8.c
		___bmul        		CODE           	06C1	0000	21

C:\Program Files\Microchip\xc8\v2.41\pic\sources\c90\common\Umul8.c estimated size: 21

C:\Program Files\Microchip\xc8\v2.41\pic\sources\c90\common\isdigit.c
		_isdigit       		CODE           	06D6	0000	18

C:\Program Files\Microchip\xc8\v2.41\pic\sources\c90\common\isdigit.c estimated size: 18

shared
		__stringtab    		STRING         	0400	0000	16
		_dpowers       		STRING         	0410	0000	10
		__initialization		CODE           	000F	0000	11

shared estimated size: 37

E:/Universidad/Semestre2_2023/Digital-2/Proyecto1/Master/MasterPIC.X/LCD.c
		_Lcd_Write_String		CODE           	044D	0000	70
		_Lcd_Init      		CODE           	038F	0000	81
		_Lcd_Write_Char		CODE           	06AB	0000	22
		_Lcd_Cmd       		CODE           	0691	0000	26
		_Lcd_Set_Cursor		CODE           	0651	0000	32
		_Lcd_Clear     		CODE           	0705	0000	13
		_Lcd_Port      		CODE           	0519	0000	62

E:/Universidad/Semestre2_2023/Digital-2/Proyecto1/Master/MasterPIC.X/LCD.c estimated size: 306

E:/Universidad/Semestre2_2023/Digital-2/Proyecto1/Master/MasterPIC.X/USART.c
		_enviocadena   		CODE           	062C	0000	37
		_enviocaracter 		CODE           	06E8	0000	16

E:/Universidad/Semestre2_2023/Digital-2/Proyecto1/Master/MasterPIC.X/USART.c estimated size: 53

C:\Program Files\Microchip\xc8\v2.41\pic\sources\c90\common\doprnt.c
		_sprintf       		CODE           	001E	0000	350

C:\Program Files\Microchip\xc8\v2.41\pic\sources\c90\common\doprnt.c estimated size: 350

C:\Program Files\Microchip\xc8\v2.41\pic\sources\c90\common\lwmod.c
		___lwmod       		CODE           	0557	0000	60

C:\Program Files\Microchip\xc8\v2.41\pic\sources\c90\common\lwmod.c estimated size: 60

