Microchip MPLAB XC8 Compiler V2.41

Linker command line:

-W-3 \
  --edf=C:\Program Files\Microchip\xc8\v2.41\pic\dat\20230208172133_en.msgs \
  -cn -h+dist/default/production\MasterPIC.X.production.sym \
  --cmf=dist/default/production\MasterPIC.X.production.cmf -z -Q16F887 \
  -oC:\Users\WMGWW\AppData\Local\Temp\xcAs16fg.\driver_tmp_3.o \
  --defsym=__MPLAB_BUILD=1 --fixupoverflow=error \
  -Mdist/default/production/MasterPIC.X.production.map \
  --md=C:\Users\WMGWW\AppData\Local\Temp\xcAs16fg.\driver_tmp_0.dat -E1 \
  -ver=XC8 Compiler --acfsm=1493 -ACODE=00h-07FFhx4 -ASTRCODE=00h-01FFFh \
  -ASTRING=00h-0FFhx32 -ACONST=00h-0FFhx32 -AENTRY=00h-0FFhx32 \
  -ACOMMON=070h-07Fh -ABANK0=020h-06Fh -ABANK1=0A0h-0EFh \
  -ABANK2=0110h-016Fh -ABANK3=0190h-01EFh \
  -ARAM=020h-06Fh,0A0h-0EFh,0110h-016Fh,0190h-01EFh \
  -AABS1=020h-07Fh,0A0h-0EFh,0110h-016Fh,0190h-01EFh -ASFR0=00h-01Fh \
  -ASFR1=080h-09Fh -ASFR2=0100h-010Fh -ASFR3=0180h-018Fh \
  -ACONFIG=02007h-02008h -DCONFIG=2 -AIDLOC=02000h-02003h -DIDLOC=2 \
  -AEEDATA=00h-0FFh/02100h -peeprom_data=EEDATA -DEEDATA=2 -DCODE=2 \
  -DSTRCODE=2 -DSTRING=2 -DCONST=2 -DENTRY=2 \
  -preset_vec=00h,intentry=04h,init,end_init -ppowerup=CODE -pcinit=CODE \
  -pfunctab=ENTRY -k \
  C:\Users\WMGWW\AppData\Local\Temp\xcAs16fg.\driver_tmp_17.o \
  dist/default/production\MasterPIC.X.production.o 

Object code version is 3.11

Machine type is 16F887



                Name                               Link     Load   Length Selector   Space Scale
C:\Users\WMGWW\AppData\Local\Temp\xcAs16fg.\driver_tmp_17.o
                end_init                              C        C        3        8       0
                reset_vec                             0        0        3        0       0
                config                             2007     2007        2        0       4
                idloc                              2000     2000        4        0       5
dist/default/production\MasterPIC.X.production.o
                cinit                                 F        F       21        8       0
                intentry                              4        4        8        8       0
                config                             2007     2007        2        0       4
                idloc                              2000     2000        4        0       5
                text31                              6CC      6CC       20      8AE       0
                text30                              574      574       3E      8AE       0
                text29                              6EC      6EC       1A      8AE       0
                text28                              760      760        D      8AE       0
                text27                              7A6      7A6        9      8AE       0
                text26                              71C      71C       15      8AE       0
                text25                              4EE      4EE       44      8AE       0
                text24                              5B2      5B2       3C      8AE       0
                text23                              731      731       12      8AE       0
                text22                               30       30      15E        8       0
                text21                              6AC      6AC       20      8AE       0
                text20                              706      706       16      8AE       0
                text19                              4A8      4A8       46      8AE       0
                text18                              79D      79D        9      8AE       0
                text17                              794      794        9      8AE       0
                text16                              626      626       33      8AE       0
                text15                              218      218       7A        8       0
                text14                              743      743       10      8AE       0
                text13                              687      687       25      8AE       0
                text12                              292      292       68        8       0
                text11                              5EE      5EE       38      8AE       0
                text10                              457      457       51      8AE       0
                text9                               76D      76D        B      8AE       0
                text8                               532      532       42      8AE       0
                text7                               753      753        D      8AE       0
                text6                               659      659       2E      8AE       0
                text5                               78B      78B        9      8AE       0
                text4                               782      782        9      8AE       0
                text3                               778      778        A      8AE       0
                text2                               35B      35B       5C        8       0
                text1                               2FA      2FA       61        8       0
                maintext                            18E      18E       8A        8       0
                cstackBANK0                          3D       3D       1C       20       1
                cstackCOMMON                         70       70        A       70       1
                clrtext                             7AF      7AF        8      8AE       0
                dataBANK0                            59       59        3       20       1
                bssBANK0                             20       20       1D       20       1
                bssCOMMON                            7A       7A        2       70       1
                strings                             400      400       57      800       0
                idataBANK0                          7B7      7B7        3      8AE       0

TOTAL           Name                               Link     Load   Length     Space
        CLASS   CODE           
                end_init                              C        C        3         0
                cinit                                 F        F       21         0
                intentry                              4        4        8         0
                reset_vec                             0        0        3         0
                text31                              6CC      6CC       20         0
                text30                              574      574       3E         0
                text29                              6EC      6EC       1A         0
                text28                              760      760        D         0
                text27                              7A6      7A6        9         0
                text26                              71C      71C       15         0
                text25                              4EE      4EE       44         0
                text24                              5B2      5B2       3C         0
                text23                              731      731       12         0
                text22                               30       30      15E         0
                text21                              6AC      6AC       20         0
                text20                              706      706       16         0
                text19                              4A8      4A8       46         0
                text18                              79D      79D        9         0
                text17                              794      794        9         0
                text16                              626      626       33         0
                text15                              218      218       7A         0
                text14                              743      743       10         0
                text13                              687      687       25         0
                text12                              292      292       68         0
                text11                              5EE      5EE       38         0
                text10                              457      457       51         0
                text9                               76D      76D        B         0
                text8                               532      532       42         0
                text7                               753      753        D         0
                text6                               659      659       2E         0
                text5                               78B      78B        9         0
                text4                               782      782        9         0
                text3                               778      778        A         0
                text2                               35B      35B       5C         0
                text1                               2FA      2FA       61         0
                maintext                            18E      18E       8A         0
                clrtext                             7AF      7AF        8         0
                idataBANK0                          7B7      7B7        3         0

        CLASS   STRCODE        

        CLASS   STRING         
                strings                             400      400       57         0

        CLASS   CONST          

        CLASS   ENTRY          

        CLASS   COMMON         
                cstackCOMMON                         70       70        A         1
                bssCOMMON                            7A       7A        2         1

        CLASS   BANK0          
                cstackBANK0                          3D       3D       1C         1
                dataBANK0                            59       59        3         1
                bssBANK0                             20       20       1D         1

        CLASS   BANK1          

        CLASS   BANK2          

        CLASS   BANK3          

        CLASS   RAM            

        CLASS   ABS1           
                abs_s1                               7E       7E        2         1

        CLASS   SFR0           

        CLASS   SFR1           

        CLASS   SFR2           

        CLASS   SFR3           

        CLASS   CONFIG         
                config                             2007     2007        2         4

        CLASS   IDLOC          
                idloc                              2000     2000        4         5

        CLASS   EEDATA         

        CLASS   STACK          



SEGMENTS        Name                           Load    Length   Top    Selector   Space  Class     Delta

                reset_vec                      000000  000003  000003         0       0  CODE        2
                intentry                       000004  0003B3  0003B7         8       0  CODE        2
                bssBANK0                       000020  00003C  00005C        20       1  BANK0       1
                cstackCOMMON                   000070  00000C  00007C        70       1  COMMON      1
                strings                        000400  000057  000457       800       0  STRING      2
                text10                         000457  000363  0007BA       8AE       0  CODE        2


UNUSED ADDRESS RANGES

        Name                Unused          Largest block    Delta
        BANK0            005C-006F             14           1
        BANK1            00A0-00EF             50           1
        BANK2            0110-016F             60           1
        BANK3            0190-01EF             60           1
        CODE             0003-0003              1           2
                         03B7-03FF             49
                         07BA-1FFF            800
        COMMON           007C-007D              2           1
        CONST            0003-0003              1           2
                         03B7-03FF             49
                         07BA-1FFF            100
        EEDATA           2100-21FF            100           2
        ENTRY            0003-0003              1           2
                         03B7-03FF             49
                         07BA-1FFF            100
        RAM              005C-006F             14           1
                         00A0-00EF             50
                         0110-016F             60
                         0190-01EF             60
        SFR0             0000-001F             20           1
        SFR1             0080-009F             20           1
        SFR2             0100-010F             10           1
        SFR3             0180-018F             10           1
        STRCODE          0003-0003              1           2
                         03B7-03FF             49
                         07BA-1FFF           1846
        STRING           0003-0003              1           2
                         03B7-03FF             49
                         07BA-1FFF            100

                                  Symbol Table

?_I2C_Master_Read            cstackCOMMON 0072
?___lldiv                    cstackCOMMON 0072
?___lwdiv                    cstackCOMMON 0072
?___lwmod                    cstackBANK0  003D
?_sprintf                    cstackBANK0  0041
I2C_Master_Init@c            cstackBANK0  0043
I2C_Master_Read@a            cstackCOMMON 0072
I2C_Master_Read@temp         cstackCOMMON 0076
I2C_Master_Write@d           cstackCOMMON 0072
Lcd_Cmd@a                    cstackCOMMON 0075
Lcd_Port@a                   cstackCOMMON 0072
Lcd_Set_Cursor@a             cstackCOMMON 0077
Lcd_Set_Cursor@b             cstackCOMMON 0076
Lcd_Set_Cursor@temp          cstackCOMMON 0078
Lcd_Write_Char@a             cstackCOMMON 0074
Lcd_Write_String@a           cstackCOMMON 0075
Lcd_Write_String@i           cstackBANK0  003D
_ANSEL                       (abs)        0188
_ANSELH                      (abs)        0189
_BAUDCTLbits                 (abs)        0187
_CREN                        (abs)        00C4
_EEADR                       (abs)        010D
_EECON1bits                  (abs)        018C
_EECON2                      (abs)        018D
_EEDAT                       (abs)        010C
_GIE                         (abs)        005F
_I2C_Master_Init             text11       05EE
_I2C_Master_Read             text6        0659
_I2C_Master_Start            text5        078B
_I2C_Master_Stop             text4        0782
_I2C_Master_Wait             text7        0753
_I2C_Master_Write            text3        0778
_INTCONbits                  (abs)        000B
_IOCBbits                    (abs)        0096
_LCDprint                    text15       0218
_Lcd_Clear                   text28       0760
_Lcd_Cmd                     text29       06EC
_Lcd_Init                    text10       0457
_Lcd_Port                    text30       0574
_Lcd_Set_Cursor              text21       06AC
_Lcd_Write_Char              text20       0706
_Lcd_Write_String            text19       04A8
_OERR                        (abs)        00C1
_OPTION_REGbits              (abs)        0081
_OSCCONbits                  (abs)        008F
_OnOff                       dataBANK0    0059
_PEIE                        (abs)        005E
_PIR1bits                    (abs)        000C
_PIR2bits                    (abs)        000D
_PORTA                       (abs)        0005
_PORTB                       (abs)        0006
_PORTC                       (abs)        0007
_PORTD                       (abs)        0008
_RA0                         (abs)        0028
_RA1                         (abs)        0029
_RA2                         (abs)        002A
_RA3                         (abs)        002B
_RA4                         (abs)        002C
_RA5                         (abs)        002D
_RB0                         (abs)        0030
_RBIF                        (abs)        0058
_RC0                         (abs)        0038
_RC1                         (abs)        0039
_RCIF                        (abs)        0065
_RCREG                       (abs)        001A
_RCSTAbits                   (abs)        0018
_RD0                         (abs)        0040
_RD1                         (abs)        0041
_RD2                         (abs)        0042
_RD3                         (abs)        0043
_RD4                         (abs)        0044
_RD5                         (abs)        0045
_RD6                         (abs)        0046
_RD7                         (abs)        0047
_SPBRG                       (abs)        0099
_SPBRGH                      (abs)        009A
_SSPADD                      (abs)        0093
_SSPBUF                      (abs)        0013
_SSPCON                      (abs)        0014
_SSPCON2                     (abs)        0091
_SSPCON2bits                 (abs)        0091
_SSPIE                       (abs)        0463
_SSPIF                       (abs)        0063
_SSPSTAT                     (abs)        0094
_TRISA                       (abs)        0085
_TRISB                       (abs)        0086
_TRISC                       (abs)        0087
_TRISC3                      (abs)        043B
_TRISC4                      (abs)        043C
_TRISCbits                   (abs)        0087
_TRISD                       (abs)        0088
_TXREG                       (abs)        0019
_TXSTAbits                   (abs)        0098
_UARTcounter                 bssBANK0     0026
_WPUBbits                    (abs)        0095
__H__absolute__              __absolute__ 0000
__Habs1                      abs1         0000
__Hbank0                     bank0        0000
__Hbank1                     bank1        0000
__Hbank2                     bank2        0000
__Hbank3                     bank3        0000
__HbssBANK0                  bssBANK0     0000
__HbssCOMMON                 bssCOMMON    0000
__Hcinit                     cinit        0030
__Hclrtext                   clrtext      0000
__Hcode                      code         0000
__Hcommon                    common       0000
__Hconfig                    config       2009
__HcstackBANK0               cstackBANK0  0000
__HcstackCOMMON              cstackCOMMON 0000
__HdataBANK0                 dataBANK0    0000
__Heeprom_data               eeprom_data  0000
__Hend_init                  end_init     000F
__Hfunctab                   functab      0000
__HidataBANK0                idataBANK0   0000
__Hidloc                     idloc        2004
__Hinit                      init         000C
__Hintentry                  intentry     000C
__Hmaintext                  maintext     0000
__Hpowerup                   powerup      0000
__Hram                       ram          0000
__Hreset_vec                 reset_vec    0003
__Hsfr0                      sfr0         0000
__Hsfr1                      sfr1         0000
__Hsfr2                      sfr2         0000
__Hsfr3                      sfr3         0000
__Hspace_0                   (abs)        07BA
__Hspace_1                   (abs)        007C
__Hspace_2                   (abs)        0000
__Hspace_3                   (abs)        0000
__Hspace_4                   (abs)        4010
__Hstack                     stack        0000
__Hstrings                   strings      0000
__Htext                      text         0000
__L__absolute__              __absolute__ 0000
__Labs1                      abs1         0000
__Lbank0                     bank0        0000
__Lbank1                     bank1        0000
__Lbank2                     bank2        0000
__Lbank3                     bank3        0000
__LbssBANK0                  bssBANK0     0000
__LbssCOMMON                 bssCOMMON    0000
__Lcinit                     cinit        000F
__Lclrtext                   clrtext      0000
__Lcode                      code         0000
__Lcommon                    common       0000
__Lconfig                    config       0000
__LcstackBANK0               cstackBANK0  0000
__LcstackCOMMON              cstackCOMMON 0000
__LdataBANK0                 dataBANK0    0000
__Leeprom_data               eeprom_data  0000
__Lend_init                  end_init     000C
__Lfunctab                   functab      0000
__LidataBANK0                idataBANK0   0000
__Lidloc                     idloc        0000
__Linit                      init         000C
__Lintentry                  intentry     0004
__Lmaintext                  maintext     0000
__Lpowerup                   powerup      0000
__Lram                       ram          0000
__Lreset_vec                 reset_vec    0000
__Lsfr0                      sfr0         0000
__Lsfr1                      sfr1         0000
__Lsfr2                      sfr2         0000
__Lsfr3                      sfr3         0000
__Lspace_0                   (abs)        0000
__Lspace_1                   (abs)        0000
__Lspace_2                   (abs)        0000
__Lspace_3                   (abs)        0000
__Lspace_4                   (abs)        0000
__Lstack                     stack        0000
__Lstrings                   strings      0000
__Ltext                      text         0000
__S0                         (abs)        07BA
__S1                         (abs)        007C
__S3                         (abs)        0000
___bmul                      text26       071C
___bmul@multiplicand         cstackCOMMON 0072
___bmul@multiplier           cstackCOMMON 0074
___bmul@product              cstackCOMMON 0073
___int_sp                    stack        0000
___latbits                   (abs)        0002
___lldiv                     text12       0292
___lldiv@counter             cstackBANK0  0042
___lldiv@dividend            cstackCOMMON 0076
___lldiv@divisor             cstackCOMMON 0072
___lldiv@quotient            cstackBANK0  003E
___lwdiv                     text25       04EE
___lwdiv@counter             cstackCOMMON 0078
___lwdiv@dividend            cstackCOMMON 0074
___lwdiv@divisor             cstackCOMMON 0072
___lwdiv@quotient            cstackCOMMON 0076
___lwmod                     text24       05B2
___lwmod@counter             cstackCOMMON 0079
___lwmod@dividend            cstackBANK0  003F
___lwmod@divisor             cstackBANK0  003D
___sp                        stack        0000
___stackhi                   (abs)        0000
___stacklo                   (abs)        0000
__end_of_I2C_Master_Init     text11       0626
__end_of_I2C_Master_Read     text6        0687
__end_of_I2C_Master_Start    text5        0794
__end_of_I2C_Master_Stop     text4        078B
__end_of_I2C_Master_Wait     text7        0760
__end_of_I2C_Master_Write    text3        0782
__end_of_LCDprint            text15       0292
__end_of_Lcd_Clear           text28       076D
__end_of_Lcd_Cmd             text29       0706
__end_of_Lcd_Init            text10       04A8
__end_of_Lcd_Port            text30       05B2
__end_of_Lcd_Set_Cursor      text21       06CC
__end_of_Lcd_Write_Char      text20       071C
__end_of_Lcd_Write_String    text19       04EE
__end_of___bmul              text26       0731
__end_of___lldiv             text12       02FA
__end_of___lwdiv             text25       0532
__end_of___lwmod             text24       05EE
__end_of__initialization     cinit        002C
__end_of__stringtab          strings      0410
__end_of_dcForward           text18       07A6
__end_of_dcRight             text17       079D
__end_of_dcStop              text27       07AF
__end_of_dpowers             strings      041A
__end_of_enviocadena         text13       06AC
__end_of_enviocaracter       text14       0753
__end_of_ioc_init            text9        0778
__end_of_isdigit             text23       0743
__end_of_isr                 text31       06EC
__end_of_main                maintext     0218
__end_of_setup               text8        0574
__end_of_slave1Communication text2        03B7
__end_of_slave2Communication text1        035B
__end_of_sprintf             text22       018E
__end_of_usSensor            text16       0659
__initialization             cinit        000F
__pbssBANK0                  bssBANK0     0020
__pbssCOMMON                 bssCOMMON    007A
__pcstackBANK0               cstackBANK0  003D
__pcstackCOMMON              cstackCOMMON 0070
__pdataBANK0                 dataBANK0    0059
__pidataBANK0                idataBANK0   07B7
__pintentry                  intentry     0004
__pmaintext                  maintext     018E
__pstrings                   strings      0400
__ptext1                     text1        02FA
__ptext10                    text10       0457
__ptext11                    text11       05EE
__ptext12                    text12       0292
__ptext13                    text13       0687
__ptext14                    text14       0743
__ptext15                    text15       0218
__ptext16                    text16       0626
__ptext17                    text17       0794
__ptext18                    text18       079D
__ptext19                    text19       04A8
__ptext2                     text2        035B
__ptext20                    text20       0706
__ptext21                    text21       06AC
__ptext22                    text22       0030
__ptext23                    text23       0731
__ptext24                    text24       05B2
__ptext25                    text25       04EE
__ptext26                    text26       071C
__ptext27                    text27       07A6
__ptext28                    text28       0760
__ptext29                    text29       06EC
__ptext3                     text3        0778
__ptext30                    text30       0574
__ptext31                    text31       06CC
__ptext4                     text4        0782
__ptext5                     text5        078B
__ptext6                     text6        0659
__ptext7                     text7        0753
__ptext8                     text8        0532
__ptext9                     text9        076D
__stringbase                 strings      040F
__stringtab                  strings      0400
_dcForward                   text18       079D
_dcRight                     text17       0794
_dcStop                      text27       07A6
_dpowers                     strings      0410
_enviocadena                 text13       0687
_enviocaracter               text14       0743
_fanOnOff                    dataBANK0    005B
_fsrValue                    bssBANK0     002B
_ioc_init                    text9        076D
_isdigit                     text23       0731
_isdigit$1165                cstackCOMMON 0072
_isr                         text31       06CC
_lineLCD                     bssBANK0     002D
_main                        maintext     018E
_setup                       text8        0532
_slave1Communication         text2        035B
_slave2Communication         text1        02FA
_sprintf                     text22       0030
_toESP                       bssCOMMON    007A
_ultrasonicValue             bssCOMMON    007B
_usSensor                    text16       0626
btemp                        (abs)        007E
clear_ram0                   clrtext      07AF
end_of_initialization        cinit        002C
enviocadena@cadena           cstackCOMMON 0073
enviocaracter@a              cstackCOMMON 0072
interrupt_function           intentry     0004
intlevel0                    functab      0000
intlevel1                    functab      0000
intlevel2                    functab      0000
intlevel3                    functab      0000
intlevel4                    functab      0000
intlevel5                    functab      0000
isdigit@c                    cstackCOMMON 0073
reset_vec                    reset_vec    0000
saved_w                      (abs)        007E
slave1Communication@valueS1  cstackCOMMON 0078
slave2Communication@valueS2  cstackCOMMON 0078
sprintf@ap                   cstackBANK0  004B
sprintf@c                    cstackBANK0  0050
sprintf@f                    cstackBANK0  0043
sprintf@flag                 cstackBANK0  004C
sprintf@prec                 cstackBANK0  004F
sprintf@sp                   cstackBANK0  0041
sprintf@val                  cstackBANK0  004D
start                        init         000C
start_initialization         cinit        000F
wtemp0                       (abs)        007E


MODULE INFORMATION

Module		Function		Class		Link	Load	Size
E:/Universidad/Semestre2_2023/Digital-2/Proyecto1/Master/MasterPIC.X/I2C.c
		_I2C_Master_Read		CODE           	0659	0000	46
		_I2C_Master_Wait		CODE           	0753	0000	13
		_I2C_Master_Init		CODE           	05EE	0000	56
		_I2C_Master_Stop		CODE           	0782	0000	9
		_I2C_Master_Write		CODE           	0778	0000	10
		_I2C_Master_Start		CODE           	078B	0000	9

E:/Universidad/Semestre2_2023/Digital-2/Proyecto1/Master/MasterPIC.X/I2C.c estimated size: 143

E:/Universidad/Semestre2_2023/Digital-2/Proyecto1/Master/MasterPIC.X/MasterPIC.c
		_slave2Communication		CODE           	02FA	0000	97
		_dcForward     		CODE           	079D	0000	9
		_dcRight       		CODE           	0794	0000	9
		_ioc_init      		CODE           	076D	0000	11
		_LCDprint      		CODE           	0218	0000	122
		_main          		CODE           	018E	0000	138
		_dcStop        		CODE           	07A6	0000	9
		_isr           		CODE           	06CC	0000	32
		_slave1Communication		CODE           	035B	0000	92
		_setup         		CODE           	0532	0000	66
		_usSensor      		CODE           	0626	0000	51

E:/Universidad/Semestre2_2023/Digital-2/Proyecto1/Master/MasterPIC.X/MasterPIC.c estimated size: 636

C:\Program Files\Microchip\xc8\v2.41\pic\sources\c90\common\lwdiv.c
		___lwdiv       		CODE           	04EE	0000	68

C:\Program Files\Microchip\xc8\v2.41\pic\sources\c90\common\lwdiv.c estimated size: 68

C:\Program Files\Microchip\xc8\v2.41\pic\sources\c90\common\__lldiv.c
		___lldiv       		CODE           	0292	0000	104

C:\Program Files\Microchip\xc8\v2.41\pic\sources\c90\common\__lldiv.c estimated size: 104

C:\Program Files\Microchip\xc8\v2.41\pic\sources\c90\common\Umul8.c
		___bmul        		CODE           	071C	0000	21

C:\Program Files\Microchip\xc8\v2.41\pic\sources\c90\common\Umul8.c estimated size: 21

C:\Program Files\Microchip\xc8\v2.41\pic\sources\c90\common\isdigit.c
		_isdigit       		CODE           	0731	0000	18

C:\Program Files\Microchip\xc8\v2.41\pic\sources\c90\common\isdigit.c estimated size: 18

shared
		__stringtab    		STRING         	0400	0000	16
		_dpowers       		STRING         	0410	0000	10
		__initialization		CODE           	000F	0000	29

shared estimated size: 55

E:/Universidad/Semestre2_2023/Digital-2/Proyecto1/Master/MasterPIC.X/LCD.c
		_Lcd_Write_String		CODE           	04A8	0000	70
		_Lcd_Init      		CODE           	0457	0000	81
		_Lcd_Write_Char		CODE           	0706	0000	22
		_Lcd_Cmd       		CODE           	06EC	0000	26
		_Lcd_Set_Cursor		CODE           	06AC	0000	32
		_Lcd_Clear     		CODE           	0760	0000	13
		_Lcd_Port      		CODE           	0574	0000	62

E:/Universidad/Semestre2_2023/Digital-2/Proyecto1/Master/MasterPIC.X/LCD.c estimated size: 306

E:/Universidad/Semestre2_2023/Digital-2/Proyecto1/Master/MasterPIC.X/USART.c
		_enviocadena   		CODE           	0687	0000	37
		_enviocaracter 		CODE           	0743	0000	16

E:/Universidad/Semestre2_2023/Digital-2/Proyecto1/Master/MasterPIC.X/USART.c estimated size: 53

C:\Program Files\Microchip\xc8\v2.41\pic\sources\c90\common\doprnt.c
		_sprintf       		CODE           	0030	0000	350

C:\Program Files\Microchip\xc8\v2.41\pic\sources\c90\common\doprnt.c estimated size: 350

C:\Program Files\Microchip\xc8\v2.41\pic\sources\c90\common\lwmod.c
		___lwmod       		CODE           	05B2	0000	60

C:\Program Files\Microchip\xc8\v2.41\pic\sources\c90\common\lwmod.c estimated size: 60

