Microchip MPLAB XC8 Compiler V2.41

Linker command line:

-W-3 \
  --edf=C:\Program Files\Microchip\xc8\v2.41\pic\dat\20230208172133_en.msgs \
  -cn -h+dist/default/production\MasterPIC.X.production.sym \
  --cmf=dist/default/production\MasterPIC.X.production.cmf -z -Q16F887 \
  -oC:\Users\WMGWW\AppData\Local\Temp\xcAs13kc.\driver_tmp_3.o \
  --defsym=__MPLAB_BUILD=1 --fixupoverflow=error \
  -Mdist/default/production/MasterPIC.X.production.map \
  --md=C:\Users\WMGWW\AppData\Local\Temp\xcAs13kc.\driver_tmp_0.dat -E1 \
  -ver=XC8 Compiler --acfsm=1493 -ACODE=00h-07FFhx4 -ASTRCODE=00h-01FFFh \
  -ASTRING=00h-0FFhx32 -ACONST=00h-0FFhx32 -AENTRY=00h-0FFhx32 \
  -ACOMMON=070h-07Fh -ABANK0=020h-06Fh -ABANK1=0A0h-0EFh \
  -ABANK2=0110h-016Fh -ABANK3=0190h-01EFh \
  -ARAM=020h-06Fh,0A0h-0EFh,0110h-016Fh,0190h-01EFh \
  -AABS1=020h-07Fh,0A0h-0EFh,0110h-016Fh,0190h-01EFh -ASFR0=00h-01Fh \
  -ASFR1=080h-09Fh -ASFR2=0100h-010Fh -ASFR3=0180h-018Fh \
  -ACONFIG=02007h-02008h -DCONFIG=2 -AIDLOC=02000h-02003h -DIDLOC=2 \
  -AEEDATA=00h-0FFh/02100h -peeprom_data=EEDATA -DEEDATA=2 -DCODE=2 \
  -DSTRCODE=2 -DSTRING=2 -DCONST=2 -DENTRY=2 \
  -preset_vec=00h,intentry=04h,init,end_init -ppowerup=CODE -pcinit=CODE \
  -pfunctab=ENTRY -k \
  C:\Users\WMGWW\AppData\Local\Temp\xcAs13kc.\driver_tmp_17.o \
  dist/default/production\MasterPIC.X.production.o 

Object code version is 3.11

Machine type is 16F887



                Name                               Link     Load   Length Selector   Space Scale
C:\Users\WMGWW\AppData\Local\Temp\xcAs13kc.\driver_tmp_17.o
                end_init                              C        C        3        8       0
                reset_vec                             0        0        3        0       0
                config                             2007     2007        2        0       4
                idloc                              2000     2000        4        0       5
dist/default/production\MasterPIC.X.production.o
                cinit                                 F        F       15        8       0
                intentry                              4        4        8        8       0
                config                             2007     2007        2        0       4
                idloc                              2000     2000        4        0       5
                text31                              632      632       20      888       0
                text30                              50B      50B       3E      888       0
                text29                              652      652       1A      888       0
                text28                              6C6      6C6        D      888       0
                text27                              682      682       15      888       0
                text26                              444      444       44      888       0
                text25                              549      549       3C      888       0
                text24                              697      697       12      888       0
                text23                               24       24      153        8       0
                text22                              612      612       20      888       0
                text21                              66C      66C       16      888       0
                text20                              361      361       46        8       0
                text19                              70C      70C        9      888       0
                text18                              703      703        9      888       0
                text17                              6FA      6FA        9      888       0
                text16                              4CA      4CA       41      888       0
                text15                              177      177       74        8       0
                text14                              6A9      6A9       10      888       0
                text13                              5EB      5EB       27      888       0
                text12                              1EB      1EB       68        8       0
                text11                              585      585       38      888       0
                text10                              310      310       51        8       0
                text9                               6D3      6D3        B      888       0
                text8                               488      488       42      888       0
                text7                               6B9      6B9        D      888       0
                text6                               5BD      5BD       2E      888       0
                text5                               6F1      6F1        9      888       0
                text4                               6E8      6E8        9      888       0
                text3                               6DE      6DE        A      888       0
                text2                               2B4      2B4       5C        8       0
                text1                               253      253       61        8       0
                maintext                            3A7      3A7       45        8       0
                cstackBANK0                          40       40       16       20       1
                cstackCOMMON                         70       70        A       70       1
                clrtext                             715      715        8      888       0
                dataBANK0                            56       56        1       20       1
                bssBANK0                             20       20       20       20       1
                bssCOMMON                            7A       7A        2       70       1
                strings                             400      400       44      800       0
                idataBANK0                          71D      71D        1      888       0

TOTAL           Name                               Link     Load   Length     Space
        CLASS   CODE           
                end_init                              C        C        3         0
                cinit                                 F        F       15         0
                intentry                              4        4        8         0
                reset_vec                             0        0        3         0
                text31                              632      632       20         0
                text30                              50B      50B       3E         0
                text29                              652      652       1A         0
                text28                              6C6      6C6        D         0
                text27                              682      682       15         0
                text26                              444      444       44         0
                text25                              549      549       3C         0
                text24                              697      697       12         0
                text23                               24       24      153         0
                text22                              612      612       20         0
                text21                              66C      66C       16         0
                text20                              361      361       46         0
                text19                              70C      70C        9         0
                text18                              703      703        9         0
                text17                              6FA      6FA        9         0
                text16                              4CA      4CA       41         0
                text15                              177      177       74         0
                text14                              6A9      6A9       10         0
                text13                              5EB      5EB       27         0
                text12                              1EB      1EB       68         0
                text11                              585      585       38         0
                text10                              310      310       51         0
                text9                               6D3      6D3        B         0
                text8                               488      488       42         0
                text7                               6B9      6B9        D         0
                text6                               5BD      5BD       2E         0
                text5                               6F1      6F1        9         0
                text4                               6E8      6E8        9         0
                text3                               6DE      6DE        A         0
                text2                               2B4      2B4       5C         0
                text1                               253      253       61         0
                maintext                            3A7      3A7       45         0
                clrtext                             715      715        8         0
                idataBANK0                          71D      71D        1         0

        CLASS   STRCODE        

        CLASS   STRING         
                strings                             400      400       44         0

        CLASS   CONST          

        CLASS   ENTRY          

        CLASS   COMMON         
                cstackCOMMON                         70       70        A         1
                bssCOMMON                            7A       7A        2         1

        CLASS   BANK0          
                cstackBANK0                          40       40       16         1
                dataBANK0                            56       56        1         1
                bssBANK0                             20       20       20         1

        CLASS   BANK1          

        CLASS   BANK2          

        CLASS   BANK3          

        CLASS   RAM            

        CLASS   ABS1           
                abs_s1                               7E       7E        2         1

        CLASS   SFR0           

        CLASS   SFR1           

        CLASS   SFR2           

        CLASS   SFR3           

        CLASS   CONFIG         
                config                             2007     2007        2         4

        CLASS   IDLOC          
                idloc                              2000     2000        4         5

        CLASS   EEDATA         

        CLASS   STACK          



SEGMENTS        Name                           Load    Length   Top    Selector   Space  Class     Delta

                reset_vec                      000000  000003  000003         0       0  CODE        2
                intentry                       000004  0003E8  0003EC         8       0  CODE        2
                bssBANK0                       000020  000037  000057        20       1  BANK0       1
                cstackCOMMON                   000070  00000C  00007C        70       1  COMMON      1
                strings                        000400  000044  000444       800       0  STRING      2
                text26                         000444  0002DA  00071E       888       0  CODE        2


UNUSED ADDRESS RANGES

        Name                Unused          Largest block    Delta
        BANK0            0057-006F             19           1
        BANK1            00A0-00EF             50           1
        BANK2            0110-016F             60           1
        BANK3            0190-01EF             60           1
        CODE             0003-0003              1           2
                         03EC-03FF             14
                         071E-1FFF            800
        COMMON           007C-007D              2           1
        CONST            0003-0003              1           2
                         03EC-03FF             14
                         071E-1FFF            100
        EEDATA           2100-21FF            100           2
        ENTRY            0003-0003              1           2
                         03EC-03FF             14
                         071E-1FFF            100
        RAM              0057-006F             19           1
                         00A0-00EF             50
                         0110-016F             60
                         0190-01EF             60
        SFR0             0000-001F             20           1
        SFR1             0080-009F             20           1
        SFR2             0100-010F             10           1
        SFR3             0180-018F             10           1
        STRCODE          0003-0003              1           2
                         03EC-03FF             14
                         071E-1FFF           18E2
        STRING           0003-0003              1           2
                         03EC-03FF             14
                         071E-1FFF            100

                                  Symbol Table

?_I2C_Master_Read            cstackCOMMON 0072
?___lldiv                    cstackCOMMON 0072
?___lwdiv                    cstackCOMMON 0072
?___lwmod                    cstackBANK0  0040
?_sprintf                    cstackBANK0  0044
I2C_Master_Init@c            cstackBANK0  0046
I2C_Master_Read@a            cstackCOMMON 0072
I2C_Master_Read@temp         cstackCOMMON 0076
I2C_Master_Write@d           cstackCOMMON 0072
Lcd_Cmd@a                    cstackCOMMON 0075
Lcd_Port@a                   cstackCOMMON 0072
Lcd_Set_Cursor@a             cstackCOMMON 0077
Lcd_Set_Cursor@b             cstackCOMMON 0076
Lcd_Set_Cursor@temp          cstackCOMMON 0078
Lcd_Write_Char@a             cstackCOMMON 0074
Lcd_Write_String@a           cstackCOMMON 0075
Lcd_Write_String@i           cstackBANK0  0040
_ANSEL                       (abs)        0188
_ANSELH                      (abs)        0189
_BAUDCTLbits                 (abs)        0187
_CREN                        (abs)        00C4
_EEADR                       (abs)        010D
_EECON1bits                  (abs)        018C
_EECON2                      (abs)        018D
_EEDAT                       (abs)        010C
_GIE                         (abs)        005F
_I2C_Master_Init             text11       0585
_I2C_Master_Read             text6        05BD
_I2C_Master_Start            text5        06F1
_I2C_Master_Stop             text4        06E8
_I2C_Master_Wait             text7        06B9
_I2C_Master_Write            text3        06DE
_INTCONbits                  (abs)        000B
_IOCBbits                    (abs)        0096
_LCDprint                    text15       0177
_Lcd_Clear                   text28       06C6
_Lcd_Cmd                     text29       0652
_Lcd_Init                    text10       0310
_Lcd_Port                    text30       050B
_Lcd_Set_Cursor              text22       0612
_Lcd_Write_Char              text21       066C
_Lcd_Write_String            text20       0361
_OERR                        (abs)        00C1
_OPTION_REGbits              (abs)        0081
_OSCCONbits                  (abs)        008F
_OnOff                       bssCOMMON    007A
_PEIE                        (abs)        005E
_PIR1bits                    (abs)        000C
_PIR2bits                    (abs)        000D
_PORTA                       (abs)        0005
_PORTB                       (abs)        0006
_PORTC                       (abs)        0007
_PORTD                       (abs)        0008
_RA0                         (abs)        0028
_RA1                         (abs)        0029
_RA2                         (abs)        002A
_RA3                         (abs)        002B
_RA4                         (abs)        002C
_RA5                         (abs)        002D
_RB0                         (abs)        0030
_RBIF                        (abs)        0058
_RC0                         (abs)        0038
_RC1                         (abs)        0039
_RCIF                        (abs)        0065
_RCREG                       (abs)        001A
_RCSTAbits                   (abs)        0018
_RD0                         (abs)        0040
_RD1                         (abs)        0041
_RD2                         (abs)        0042
_RD3                         (abs)        0043
_RD4                         (abs)        0044
_RD5                         (abs)        0045
_RD6                         (abs)        0046
_RD7                         (abs)        0047
_SPBRG                       (abs)        0099
_SPBRGH                      (abs)        009A
_SSPADD                      (abs)        0093
_SSPBUF                      (abs)        0013
_SSPCON                      (abs)        0014
_SSPCON2                     (abs)        0091
_SSPCON2bits                 (abs)        0091
_SSPIE                       (abs)        0463
_SSPIF                       (abs)        0063
_SSPSTAT                     (abs)        0094
_TRISA                       (abs)        0085
_TRISB                       (abs)        0086
_TRISC                       (abs)        0087
_TRISC3                      (abs)        043B
_TRISC4                      (abs)        043C
_TRISCbits                   (abs)        0087
_TRISD                       (abs)        0088
_TXREG                       (abs)        0019
_TXSTAbits                   (abs)        0098
_UARTcounter                 bssBANK0     0026
_WPUBbits                    (abs)        0095
__H__absolute__              __absolute__ 0000
__Habs1                      abs1         0000
__Hbank0                     bank0        0000
__Hbank1                     bank1        0000
__Hbank2                     bank2        0000
__Hbank3                     bank3        0000
__HbssBANK0                  bssBANK0     0000
__HbssCOMMON                 bssCOMMON    0000
__Hcinit                     cinit        0024
__Hclrtext                   clrtext      0000
__Hcode                      code         0000
__Hcommon                    common       0000
__Hconfig                    config       2009
__HcstackBANK0               cstackBANK0  0000
__HcstackCOMMON              cstackCOMMON 0000
__HdataBANK0                 dataBANK0    0000
__Heeprom_data               eeprom_data  0000
__Hend_init                  end_init     000F
__Hfunctab                   functab      0000
__HidataBANK0                idataBANK0   0000
__Hidloc                     idloc        2004
__Hinit                      init         000C
__Hintentry                  intentry     000C
__Hmaintext                  maintext     0000
__Hpowerup                   powerup      0000
__Hram                       ram          0000
__Hreset_vec                 reset_vec    0003
__Hsfr0                      sfr0         0000
__Hsfr1                      sfr1         0000
__Hsfr2                      sfr2         0000
__Hsfr3                      sfr3         0000
__Hspace_0                   (abs)        071E
__Hspace_1                   (abs)        007C
__Hspace_2                   (abs)        0000
__Hspace_3                   (abs)        0000
__Hspace_4                   (abs)        4010
__Hstack                     stack        0000
__Hstrings                   strings      0000
__Htext                      text         0000
__L__absolute__              __absolute__ 0000
__Labs1                      abs1         0000
__Lbank0                     bank0        0000
__Lbank1                     bank1        0000
__Lbank2                     bank2        0000
__Lbank3                     bank3        0000
__LbssBANK0                  bssBANK0     0000
__LbssCOMMON                 bssCOMMON    0000
__Lcinit                     cinit        000F
__Lclrtext                   clrtext      0000
__Lcode                      code         0000
__Lcommon                    common       0000
__Lconfig                    config       0000
__LcstackBANK0               cstackBANK0  0000
__LcstackCOMMON              cstackCOMMON 0000
__LdataBANK0                 dataBANK0    0000
__Leeprom_data               eeprom_data  0000
__Lend_init                  end_init     000C
__Lfunctab                   functab      0000
__LidataBANK0                idataBANK0   0000
__Lidloc                     idloc        0000
__Linit                      init         000C
__Lintentry                  intentry     0004
__Lmaintext                  maintext     0000
__Lpowerup                   powerup      0000
__Lram                       ram          0000
__Lreset_vec                 reset_vec    0000
__Lsfr0                      sfr0         0000
__Lsfr1                      sfr1         0000
__Lsfr2                      sfr2         0000
__Lsfr3                      sfr3         0000
__Lspace_0                   (abs)        0000
__Lspace_1                   (abs)        0000
__Lspace_2                   (abs)        0000
__Lspace_3                   (abs)        0000
__Lspace_4                   (abs)        0000
__Lstack                     stack        0000
__Lstrings                   strings      0000
__Ltext                      text         0000
__S0                         (abs)        071E
__S1                         (abs)        007C
__S3                         (abs)        0000
___bmul                      text27       0682
___bmul@multiplicand         cstackCOMMON 0072
___bmul@multiplier           cstackCOMMON 0074
___bmul@product              cstackCOMMON 0073
___int_sp                    stack        0000
___latbits                   (abs)        0002
___lldiv                     text12       01EB
___lldiv@counter             cstackBANK0  0045
___lldiv@dividend            cstackCOMMON 0076
___lldiv@divisor             cstackCOMMON 0072
___lldiv@quotient            cstackBANK0  0041
___lwdiv                     text26       0444
___lwdiv@counter             cstackCOMMON 0078
___lwdiv@dividend            cstackCOMMON 0074
___lwdiv@divisor             cstackCOMMON 0072
___lwdiv@quotient            cstackCOMMON 0076
___lwmod                     text25       0549
___lwmod@counter             cstackCOMMON 0079
___lwmod@dividend            cstackBANK0  0042
___lwmod@divisor             cstackBANK0  0040
___sp                        stack        0000
___stackhi                   (abs)        0000
___stacklo                   (abs)        0000
__end_of_I2C_Master_Init     text11       05BD
__end_of_I2C_Master_Read     text6        05EB
__end_of_I2C_Master_Start    text5        06FA
__end_of_I2C_Master_Stop     text4        06F1
__end_of_I2C_Master_Wait     text7        06C6
__end_of_I2C_Master_Write    text3        06E8
__end_of_LCDprint            text15       01EB
__end_of_Lcd_Clear           text28       06D3
__end_of_Lcd_Cmd             text29       066C
__end_of_Lcd_Init            text10       0361
__end_of_Lcd_Port            text30       0549
__end_of_Lcd_Set_Cursor      text22       0632
__end_of_Lcd_Write_Char      text21       0682
__end_of_Lcd_Write_String    text20       03A7
__end_of___bmul              text27       0697
__end_of___lldiv             text12       0253
__end_of___lwdiv             text26       0488
__end_of___lwmod             text25       0585
__end_of__initialization     cinit        0020
__end_of__stringtab          strings      0410
__end_of_dcForward           text19       0715
__end_of_dcRight             text18       070C
__end_of_dcStop              text17       0703
__end_of_dpowers             strings      041A
__end_of_enviocadena         text13       0612
__end_of_enviocaracter       text14       06B9
__end_of_ioc_init            text9        06DE
__end_of_isdigit             text24       06A9
__end_of_isr                 text31       0652
__end_of_main                maintext     03EC
__end_of_setup               text8        04CA
__end_of_slave1Communication text2        0310
__end_of_slave2Communication text1        02B4
__end_of_sprintf             text23       0177
__end_of_usSensor            text16       050B
__initialization             cinit        000F
__pbssBANK0                  bssBANK0     0020
__pbssCOMMON                 bssCOMMON    007A
__pcstackBANK0               cstackBANK0  0040
__pcstackCOMMON              cstackCOMMON 0070
__pdataBANK0                 dataBANK0    0056
__pidataBANK0                idataBANK0   071D
__pintentry                  intentry     0004
__pmaintext                  maintext     03A7
__pstrings                   strings      0400
__ptext1                     text1        0253
__ptext10                    text10       0310
__ptext11                    text11       0585
__ptext12                    text12       01EB
__ptext13                    text13       05EB
__ptext14                    text14       06A9
__ptext15                    text15       0177
__ptext16                    text16       04CA
__ptext17                    text17       06FA
__ptext18                    text18       0703
__ptext19                    text19       070C
__ptext2                     text2        02B4
__ptext20                    text20       0361
__ptext21                    text21       066C
__ptext22                    text22       0612
__ptext23                    text23       0024
__ptext24                    text24       0697
__ptext25                    text25       0549
__ptext26                    text26       0444
__ptext27                    text27       0682
__ptext28                    text28       06C6
__ptext29                    text29       0652
__ptext3                     text3        06DE
__ptext30                    text30       050B
__ptext31                    text31       0632
__ptext4                     text4        06E8
__ptext5                     text5        06F1
__ptext6                     text6        05BD
__ptext7                     text7        06B9
__ptext8                     text8        0488
__ptext9                     text9        06D3
__stringbase                 strings      040F
__stringtab                  strings      0400
_dcForward                   text19       070C
_dcRight                     text18       0703
_dcStop                      text17       06FA
_dpowers                     strings      0410
_enviocadena                 text13       05EB
_enviocaracter               text14       06A9
_fanOnOff                    dataBANK0    0056
_fsrValue                    bssBANK0     002D
_ioc_init                    text9        06D3
_isdigit                     text24       0697
_isdigit$1166                cstackCOMMON 0072
_isr                         text31       0632
_lineLCD                     bssBANK0     0030
_main                        maintext     03A7
_setup                       text8        0488
_slave1Communication         text2        02B4
_slave2Communication         text1        0253
_sprintf                     text23       0024
_ultrasonicValue             bssBANK0     002E
_usSensor                    text16       04CA
btemp                        (abs)        007E
clear_ram0                   clrtext      0715
end_of_initialization        cinit        0020
enviocadena@cadena           cstackCOMMON 0073
enviocaracter@a              cstackCOMMON 0072
interrupt_function           intentry     0004
intlevel0                    functab      0000
intlevel1                    functab      0000
intlevel2                    functab      0000
intlevel3                    functab      0000
intlevel4                    functab      0000
intlevel5                    functab      0000
isdigit@c                    cstackCOMMON 0073
reset_vec                    reset_vec    0000
saved_w                      (abs)        007E
slave1Communication@valueS1  cstackCOMMON 0078
slave2Communication@valueS2  cstackCOMMON 0078
sprintf@ap                   cstackBANK0  004A
sprintf@c                    cstackBANK0  0050
sprintf@f                    cstackBANK0  0044
sprintf@flag                 cstackBANK0  004B
sprintf@prec                 cstackBANK0  004F
sprintf@sp                   cstackBANK0  004E
sprintf@val                  cstackBANK0  004C
start                        init         000C
start_initialization         cinit        000F
wtemp0                       (abs)        007E


MODULE INFORMATION

Module		Function		Class		Link	Load	Size
E:/Universidad/Semestre2_2023/Digital-2/Proyecto1/Master/MasterPIC.X/I2C.c
		_I2C_Master_Read		CODE           	05BD	0000	46
		_I2C_Master_Wait		CODE           	06B9	0000	13
		_I2C_Master_Init		CODE           	0585	0000	56
		_I2C_Master_Stop		CODE           	06E8	0000	9
		_I2C_Master_Write		CODE           	06DE	0000	10
		_I2C_Master_Start		CODE           	06F1	0000	9

E:/Universidad/Semestre2_2023/Digital-2/Proyecto1/Master/MasterPIC.X/I2C.c estimated size: 143

E:/Universidad/Semestre2_2023/Digital-2/Proyecto1/Master/MasterPIC.X/MasterPIC.c
		_slave2Communication		CODE           	0253	0000	97
		_dcForward     		CODE           	070C	0000	9
		_dcRight       		CODE           	0703	0000	9
		_ioc_init      		CODE           	06D3	0000	11
		_LCDprint      		CODE           	0177	0000	116
		_main          		CODE           	03A7	0000	69
		_dcStop        		CODE           	06FA	0000	9
		_isr           		CODE           	0632	0000	32
		_slave1Communication		CODE           	02B4	0000	92
		_setup         		CODE           	0488	0000	66
		_usSensor      		CODE           	04CA	0000	65

E:/Universidad/Semestre2_2023/Digital-2/Proyecto1/Master/MasterPIC.X/MasterPIC.c estimated size: 575

C:\Program Files\Microchip\xc8\v2.41\pic\sources\c90\common\lwdiv.c
		___lwdiv       		CODE           	0444	0000	68

C:\Program Files\Microchip\xc8\v2.41\pic\sources\c90\common\lwdiv.c estimated size: 68

C:\Program Files\Microchip\xc8\v2.41\pic\sources\c90\common\__lldiv.c
		___lldiv       		CODE           	01EB	0000	104

C:\Program Files\Microchip\xc8\v2.41\pic\sources\c90\common\__lldiv.c estimated size: 104

C:\Program Files\Microchip\xc8\v2.41\pic\sources\c90\common\Umul8.c
		___bmul        		CODE           	0682	0000	21

C:\Program Files\Microchip\xc8\v2.41\pic\sources\c90\common\Umul8.c estimated size: 21

C:\Program Files\Microchip\xc8\v2.41\pic\sources\c90\common\isdigit.c
		_isdigit       		CODE           	0697	0000	18

C:\Program Files\Microchip\xc8\v2.41\pic\sources\c90\common\isdigit.c estimated size: 18

shared
		__stringtab    		STRING         	0400	0000	16
		_dpowers       		STRING         	0410	0000	10
		__initialization		CODE           	000F	0000	17

shared estimated size: 43

E:/Universidad/Semestre2_2023/Digital-2/Proyecto1/Master/MasterPIC.X/LCD.c
		_Lcd_Write_String		CODE           	0361	0000	70
		_Lcd_Init      		CODE           	0310	0000	81
		_Lcd_Write_Char		CODE           	066C	0000	22
		_Lcd_Cmd       		CODE           	0652	0000	26
		_Lcd_Set_Cursor		CODE           	0612	0000	32
		_Lcd_Clear     		CODE           	06C6	0000	13
		_Lcd_Port      		CODE           	050B	0000	62

E:/Universidad/Semestre2_2023/Digital-2/Proyecto1/Master/MasterPIC.X/LCD.c estimated size: 306

E:/Universidad/Semestre2_2023/Digital-2/Proyecto1/Master/MasterPIC.X/USART.c
		_enviocadena   		CODE           	05EB	0000	39
		_enviocaracter 		CODE           	06A9	0000	16

E:/Universidad/Semestre2_2023/Digital-2/Proyecto1/Master/MasterPIC.X/USART.c estimated size: 55

C:\Program Files\Microchip\xc8\v2.41\pic\sources\c90\common\doprnt.c
		_sprintf       		CODE           	0024	0000	339

C:\Program Files\Microchip\xc8\v2.41\pic\sources\c90\common\doprnt.c estimated size: 339

C:\Program Files\Microchip\xc8\v2.41\pic\sources\c90\common\lwmod.c
		___lwmod       		CODE           	0549	0000	60

C:\Program Files\Microchip\xc8\v2.41\pic\sources\c90\common\lwmod.c estimated size: 60

