Microchip MPLAB XC8 Compiler V2.41

Linker command line:

-W-3 \
  --edf=C:\Program Files\Microchip\xc8\v2.41\pic\dat\20230208172133_en.msgs \
  -cn -h+dist/default/production\MasterPIC.X.production.sym \
  --cmf=dist/default/production\MasterPIC.X.production.cmf -z -Q16F887 \
  -oC:\Users\WMGWW\AppData\Local\Temp\xcAsp5c.\driver_tmp_3.o \
  --defsym=__MPLAB_BUILD=1 --fixupoverflow=error \
  -Mdist/default/production/MasterPIC.X.production.map \
  --md=C:\Users\WMGWW\AppData\Local\Temp\xcAsp5c.\driver_tmp_0.dat -E1 \
  -ver=XC8 Compiler --acfsm=1493 -ACODE=00h-07FFhx4 -ASTRCODE=00h-01FFFh \
  -ASTRING=00h-0FFhx32 -ACONST=00h-0FFhx32 -AENTRY=00h-0FFhx32 \
  -ACOMMON=070h-07Fh -ABANK0=020h-06Fh -ABANK1=0A0h-0EFh \
  -ABANK2=0110h-016Fh -ABANK3=0190h-01EFh \
  -ARAM=020h-06Fh,0A0h-0EFh,0110h-016Fh,0190h-01EFh \
  -AABS1=020h-07Fh,0A0h-0EFh,0110h-016Fh,0190h-01EFh -ASFR0=00h-01Fh \
  -ASFR1=080h-09Fh -ASFR2=0100h-010Fh -ASFR3=0180h-018Fh \
  -ACONFIG=02007h-02008h -DCONFIG=2 -AIDLOC=02000h-02003h -DIDLOC=2 \
  -AEEDATA=00h-0FFh/02100h -peeprom_data=EEDATA -DEEDATA=2 -DCODE=2 \
  -DSTRCODE=2 -DSTRING=2 -DCONST=2 -DENTRY=2 \
  -preset_vec=00h,intentry=04h,init,end_init -ppowerup=CODE -pcinit=CODE \
  -pfunctab=ENTRY -k \
  C:\Users\WMGWW\AppData\Local\Temp\xcAsp5c.\driver_tmp_17.o \
  dist/default/production\MasterPIC.X.production.o 

Object code version is 3.11

Machine type is 16F887



                Name                               Link     Load   Length Selector   Space Scale
C:\Users\WMGWW\AppData\Local\Temp\xcAsp5c.\driver_tmp_17.o
                end_init                              C        C        3        8       0
                reset_vec                             0        0        3        0       0
                config                             2007     2007        2        0       4
                idloc                              2000     2000        4        0       5
dist/default/production\MasterPIC.X.production.o
                cinit                                 F        F       15        8       0
                intentry                              4        4        8        8       0
                config                             2007     2007        2        0       4
                idloc                              2000     2000        4        0       5
                text34                              F99      F99       20     1F32       0
                text33                              6ED      6ED       3E      6F2       0
                text32                              F7F      F7F       1A     1EFE       0
                text31                              F18      F18        D     1E30       0
                text30                              ED6      ED6        9     1DAC       0
                text29                              F54      F54       15     1EA8       0
                text28                              667      667       44      6F2       0
                text27                              72B      72B       3C      6F2       0
                text26                              F42      F42       12     1E84       0
                text25                               24       24      153        8       0
                text24                              FB9      FB9       20     1F72       0
                text23                              F69      F69       16     1ED2       0
                text22                              621      621       46      6F2       0
                text21                              EDF      EDF        9     1DBE       0
                text20                              EE8      EE8        9     1DD0       0
                text19                              79F      79F       33      6F2       0
                text18                              379      379       74      6F2       0
                text17                              F32      F32       10     1E64       0
                text16                              FD9      FD9       27     1FB2       0
                text15                              455      455       67      6F2       0
                text14                              577      577       59      6F2       0
                text13                              280      280       84        8       0
                text12                              3ED      3ED       68      6F2       0
                text11                              767      767       38      6F2       0
                text10                              5D0      5D0       51      6F2       0
                text9                               F0D      F0D        B     1E1A       0
                text8                               6AB      6AB       42      6F2       0
                text7                               F25      F25        D     1E4A       0
                text6                               7D2      7D2       2E      6F2       0
                text5                               EF1      EF1        9     1DE2       0
                text4                               EFA      EFA        9     1DF4       0
                text3                               F03      F03        A     1E06       0
                text2                               51B      51B       5C      6F2       0
                text1                               4BC      4BC       5F      6F2       0
                maintext                            177      177      109        8       0
                cstackBANK0                          3F       3F       16       20       1
                cstackCOMMON                         70       70        A       70       1
                clrtext                             ECE      ECE        8     1D9C       0
                dataBANK0                            55       55        1       20       1
                bssBANK0                             20       20       1F       20       1
                bssCOMMON                            7A       7A        2       70       1
                strings                             304      304       75      608       0
                idataBANK0                            3        3        1        0       0

TOTAL           Name                               Link     Load   Length     Space
        CLASS   CODE           
                end_init                              C        C        3         0
                cinit                                 F        F       15         0
                intentry                              4        4        8         0
                reset_vec                             0        0        3         0
                text34                              F99      F99       20         0
                text33                              6ED      6ED       3E         0
                text32                              F7F      F7F       1A         0
                text31                              F18      F18        D         0
                text30                              ED6      ED6        9         0
                text29                              F54      F54       15         0
                text28                              667      667       44         0
                text27                              72B      72B       3C         0
                text26                              F42      F42       12         0
                text25                               24       24      153         0
                text24                              FB9      FB9       20         0
                text23                              F69      F69       16         0
                text22                              621      621       46         0
                text21                              EDF      EDF        9         0
                text20                              EE8      EE8        9         0
                text19                              79F      79F       33         0
                text18                              379      379       74         0
                text17                              F32      F32       10         0
                text16                              FD9      FD9       27         0
                text15                              455      455       67         0
                text14                              577      577       59         0
                text13                              280      280       84         0
                text12                              3ED      3ED       68         0
                text11                              767      767       38         0
                text10                              5D0      5D0       51         0
                text9                               F0D      F0D        B         0
                text8                               6AB      6AB       42         0
                text7                               F25      F25        D         0
                text6                               7D2      7D2       2E         0
                text5                               EF1      EF1        9         0
                text4                               EFA      EFA        9         0
                text3                               F03      F03        A         0
                text2                               51B      51B       5C         0
                text1                               4BC      4BC       5F         0
                maintext                            177      177      109         0
                clrtext                             ECE      ECE        8         0
                idataBANK0                            3        3        1         0

        CLASS   STRCODE        

        CLASS   STRING         
                strings                             304      304       75         0

        CLASS   CONST          

        CLASS   ENTRY          

        CLASS   COMMON         
                cstackCOMMON                         70       70        A         1
                bssCOMMON                            7A       7A        2         1

        CLASS   BANK0          
                cstackBANK0                          3F       3F       16         1
                dataBANK0                            55       55        1         1
                bssBANK0                             20       20       1F         1

        CLASS   BANK1          

        CLASS   BANK2          

        CLASS   BANK3          

        CLASS   RAM            

        CLASS   ABS1           
                abs_s1                               7E       7E        2         1

        CLASS   SFR0           

        CLASS   SFR1           

        CLASS   SFR2           

        CLASS   SFR3           

        CLASS   CONFIG         
                config                             2007     2007        2         4

        CLASS   IDLOC          
                idloc                              2000     2000        4         5

        CLASS   EEDATA         

        CLASS   STACK          



SEGMENTS        Name                           Load    Length   Top    Selector   Space  Class     Delta

                reset_vec                      000000  000004  000004         0       0  CODE        2
                intentry                       000004  000300  000304         8       0  CODE        2
                bssBANK0                       000020  000036  000056        20       1  BANK0       1
                cstackCOMMON                   000070  00000C  00007C        70       1  COMMON      1
                strings                        000304  000075  000379       608       0  STRING      2
                text18                         000379  000487  000800       6F2       0  CODE        2
                clrtext                        000ECE  000008  000ED6      1D9C       0  CODE        2
                text30                         000ED6  000009  000EDF      1DAC       0  CODE        2
                text21                         000EDF  000009  000EE8      1DBE       0  CODE        2
                text20                         000EE8  000009  000EF1      1DD0       0  CODE        2
                text5                          000EF1  000009  000EFA      1DE2       0  CODE        2
                text4                          000EFA  000009  000F03      1DF4       0  CODE        2
                text3                          000F03  00000A  000F0D      1E06       0  CODE        2
                text9                          000F0D  00000B  000F18      1E1A       0  CODE        2
                text31                         000F18  00000D  000F25      1E30       0  CODE        2
                text7                          000F25  00000D  000F32      1E4A       0  CODE        2
                text17                         000F32  000010  000F42      1E64       0  CODE        2
                text26                         000F42  000012  000F54      1E84       0  CODE        2
                text29                         000F54  000015  000F69      1EA8       0  CODE        2
                text23                         000F69  000016  000F7F      1ED2       0  CODE        2
                text32                         000F7F  00001A  000F99      1EFE       0  CODE        2
                text34                         000F99  000020  000FB9      1F32       0  CODE        2
                text24                         000FB9  000020  000FD9      1F72       0  CODE        2
                text16                         000FD9  000027  001000      1FB2       0  CODE        2


UNUSED ADDRESS RANGES

        Name                Unused          Largest block    Delta
        BANK0            0056-006F             1A           1
        BANK1            00A0-00EF             50           1
        BANK2            0110-016F             60           1
        BANK3            0190-01EF             60           1
        CODE             0800-0ECD            6CE           2
                         1000-1FFF            800
        COMMON           007C-007D              2           1
        CONST            0800-0ECD            100           2
                         1000-1FFF            100
        EEDATA           2100-21FF            100           2
        ENTRY            0800-0ECD            100           2
                         1000-1FFF            100
        RAM              0056-006F             1A           1
                         00A0-00EF             50
                         0110-016F             60
                         0190-01EF             60
        SFR0             0000-001F             20           1
        SFR1             0080-009F             20           1
        SFR2             0100-010F             10           1
        SFR3             0180-018F             10           1
        STRCODE          0800-0ECD            6CE           2
                         1000-1FFF           1000
        STRING           0800-0ECD            100           2
                         1000-1FFF            100

                                  Symbol Table

?_I2C_Master_Read            cstackCOMMON 0072
?___awdiv                    cstackCOMMON 0072
?___awmod                    cstackCOMMON 0072
?___lldiv                    cstackCOMMON 0072
?___lwdiv                    cstackCOMMON 0072
?___lwmod                    cstackBANK0  003F
?_sprintf                    cstackBANK0  0043
I2C_Master_Init@c            cstackBANK0  0045
I2C_Master_Read@a            cstackCOMMON 0072
I2C_Master_Read@temp         cstackCOMMON 0076
I2C_Master_Write@d           cstackCOMMON 0072
Lcd_Cmd@a                    cstackCOMMON 0075
Lcd_Port@a                   cstackCOMMON 0072
Lcd_Set_Cursor@a             cstackCOMMON 0077
Lcd_Set_Cursor@b             cstackCOMMON 0076
Lcd_Set_Cursor@temp          cstackCOMMON 0078
Lcd_Write_Char@a             cstackCOMMON 0074
Lcd_Write_String@a           cstackCOMMON 0075
Lcd_Write_String@i           cstackBANK0  003F
_ANSEL                       (abs)        0188
_ANSELH                      (abs)        0189
_BAUDCTLbits                 (abs)        0187
_CREN                        (abs)        00C4
_EEADR                       (abs)        010D
_EECON1bits                  (abs)        018C
_EECON2                      (abs)        018D
_EEDAT                       (abs)        010C
_GIE                         (abs)        005F
_I2C_Master_Init             text11       0767
_I2C_Master_Read             text6        07D2
_I2C_Master_Start            text5        0EF1
_I2C_Master_Stop             text4        0EFA
_I2C_Master_Wait             text7        0F25
_I2C_Master_Write            text3        0F03
_INTCONbits                  (abs)        000B
_IOCBbits                    (abs)        0096
_LCDprint                    text18       0379
_Lcd_Clear                   text31       0F18
_Lcd_Cmd                     text32       0F7F
_Lcd_Init                    text10       05D0
_Lcd_Port                    text33       06ED
_Lcd_Set_Cursor              text24       0FB9
_Lcd_Write_Char              text23       0F69
_Lcd_Write_String            text22       0621
_OERR                        (abs)        00C1
_OPTION_REGbits              (abs)        0081
_OSCCONbits                  (abs)        008F
_OnOff                       bssBANK0     0028
_PEIE                        (abs)        005E
_PIR1bits                    (abs)        000C
_PIR2bits                    (abs)        000D
_PORTA                       (abs)        0005
_PORTB                       (abs)        0006
_PORTC                       (abs)        0007
_PORTD                       (abs)        0008
_RA0                         (abs)        0028
_RA1                         (abs)        0029
_RA2                         (abs)        002A
_RA3                         (abs)        002B
_RA4                         (abs)        002C
_RA5                         (abs)        002D
_RB0                         (abs)        0030
_RBIF                        (abs)        0058
_RC0                         (abs)        0038
_RC1                         (abs)        0039
_RCIF                        (abs)        0065
_RCREG                       (abs)        001A
_RCSTAbits                   (abs)        0018
_RD0                         (abs)        0040
_RD1                         (abs)        0041
_RD2                         (abs)        0042
_RD3                         (abs)        0043
_RD4                         (abs)        0044
_RD5                         (abs)        0045
_RD6                         (abs)        0046
_RD7                         (abs)        0047
_SPBRG                       (abs)        0099
_SPBRGH                      (abs)        009A
_SSPADD                      (abs)        0093
_SSPBUF                      (abs)        0013
_SSPCON                      (abs)        0014
_SSPCON2                     (abs)        0091
_SSPCON2bits                 (abs)        0091
_SSPIE                       (abs)        0463
_SSPIF                       (abs)        0063
_SSPSTAT                     (abs)        0094
_TRISA                       (abs)        0085
_TRISB                       (abs)        0086
_TRISC                       (abs)        0087
_TRISC3                      (abs)        043B
_TRISC4                      (abs)        043C
_TRISCbits                   (abs)        0087
_TRISD                       (abs)        0088
_TXREG                       (abs)        0019
_TXSTAbits                   (abs)        0098
_UARTcounter                 bssBANK0     0026
_WPUBbits                    (abs)        0095
__H__absolute__              __absolute__ 0000
__Habs1                      abs1         0000
__Hbank0                     bank0        0000
__Hbank1                     bank1        0000
__Hbank2                     bank2        0000
__Hbank3                     bank3        0000
__HbssBANK0                  bssBANK0     0000
__HbssCOMMON                 bssCOMMON    0000
__Hcinit                     cinit        0024
__Hclrtext                   clrtext      0000
__Hcode                      code         0000
__Hcommon                    common       0000
__Hconfig                    config       2009
__HcstackBANK0               cstackBANK0  0000
__HcstackCOMMON              cstackCOMMON 0000
__HdataBANK0                 dataBANK0    0000
__Heeprom_data               eeprom_data  0000
__Hend_init                  end_init     000F
__Hfunctab                   functab      0000
__HidataBANK0                idataBANK0   0000
__Hidloc                     idloc        2004
__Hinit                      init         000C
__Hintentry                  intentry     000C
__Hmaintext                  maintext     0000
__Hpowerup                   powerup      0000
__Hram                       ram          0000
__Hreset_vec                 reset_vec    0003
__Hsfr0                      sfr0         0000
__Hsfr1                      sfr1         0000
__Hsfr2                      sfr2         0000
__Hsfr3                      sfr3         0000
__Hspace_0                   (abs)        1000
__Hspace_1                   (abs)        007C
__Hspace_2                   (abs)        0000
__Hspace_3                   (abs)        0000
__Hspace_4                   (abs)        4010
__Hstack                     stack        0000
__Hstrings                   strings      0000
__Htext                      text         0000
__L__absolute__              __absolute__ 0000
__Labs1                      abs1         0000
__Lbank0                     bank0        0000
__Lbank1                     bank1        0000
__Lbank2                     bank2        0000
__Lbank3                     bank3        0000
__LbssBANK0                  bssBANK0     0000
__LbssCOMMON                 bssCOMMON    0000
__Lcinit                     cinit        000F
__Lclrtext                   clrtext      0000
__Lcode                      code         0000
__Lcommon                    common       0000
__Lconfig                    config       0000
__LcstackBANK0               cstackBANK0  0000
__LcstackCOMMON              cstackCOMMON 0000
__LdataBANK0                 dataBANK0    0000
__Leeprom_data               eeprom_data  0000
__Lend_init                  end_init     000C
__Lfunctab                   functab      0000
__LidataBANK0                idataBANK0   0000
__Lidloc                     idloc        0000
__Linit                      init         000C
__Lintentry                  intentry     0004
__Lmaintext                  maintext     0000
__Lpowerup                   powerup      0000
__Lram                       ram          0000
__Lreset_vec                 reset_vec    0000
__Lsfr0                      sfr0         0000
__Lsfr1                      sfr1         0000
__Lsfr2                      sfr2         0000
__Lsfr3                      sfr3         0000
__Lspace_0                   (abs)        0000
__Lspace_1                   (abs)        0000
__Lspace_2                   (abs)        0000
__Lspace_3                   (abs)        0000
__Lspace_4                   (abs)        0000
__Lstack                     stack        0000
__Lstrings                   strings      0000
__Ltext                      text         0000
__S0                         (abs)        1000
__S1                         (abs)        007C
__S3                         (abs)        0000
___awdiv                     text15       0455
___awdiv@counter             cstackCOMMON 0076
___awdiv@dividend            cstackCOMMON 0074
___awdiv@divisor             cstackCOMMON 0072
___awdiv@quotient            cstackCOMMON 0078
___awdiv@sign                cstackCOMMON 0077
___awmod                     text14       0577
___awmod@counter             cstackCOMMON 0076
___awmod@dividend            cstackCOMMON 0074
___awmod@divisor             cstackCOMMON 0072
___awmod@sign                cstackCOMMON 0077
___bmul                      text29       0F54
___bmul@multiplicand         cstackCOMMON 0072
___bmul@multiplier           cstackCOMMON 0074
___bmul@product              cstackCOMMON 0073
___int_sp                    stack        0000
___latbits                   (abs)        0002
___lldiv                     text12       03ED
___lldiv@counter             cstackBANK0  0044
___lldiv@dividend            cstackCOMMON 0076
___lldiv@divisor             cstackCOMMON 0072
___lldiv@quotient            cstackBANK0  0040
___lwdiv                     text28       0667
___lwdiv@counter             cstackCOMMON 0078
___lwdiv@dividend            cstackCOMMON 0074
___lwdiv@divisor             cstackCOMMON 0072
___lwdiv@quotient            cstackCOMMON 0076
___lwmod                     text27       072B
___lwmod@counter             cstackCOMMON 0079
___lwmod@dividend            cstackBANK0  0041
___lwmod@divisor             cstackBANK0  003F
___sp                        stack        0000
___stackhi                   (abs)        0000
___stacklo                   (abs)        0000
__end_of_I2C_Master_Init     text11       079F
__end_of_I2C_Master_Read     text6        0800
__end_of_I2C_Master_Start    text5        0EFA
__end_of_I2C_Master_Stop     text4        0F03
__end_of_I2C_Master_Wait     text7        0F32
__end_of_I2C_Master_Write    text3        0F0D
__end_of_LCDprint            text18       03ED
__end_of_Lcd_Clear           text31       0F25
__end_of_Lcd_Cmd             text32       0F99
__end_of_Lcd_Init            text10       0621
__end_of_Lcd_Port            text33       072B
__end_of_Lcd_Set_Cursor      text24       0FD9
__end_of_Lcd_Write_Char      text23       0F7F
__end_of_Lcd_Write_String    text22       0667
__end_of___awdiv             text15       04BC
__end_of___awmod             text14       05D0
__end_of___bmul              text29       0F69
__end_of___lldiv             text12       0455
__end_of___lwdiv             text28       06AB
__end_of___lwmod             text27       0767
__end_of__initialization     cinit        0020
__end_of__stringtab          strings      0314
__end_of_dcForward           text21       0EE8
__end_of_dcRight             text20       0EF1
__end_of_dcStop              text30       0EDF
__end_of_dpowers             strings      031E
__end_of_enviocadena         text16       1000
__end_of_enviocaracter       text17       0F42
__end_of_envioentero         text13       0304
__end_of_ioc_init            text9        0F18
__end_of_isdigit             text26       0F54
__end_of_isr                 text34       0FB9
__end_of_main                maintext     0280
__end_of_setup               text8        06ED
__end_of_slave1Communication text2        0577
__end_of_slave2Communication text1        051B
__end_of_sprintf             text25       0177
__end_of_usSensor            text19       07D2
__initialization             cinit        000F
__pbssBANK0                  bssBANK0     0020
__pbssCOMMON                 bssCOMMON    007A
__pcstackBANK0               cstackBANK0  003F
__pcstackCOMMON              cstackCOMMON 0070
__pdataBANK0                 dataBANK0    0055
__pidataBANK0                idataBANK0   0003
__pintentry                  intentry     0004
__pmaintext                  maintext     0177
__pstrings                   strings      0304
__ptext1                     text1        04BC
__ptext10                    text10       05D0
__ptext11                    text11       0767
__ptext12                    text12       03ED
__ptext13                    text13       0280
__ptext14                    text14       0577
__ptext15                    text15       0455
__ptext16                    text16       0FD9
__ptext17                    text17       0F32
__ptext18                    text18       0379
__ptext19                    text19       079F
__ptext2                     text2        051B
__ptext20                    text20       0EE8
__ptext21                    text21       0EDF
__ptext22                    text22       0621
__ptext23                    text23       0F69
__ptext24                    text24       0FB9
__ptext25                    text25       0024
__ptext26                    text26       0F42
__ptext27                    text27       072B
__ptext28                    text28       0667
__ptext29                    text29       0F54
__ptext3                     text3        0F03
__ptext30                    text30       0ED6
__ptext31                    text31       0F18
__ptext32                    text32       0F7F
__ptext33                    text33       06ED
__ptext34                    text34       0F99
__ptext4                     text4        0EFA
__ptext5                     text5        0EF1
__ptext6                     text6        07D2
__ptext7                     text7        0F25
__ptext8                     text8        06AB
__ptext9                     text9        0F0D
__stringbase                 strings      0313
__stringtab                  strings      0304
_dcForward                   text21       0EDF
_dcRight                     text20       0EE8
_dcStop                      text30       0ED6
_dpowers                     strings      0314
_enviocadena                 text16       0FD9
_enviocaracter               text17       0F32
_envioentero                 text13       0280
_fanOnOff                    dataBANK0    0055
_fsrValue                    bssCOMMON    007A
_ioc_init                    text9        0F0D
_isdigit                     text26       0F42
_isdigit$1173                cstackCOMMON 0072
_isr                         text34       0F99
_lineLCD                     bssBANK0     002F
_main                        maintext     0177
_setup                       text8        06AB
_slave1Communication         text2        051B
_slave2Communication         text1        04BC
_sprintf                     text25       0024
_toESP                       bssBANK0     002A
_ultrasonicValue             bssCOMMON    007B
_usSensor                    text19       079F
btemp                        (abs)        007E
clear_ram0                   clrtext      0ECE
end_of_initialization        cinit        0020
enviocadena@cadena           cstackCOMMON 0073
enviocaracter@a              cstackCOMMON 0072
envioentero@buffer           cstackBANK0  0041
envioentero@digitCount       cstackBANK0  004B
envioentero@i                cstackBANK0  004D
envioentero@value            cstackBANK0  003F
interrupt_function           intentry     0004
intlevel0                    functab      0000
intlevel1                    functab      0000
intlevel2                    functab      0000
intlevel3                    functab      0000
intlevel4                    functab      0000
intlevel5                    functab      0000
isdigit@c                    cstackCOMMON 0073
reset_vec                    reset_vec    0000
saved_w                      (abs)        007E
slave1Communication@valueS1  cstackCOMMON 0078
slave2Communication@valueS2  cstackCOMMON 0078
sprintf@ap                   cstackBANK0  0049
sprintf@c                    cstackBANK0  004F
sprintf@f                    cstackBANK0  0043
sprintf@flag                 cstackBANK0  004A
sprintf@prec                 cstackBANK0  004E
sprintf@sp                   cstackBANK0  004D
sprintf@val                  cstackBANK0  004B
start                        init         000C
start_initialization         cinit        000F
wtemp0                       (abs)        007E


MODULE INFORMATION

Module		Function		Class		Link	Load	Size
E:/Universidad/Semestre2_2023/Digital-2/Proyecto1/Master/MasterPIC.X/I2C.c
		_I2C_Master_Read		CODE           	07D2	0000	46
		_I2C_Master_Wait		CODE           	0F25	0000	13
		_I2C_Master_Init		CODE           	0767	0000	56
		_I2C_Master_Stop		CODE           	0EFA	0000	9
		_I2C_Master_Write		CODE           	0F03	0000	10
		_I2C_Master_Start		CODE           	0EF1	0000	9

E:/Universidad/Semestre2_2023/Digital-2/Proyecto1/Master/MasterPIC.X/I2C.c estimated size: 143

E:/Universidad/Semestre2_2023/Digital-2/Proyecto1/Master/MasterPIC.X/MasterPIC.c
		_slave2Communication		CODE           	04BC	0000	95
		_dcForward     		CODE           	0EDF	0000	9
		_dcRight       		CODE           	0EE8	0000	9
		_ioc_init      		CODE           	0F0D	0000	11
		_LCDprint      		CODE           	0379	0000	116
		_main          		CODE           	0177	0000	265
		_dcStop        		CODE           	0ED6	0000	9
		_isr           		CODE           	0F99	0000	32
		_slave1Communication		CODE           	051B	0000	92
		_setup         		CODE           	06AB	0000	66
		_usSensor      		CODE           	079F	0000	51

E:/Universidad/Semestre2_2023/Digital-2/Proyecto1/Master/MasterPIC.X/MasterPIC.c estimated size: 755

C:\Program Files\Microchip\xc8\v2.41\pic\sources\c90\common\lwdiv.c
		___lwdiv       		CODE           	0667	0000	68

C:\Program Files\Microchip\xc8\v2.41\pic\sources\c90\common\lwdiv.c estimated size: 68

C:\Program Files\Microchip\xc8\v2.41\pic\sources\c90\common\awdiv.c
		___awdiv       		CODE           	0455	0000	103

C:\Program Files\Microchip\xc8\v2.41\pic\sources\c90\common\awdiv.c estimated size: 103

C:\Program Files\Microchip\xc8\v2.41\pic\sources\c90\common\__lldiv.c
		___lldiv       		CODE           	03ED	0000	104

C:\Program Files\Microchip\xc8\v2.41\pic\sources\c90\common\__lldiv.c estimated size: 104

C:\Program Files\Microchip\xc8\v2.41\pic\sources\c90\common\Umul8.c
		___bmul        		CODE           	0F54	0000	21

C:\Program Files\Microchip\xc8\v2.41\pic\sources\c90\common\Umul8.c estimated size: 21

C:\Program Files\Microchip\xc8\v2.41\pic\sources\c90\common\isdigit.c
		_isdigit       		CODE           	0F42	0000	18

C:\Program Files\Microchip\xc8\v2.41\pic\sources\c90\common\isdigit.c estimated size: 18

shared
		__stringtab    		STRING         	0304	0000	16
		_dpowers       		STRING         	0314	0000	10
		__initialization		CODE           	000F	0000	17

shared estimated size: 43

E:/Universidad/Semestre2_2023/Digital-2/Proyecto1/Master/MasterPIC.X/LCD.c
		_Lcd_Write_String		CODE           	0621	0000	70
		_Lcd_Init      		CODE           	05D0	0000	81
		_Lcd_Write_Char		CODE           	0F69	0000	22
		_Lcd_Cmd       		CODE           	0F7F	0000	26
		_Lcd_Set_Cursor		CODE           	0FB9	0000	32
		_Lcd_Clear     		CODE           	0F18	0000	13
		_Lcd_Port      		CODE           	06ED	0000	62

E:/Universidad/Semestre2_2023/Digital-2/Proyecto1/Master/MasterPIC.X/LCD.c estimated size: 306

E:/Universidad/Semestre2_2023/Digital-2/Proyecto1/Master/MasterPIC.X/USART.c
		_envioentero   		CODE           	0280	0000	132
		_enviocadena   		CODE           	0FD9	0000	39
		_enviocaracter 		CODE           	0F32	0000	16

E:/Universidad/Semestre2_2023/Digital-2/Proyecto1/Master/MasterPIC.X/USART.c estimated size: 187

C:\Program Files\Microchip\xc8\v2.41\pic\sources\c90\common\doprnt.c
		_sprintf       		CODE           	0024	0000	339

C:\Program Files\Microchip\xc8\v2.41\pic\sources\c90\common\doprnt.c estimated size: 339

C:\Program Files\Microchip\xc8\v2.41\pic\sources\c90\common\lwmod.c
		___lwmod       		CODE           	072B	0000	60

C:\Program Files\Microchip\xc8\v2.41\pic\sources\c90\common\lwmod.c estimated size: 60

C:\Program Files\Microchip\xc8\v2.41\pic\sources\c90\common\awmod.c
		___awmod       		CODE           	0577	0000	89

C:\Program Files\Microchip\xc8\v2.41\pic\sources\c90\common\awmod.c estimated size: 89

