Microchip MPLAB XC8 Compiler V2.41

Linker command line:

-W-3 \
  --edf=C:\Program Files\Microchip\xc8\v2.41\pic\dat\20230208172133_en.msgs \
  -cn -h+dist/default/production\Lab3_Slave_1.X.production.sym \
  --cmf=dist/default/production\Lab3_Slave_1.X.production.cmf -z -Q16F887 \
  -oC:\Users\WMGWW\AppData\Local\Temp\xcAs20o.\driver_tmp_3.o \
  --defsym=__MPLAB_BUILD=1 --fixupoverflow=error \
  -Mdist/default/production/Lab3_Slave_1.X.production.map \
  --md=C:\Users\WMGWW\AppData\Local\Temp\xcAs20o.\driver_tmp_0.dat -E1 \
  -ver=XC8 Compiler --acfsm=1493 -ACODE=00h-07FFhx4 -ASTRCODE=00h-01FFFh \
  -ASTRING=00h-0FFhx32 -ACONST=00h-0FFhx32 -AENTRY=00h-0FFhx32 \
  -ACOMMON=070h-07Fh -ABANK0=020h-06Fh -ABANK1=0A0h-0EFh \
  -ABANK2=0110h-016Fh -ABANK3=0190h-01EFh \
  -ARAM=020h-06Fh,0A0h-0EFh,0110h-016Fh,0190h-01EFh \
  -AABS1=020h-07Fh,0A0h-0EFh,0110h-016Fh,0190h-01EFh -ASFR0=00h-01Fh \
  -ASFR1=080h-09Fh -ASFR2=0100h-010Fh -ASFR3=0180h-018Fh \
  -ACONFIG=02007h-02008h -DCONFIG=2 -AIDLOC=02000h-02003h -DIDLOC=2 \
  -AEEDATA=00h-0FFh/02100h -peeprom_data=EEDATA -DEEDATA=2 -DCODE=2 \
  -DSTRCODE=2 -DSTRING=2 -DCONST=2 -DENTRY=2 \
  -preset_vec=00h,intentry=04h,init,end_init -ppowerup=CODE -pcinit=CODE \
  -pfunctab=ENTRY -k \
  C:\Users\WMGWW\AppData\Local\Temp\xcAs20o.\driver_tmp_12.o \
  dist/default/production\Lab3_Slave_1.X.production.o 

Object code version is 3.11

Machine type is 16F887



                Name                               Link     Load   Length Selector   Space Scale
C:\Users\WMGWW\AppData\Local\Temp\xcAs20o.\driver_tmp_12.o
                end_init                              C        C        3        8       0
                reset_vec                             0        0        3        0       0
                config                             2007     2007        2        0       4
                idloc                              2000     2000        4        0       5
dist/default/production\Lab3_Slave_1.X.production.o
                cinit                                 F        F        C        8       0
                intentry                              4        4        8        8       0
                config                             2007     2007        2        0       4
                idloc                              2000     2000        4        0       5
                text10                              160      160        4        8       0
                text9                               153      153        7        8       0
                text8                               14A      14A        9        8       0
                text7                               15A      15A        6        8       0
                text6                                77       77       37        8       0
                text5                               13D      13D        D        8       0
                text4                               125      125       18        8       0
                text3                                1B       1B       5C        8       0
                text2                               107      107       1E        8       0
                text1                                AE       AE       33        8       0
                maintext                             E1       E1       26        8       0
                cstackBANK0                          20       20        3       20       1
                cstackCOMMON                         70       70        7       70       1
                dataCOMMON                           79       79        1       70       1
                bssCOMMON                            77       77        2       70       1
                idataCOMMON                         164      164        1        8       0

TOTAL           Name                               Link     Load   Length     Space
        CLASS   CODE           
                end_init                              C        C        3         0
                cinit                                 F        F        C         0
                intentry                              4        4        8         0
                reset_vec                             0        0        3         0
                text10                              160      160        4         0
                text9                               153      153        7         0
                text8                               14A      14A        9         0
                text7                               15A      15A        6         0
                text6                                77       77       37         0
                text5                               13D      13D        D         0
                text4                               125      125       18         0
                text3                                1B       1B       5C         0
                text2                               107      107       1E         0
                text1                                AE       AE       33         0
                maintext                             E1       E1       26         0
                idataCOMMON                         164      164        1         0

        CLASS   STRCODE        

        CLASS   STRING         

        CLASS   CONST          

        CLASS   ENTRY          

        CLASS   COMMON         
                cstackCOMMON                         70       70        7         1
                dataCOMMON                           79       79        1         1
                bssCOMMON                            77       77        2         1

        CLASS   BANK0          
                cstackBANK0                          20       20        3         1

        CLASS   BANK1          

        CLASS   BANK2          

        CLASS   BANK3          

        CLASS   RAM            

        CLASS   ABS1           
                abs_s1                               7E       7E        2         1

        CLASS   SFR0           

        CLASS   SFR1           

        CLASS   SFR2           

        CLASS   SFR3           

        CLASS   CONFIG         
                config                             2007     2007        2         4

        CLASS   IDLOC          
                idloc                              2000     2000        4         5

        CLASS   EEDATA         

        CLASS   STACK          



SEGMENTS        Name                           Load    Length   Top    Selector   Space  Class     Delta

                reset_vec                      000000  000003  000003         0       0  CODE        2
                intentry                       000004  000161  000165         8       0  CODE        2
                cstackBANK0                    000020  000003  000023        20       1  BANK0       1
                cstackCOMMON                   000070  00000A  00007A        70       1  COMMON      1


UNUSED ADDRESS RANGES

        Name                Unused          Largest block    Delta
        BANK0            0023-006F             4D           1
        BANK1            00A0-00EF             50           1
        BANK2            0110-016F             60           1
        BANK3            0190-01EF             60           1
        CODE             0003-0003              1           2
                         0165-1FFF            800
        COMMON           007A-007D              4           1
        CONST            0003-0003              1           2
                         0165-1FFF            100
        EEDATA           2100-21FF            100           2
        ENTRY            0003-0003              1           2
                         0165-1FFF            100
        RAM              0023-006F             4D           1
                         00A0-00EF             50
                         0110-016F             60
                         0190-01EF             60
        SFR0             0000-001F             20           1
        SFR1             0080-009F             20           1
        SFR2             0100-010F             10           1
        SFR3             0180-018F             10           1
        STRCODE          0003-0003              1           2
                         0165-1FFF           1E9B
        STRING           0003-0003              1           2
                         0165-1FFF            100

                                  Symbol Table

_ADCON0bits              (abs)        001F
_ADCON1bits              (abs)        009F
_ADIF                    (abs)        0066
_ADRESH                  (abs)        001E
_ANSELH                  (abs)        0189
_ANSELbits               (abs)        0188
_INTCONbits              (abs)        000B
_OSCCONbits              (abs)        008F
_PIE1bits                (abs)        008C
_PIR1bits                (abs)        000C
_PORTA                   (abs)        0005
_PORTB                   (abs)        0006
_SSPBUF                  (abs)        0013
_SSPCON                  (abs)        0014
_SSPIF                   (abs)        0063
_SSPSTAT                 (abs)        0094
_SSPSTATbits             (abs)        0094
_TRISA                   (abs)        0085
_TRISAbits               (abs)        0085
_TRISB                   (abs)        0086
_TRISC3                  (abs)        043B
_TRISC5                  (abs)        043D
__H__absolute__          __absolute__ 0000
__Habs1                  abs1         0000
__Hbank0                 bank0        0000
__Hbank1                 bank1        0000
__Hbank2                 bank2        0000
__Hbank3                 bank3        0000
__HbssCOMMON             bssCOMMON    0000
__Hcinit                 cinit        001B
__Hclrtext               clrtext      0000
__Hcode                  code         0000
__Hcommon                common       0000
__Hconfig                config       2009
__HcstackBANK0           cstackBANK0  0000
__HcstackCOMMON          cstackCOMMON 0000
__HdataCOMMON            dataCOMMON   0000
__Heeprom_data           eeprom_data  0000
__Hend_init              end_init     000F
__Hfunctab               functab      0000
__HidataCOMMON           idataCOMMON  0000
__Hidloc                 idloc        2004
__Hinit                  init         000C
__Hintentry              intentry     000C
__Hmaintext              maintext     0000
__Hpowerup               powerup      0000
__Hram                   ram          0000
__Hreset_vec             reset_vec    0003
__Hsfr0                  sfr0         0000
__Hsfr1                  sfr1         0000
__Hsfr2                  sfr2         0000
__Hsfr3                  sfr3         0000
__Hspace_0               (abs)        0165
__Hspace_1               (abs)        007A
__Hspace_2               (abs)        0000
__Hspace_3               (abs)        0000
__Hspace_4               (abs)        4010
__Hstack                 stack        0000
__Hstrings               strings      0000
__Htext                  text         0000
__L__absolute__          __absolute__ 0000
__Labs1                  abs1         0000
__Lbank0                 bank0        0000
__Lbank1                 bank1        0000
__Lbank2                 bank2        0000
__Lbank3                 bank3        0000
__LbssCOMMON             bssCOMMON    0000
__Lcinit                 cinit        000F
__Lclrtext               clrtext      0000
__Lcode                  code         0000
__Lcommon                common       0000
__Lconfig                config       0000
__LcstackBANK0           cstackBANK0  0000
__LcstackCOMMON          cstackCOMMON 0000
__LdataCOMMON            dataCOMMON   0000
__Leeprom_data           eeprom_data  0000
__Lend_init              end_init     000C
__Lfunctab               functab      0000
__LidataCOMMON           idataCOMMON  0000
__Lidloc                 idloc        0000
__Linit                  init         000C
__Lintentry              intentry     0004
__Lmaintext              maintext     0000
__Lpowerup               powerup      0000
__Lram                   ram          0000
__Lreset_vec             reset_vec    0000
__Lsfr0                  sfr0         0000
__Lsfr1                  sfr1         0000
__Lsfr2                  sfr2         0000
__Lsfr3                  sfr3         0000
__Lspace_0               (abs)        0000
__Lspace_1               (abs)        0000
__Lspace_2               (abs)        0000
__Lspace_3               (abs)        0000
__Lspace_4               (abs)        0000
__Lstack                 stack        0000
__Lstrings               strings      0000
__Ltext                  text         0000
__S0                     (abs)        0165
__S1                     (abs)        007A
__S3                     (abs)        0000
___int_sp                stack        0000
___latbits               (abs)        0002
___sp                    stack        0000
___stackhi               (abs)        0000
___stacklo               (abs)        0000
__end_of__initialization cinit        0017
__end_of_adcChannel      text5        014A
__end_of_adcConfig       text4        013D
__end_of_adcRead         text10       0164
__end_of_configOsc       text3        0077
__end_of_isr             text6        00AE
__end_of_main            maintext     0107
__end_of_setup           text1        00E1
__end_of_spiInit         text2        0125
__end_of_spiRead         text8        0153
__end_of_spiReceiveWait  text9        015A
__end_of_spiWrite        text7        0160
__initialization         cinit        000F
__pbssCOMMON             bssCOMMON    0077
__pcstackBANK0           cstackBANK0  0020
__pcstackCOMMON          cstackCOMMON 0070
__pdataCOMMON            dataCOMMON   0079
__pidataCOMMON           idataCOMMON  0164
__pintentry              intentry     0004
__pmaintext              maintext     00E1
__ptext1                 text1        00AE
__ptext10                text10       0160
__ptext2                 text2        0107
__ptext3                 text3        001B
__ptext4                 text4        0125
__ptext5                 text5        013D
__ptext6                 text6        0077
__ptext7                 text7        015A
__ptext8                 text8        014A
__ptext9                 text9        0153
_adcChannel              text5        013D
_adcConfig               text4        0125
_adcRead                 text10       0160
_adcValue                dataCOMMON   0079
_configOsc               text3        001B
_isr                     text6        0077
_main                    maintext     00E1
_setup                   text1        00AE
_slaveSelect             bssCOMMON    0077
_spiInit                 text2        0107
_spiRead                 text8        014A
_spiReceiveWait          text9        0153
_spiWrite                text7        015A
adcChannel@channel       cstackCOMMON 0075
btemp                    (abs)        007E
configOsc@frec           cstackCOMMON 0074
end_of_initialization    cinit        0017
interrupt_function       intentry     0004
intlevel0                functab      0000
intlevel1                functab      0000
intlevel2                functab      0000
intlevel3                functab      0000
intlevel4                functab      0000
intlevel5                functab      0000
reset_vec                reset_vec    0000
saved_w                  (abs)        007E
spiInit@sClockIdle       cstackCOMMON 0075
spiInit@sDataSample      cstackCOMMON 0074
spiInit@sTransmitEdge    cstackCOMMON 0076
spiInit@sType            cstackBANK0  0020
spiWrite@dat             cstackCOMMON 0070
start                    init         000C
start_initialization     cinit        000F
wtemp0                   (abs)        007E


MODULE INFORMATION

Module		Function		Class		Link	Load	Size
adc_c.c
		_adcRead       		CODE           	0160	0000	4
		_adcChannel    		CODE           	013D	0000	13
		_adcConfig     		CODE           	0125	0000	24

adc_c.c estimated size: 41

oscilador.c
		_configOsc     		CODE           	001B	0000	92

oscilador.c estimated size: 92

E:/Universidad/Semestre2_2023/Digital-2/Lab3/Lab3_Slave_1.X/Lab3Slave1.c
		_main          		CODE           	00E1	0000	38
		_isr           		CODE           	0077	0000	55
		_setup         		CODE           	00AE	0000	51

E:/Universidad/Semestre2_2023/Digital-2/Lab3/Lab3_Slave_1.X/Lab3Slave1.c estimated size: 144

shared
		__initialization		CODE           	000F	0000	8

shared estimated size: 8

SPI.c
		_spiWrite      		CODE           	015A	0000	6
		_spiInit       		CODE           	0107	0000	30
		_spiReceiveWait		CODE           	0153	0000	7
		_spiRead       		CODE           	014A	0000	9

SPI.c estimated size: 52

