Microchip MPLAB XC8 Compiler V2.41

Linker command line:

-W-3 \
  --edf=C:\Program Files\Microchip\xc8\v2.41\pic\dat\20230208172133_en.msgs \
  -cn -h+dist/default/production\Lab3_Slave_1.X.production.sym \
  --cmf=dist/default/production\Lab3_Slave_1.X.production.cmf -z -Q16F887 \
  -oC:\Users\WMGWW\AppData\Local\Temp\xcAsv5g.\driver_tmp_3.o \
  --defsym=__MPLAB_BUILD=1 --fixupoverflow=error \
  -Mdist/default/production/Lab3_Slave_1.X.production.map \
  --md=C:\Users\WMGWW\AppData\Local\Temp\xcAsv5g.\driver_tmp_0.dat -E1 \
  -ver=XC8 Compiler --acfsm=1493 -ACODE=00h-07FFhx4 -ASTRCODE=00h-01FFFh \
  -ASTRING=00h-0FFhx32 -ACONST=00h-0FFhx32 -AENTRY=00h-0FFhx32 \
  -ACOMMON=070h-07Fh -ABANK0=020h-06Fh -ABANK1=0A0h-0EFh \
  -ABANK2=0110h-016Fh -ABANK3=0190h-01EFh \
  -ARAM=020h-06Fh,0A0h-0EFh,0110h-016Fh,0190h-01EFh \
  -AABS1=020h-07Fh,0A0h-0EFh,0110h-016Fh,0190h-01EFh -ASFR0=00h-01Fh \
  -ASFR1=080h-09Fh -ASFR2=0100h-010Fh -ASFR3=0180h-018Fh \
  -ACONFIG=02007h-02008h -DCONFIG=2 -AIDLOC=02000h-02003h -DIDLOC=2 \
  -AEEDATA=00h-0FFh/02100h -peeprom_data=EEDATA -DEEDATA=2 -DCODE=2 \
  -DSTRCODE=2 -DSTRING=2 -DCONST=2 -DENTRY=2 \
  -preset_vec=00h,intentry=04h,init,end_init -ppowerup=CODE -pcinit=CODE \
  -pfunctab=ENTRY -k \
  C:\Users\WMGWW\AppData\Local\Temp\xcAsv5g.\driver_tmp_12.o \
  dist/default/production\Lab3_Slave_1.X.production.o 

Object code version is 3.11

Machine type is 16F887



                Name                               Link     Load   Length Selector   Space Scale
C:\Users\WMGWW\AppData\Local\Temp\xcAsv5g.\driver_tmp_12.o
                end_init                              E        E        3        8       0
                reset_vec                             0        0        3        0       0
                config                             2007     2007        2        0       4
                idloc                              2000     2000        4        0       5
dist/default/production\Lab3_Slave_1.X.production.o
                cinit                                11       11        8        8       0
                intentry                              4        4        A        8       0
                config                             2007     2007        2        0       4
                idloc                              2000     2000        4        0       5
                text12                              1A8      1A8        4        8       0
                text11                              1A3      1A3        5        8       0
                text10                              196      196        7        8       0
                text9                               186      186        9        8       0
                text8                               19D      19D        6        8       0
                text7                               18F      18F        7        8       0
                text6                                7D       7D       5F        8       0
                text5                               179      179        D        8       0
                text4                               161      161       18        8       0
                text3                                19       19       64        8       0
                text2                               143      143       1E        8       0
                text1                                DC       DC       43        8       0
                maintext                            11F      11F       24        8       0
                cstackBANK0                          20       20        6       20       1
                cstackCOMMON                         70       70        5       70       1
                bssCOMMON                            75       75        4       70       1

TOTAL           Name                               Link     Load   Length     Space
        CLASS   CODE           
                end_init                              E        E        3         0
                cinit                                11       11        8         0
                intentry                              4        4        A         0
                reset_vec                             0        0        3         0
                text12                              1A8      1A8        4         0
                text11                              1A3      1A3        5         0
                text10                              196      196        7         0
                text9                               186      186        9         0
                text8                               19D      19D        6         0
                text7                               18F      18F        7         0
                text6                                7D       7D       5F         0
                text5                               179      179        D         0
                text4                               161      161       18         0
                text3                                19       19       64         0
                text2                               143      143       1E         0
                text1                                DC       DC       43         0
                maintext                            11F      11F       24         0

        CLASS   STRCODE        

        CLASS   STRING         

        CLASS   CONST          

        CLASS   ENTRY          

        CLASS   COMMON         
                cstackCOMMON                         70       70        5         1
                bssCOMMON                            75       75        4         1

        CLASS   BANK0          
                cstackBANK0                          20       20        6         1

        CLASS   BANK1          

        CLASS   BANK2          

        CLASS   BANK3          

        CLASS   RAM            

        CLASS   ABS1           
                abs_s1                               7E       7E        2         1

        CLASS   SFR0           

        CLASS   SFR1           

        CLASS   SFR2           

        CLASS   SFR3           

        CLASS   CONFIG         
                config                             2007     2007        2         4

        CLASS   IDLOC          
                idloc                              2000     2000        4         5

        CLASS   EEDATA         

        CLASS   STACK          



SEGMENTS        Name                           Load    Length   Top    Selector   Space  Class     Delta

                reset_vec                      000000  000003  000003         0       0  CODE        2
                intentry                       000004  0001A8  0001AC         8       0  CODE        2
                cstackBANK0                    000020  000006  000026        20       1  BANK0       1
                cstackCOMMON                   000070  000009  000079        70       1  COMMON      1


UNUSED ADDRESS RANGES

        Name                Unused          Largest block    Delta
        BANK0            0026-006F             4A           1
        BANK1            00A0-00EF             50           1
        BANK2            0110-016F             60           1
        BANK3            0190-01EF             60           1
        CODE             0003-0003              1           2
                         01AC-1FFF            800
        COMMON           0079-007D              5           1
        CONST            0003-0003              1           2
                         01AC-1FFF            100
        EEDATA           2100-21FF            100           2
        ENTRY            0003-0003              1           2
                         01AC-1FFF            100
        RAM              0026-006F             4A           1
                         00A0-00EF             50
                         0110-016F             60
                         0190-01EF             60
        SFR0             0000-001F             20           1
        SFR1             0080-009F             20           1
        SFR2             0100-010F             10           1
        SFR3             0180-018F             10           1
        STRCODE          0003-0003              1           2
                         01AC-1FFF           1E54
        STRING           0003-0003              1           2
                         01AC-1FFF            100

                                  Symbol Table

_ADCON0bits              (abs)        001F
_ADCON1bits              (abs)        009F
_ADIF                    (abs)        0066
_ADRESH                  (abs)        001E
_ANSELH                  (abs)        0189
_ANSELbits               (abs)        0188
_INTCONbits              (abs)        000B
_IOCBbits                (abs)        0096
_OPTION_REGbits          (abs)        0081
_OSCCONbits              (abs)        008F
_PIE1bits                (abs)        008C
_PIR1bits                (abs)        000C
_PORTA                   (abs)        0005
_PORTB                   (abs)        0006
_PORTD                   (abs)        0008
_RB0                     (abs)        0030
_RB1                     (abs)        0031
_RBIF                    (abs)        0058
_SSPBUF                  (abs)        0013
_SSPCON                  (abs)        0014
_SSPIF                   (abs)        0063
_SSPSTAT                 (abs)        0094
_SSPSTATbits             (abs)        0094
_TRISA                   (abs)        0085
_TRISAbits               (abs)        0085
_TRISB                   (abs)        0086
_TRISC3                  (abs)        043B
_TRISC5                  (abs)        043D
_TRISD                   (abs)        0088
_WPUBbits                (abs)        0095
__H__absolute__          __absolute__ 0000
__Habs1                  abs1         0000
__Hbank0                 bank0        0000
__Hbank1                 bank1        0000
__Hbank2                 bank2        0000
__Hbank3                 bank3        0000
__HbssCOMMON             bssCOMMON    0000
__Hcinit                 cinit        0019
__Hclrtext               clrtext      0000
__Hcode                  code         0000
__Hcommon                common       0000
__Hconfig                config       2009
__HcstackBANK0           cstackBANK0  0000
__HcstackCOMMON          cstackCOMMON 0000
__Heeprom_data           eeprom_data  0000
__Hend_init              end_init     0011
__Hfunctab               functab      0000
__Hidloc                 idloc        2004
__Hinit                  init         000E
__Hintentry              intentry     000E
__Hmaintext              maintext     0000
__Hpowerup               powerup      0000
__Hram                   ram          0000
__Hreset_vec             reset_vec    0003
__Hsfr0                  sfr0         0000
__Hsfr1                  sfr1         0000
__Hsfr2                  sfr2         0000
__Hsfr3                  sfr3         0000
__Hspace_0               (abs)        01AC
__Hspace_1               (abs)        0079
__Hspace_2               (abs)        0000
__Hspace_3               (abs)        0000
__Hspace_4               (abs)        4010
__Hstack                 stack        0000
__Hstrings               strings      0000
__Htext                  text         0000
__L__absolute__          __absolute__ 0000
__Labs1                  abs1         0000
__Lbank0                 bank0        0000
__Lbank1                 bank1        0000
__Lbank2                 bank2        0000
__Lbank3                 bank3        0000
__LbssCOMMON             bssCOMMON    0000
__Lcinit                 cinit        0011
__Lclrtext               clrtext      0000
__Lcode                  code         0000
__Lcommon                common       0000
__Lconfig                config       0000
__LcstackBANK0           cstackBANK0  0000
__LcstackCOMMON          cstackCOMMON 0000
__Leeprom_data           eeprom_data  0000
__Lend_init              end_init     000E
__Lfunctab               functab      0000
__Lidloc                 idloc        0000
__Linit                  init         000E
__Lintentry              intentry     0004
__Lmaintext              maintext     0000
__Lpowerup               powerup      0000
__Lram                   ram          0000
__Lreset_vec             reset_vec    0000
__Lsfr0                  sfr0         0000
__Lsfr1                  sfr1         0000
__Lsfr2                  sfr2         0000
__Lsfr3                  sfr3         0000
__Lspace_0               (abs)        0000
__Lspace_1               (abs)        0000
__Lspace_2               (abs)        0000
__Lspace_3               (abs)        0000
__Lspace_4               (abs)        0000
__Lstack                 stack        0000
__Lstrings               strings      0000
__Ltext                  text         0000
__S0                     (abs)        01AC
__S1                     (abs)        0079
__S3                     (abs)        0000
___int_sp                stack        0000
___latbits               (abs)        0002
___sp                    stack        0000
___stackhi               (abs)        0000
___stacklo               (abs)        0000
__end_of__initialization cinit        0015
__end_of_adcChannel      text5        0186
__end_of_adcConfig       text4        0179
__end_of_adcRead         text12       01AC
__end_of_configOsc       text3        007D
__end_of_downButtonF     text11       01A8
__end_of_isr             text6        00DC
__end_of_main            maintext     0143
__end_of_setup           text1        011F
__end_of_spiInit         text2        0161
__end_of_spiRead         text9        018F
__end_of_spiReceiveWait  text10       019D
__end_of_spiWrite        text8        01A3
__end_of_upButtonF       text7        0196
__initialization         cinit        0011
__pbssCOMMON             bssCOMMON    0075
__pcstackBANK0           cstackBANK0  0020
__pcstackCOMMON          cstackCOMMON 0070
__pintentry              intentry     0004
__pmaintext              maintext     011F
__ptext1                 text1        00DC
__ptext10                text10       0196
__ptext11                text11       01A3
__ptext12                text12       01A8
__ptext2                 text2        0143
__ptext3                 text3        0019
__ptext4                 text4        0161
__ptext5                 text5        0179
__ptext6                 text6        007D
__ptext7                 text7        018F
__ptext8                 text8        019D
__ptext9                 text9        0186
_adcChannel              text5        0179
_adcConfig               text4        0161
_adcRead                 text12       01A8
_adcValue                bssCOMMON    0077
_configOsc               text3        0019
_contValue               bssCOMMON    0076
_downButtonF             text11       01A3
_isr                     text6        007D
_main                    maintext     011F
_setup                   text1        00DC
_slaveSelect             bssCOMMON    0075
_spiInit                 text2        0143
_spiRead                 text9        0186
_spiReceiveWait          text10       0196
_spiWrite                text8        019D
_upButtonF               text7        018F
adcChannel@channel       cstackBANK0  0021
btemp                    (abs)        007E
configOsc@frec           cstackBANK0  0020
end_of_initialization    cinit        0015
interrupt_function       intentry     0004
intlevel0                functab      0000
intlevel1                functab      0000
intlevel2                functab      0000
intlevel3                functab      0000
intlevel4                functab      0000
intlevel5                functab      0000
reset_vec                reset_vec    0000
saved_w                  (abs)        007E
spiInit@sClockIdle       cstackBANK0  0021
spiInit@sDataSample      cstackBANK0  0020
spiInit@sTransmitEdge    cstackBANK0  0022
spiInit@sType            cstackBANK0  0023
spiWrite@dat             cstackCOMMON 0070
start                    init         000E
start_initialization     cinit        0011
wtemp0                   (abs)        007E


MODULE INFORMATION

Module		Function		Class		Link	Load	Size
adc_c.c
		_adcRead       		CODE           	01A8	0000	4
		_adcChannel    		CODE           	0179	0000	13
		_adcConfig     		CODE           	0161	0000	24

adc_c.c estimated size: 41

oscilador.c
		_configOsc     		CODE           	0019	0000	100

oscilador.c estimated size: 100

E:/Universidad/Semestre2_2023/Digital-2/Lab3/Lab3_Slave_1.X/Lab3Slave1.c
		_main          		CODE           	011F	0000	36
		_downButtonF   		CODE           	01A3	0000	5
		_isr           		CODE           	007D	0000	95
		_setup         		CODE           	00DC	0000	67
		_upButtonF     		CODE           	018F	0000	7

E:/Universidad/Semestre2_2023/Digital-2/Lab3/Lab3_Slave_1.X/Lab3Slave1.c estimated size: 210

shared
		__initialization		CODE           	0011	0000	4

shared estimated size: 4

SPI.c
		_spiWrite      		CODE           	019D	0000	6
		_spiInit       		CODE           	0143	0000	30
		_spiReceiveWait		CODE           	0196	0000	7
		_spiRead       		CODE           	0186	0000	9

SPI.c estimated size: 52

