Microchip MPLAB XC8 Compiler V2.41

Linker command line:

-W-3 \
  --edf=C:\Program Files\Microchip\xc8\v2.41\pic\dat\20230208172133_en.msgs \
  -cn -h+dist/default/production\Lab1.X.production.sym \
  --cmf=dist/default/production\Lab1.X.production.cmf -z -Q16F887 \
  -oC:\Users\WMGWW\AppData\Local\Temp\xcAsccg.\driver_tmp_3.o \
  --defsym=__MPLAB_BUILD=1 --fixupoverflow=error \
  -Mdist/default/production/Lab1.X.production.map \
  --md=C:\Users\WMGWW\AppData\Local\Temp\xcAsccg.\driver_tmp_0.dat -E1 \
  -ver=XC8 Compiler --acfsm=1493 -ACODE=00h-07FFhx4 -ASTRCODE=00h-01FFFh \
  -ASTRING=00h-0FFhx32 -ACONST=00h-0FFhx32 -AENTRY=00h-0FFhx32 \
  -ACOMMON=070h-07Fh -ABANK0=020h-06Fh -ABANK1=0A0h-0EFh \
  -ABANK2=0110h-016Fh -ABANK3=0190h-01EFh \
  -ARAM=020h-06Fh,0A0h-0EFh,0110h-016Fh,0190h-01EFh \
  -AABS1=020h-07Fh,0A0h-0EFh,0110h-016Fh,0190h-01EFh -ASFR0=00h-01Fh \
  -ASFR1=080h-09Fh -ASFR2=0100h-010Fh -ASFR3=0180h-018Fh \
  -ACONFIG=02007h-02008h -DCONFIG=2 -AIDLOC=02000h-02003h -DIDLOC=2 \
  -AEEDATA=00h-0FFh/02100h -peeprom_data=EEDATA -DEEDATA=2 -DCODE=2 \
  -DSTRCODE=2 -DSTRING=2 -DCONST=2 -DENTRY=2 \
  -preset_vec=00h,intentry=04h,init,end_init -ppowerup=CODE -pcinit=CODE \
  -pfunctab=ENTRY -k \
  C:\Users\WMGWW\AppData\Local\Temp\xcAsccg.\driver_tmp_12.o \
  dist/default/production\Lab1.X.production.o 

Object code version is 3.11

Machine type is 16F887



                Name                               Link     Load   Length Selector   Space Scale
C:\Users\WMGWW\AppData\Local\Temp\xcAsccg.\driver_tmp_12.o
                end_init                             10       10        3        8       0
                reset_vec                             0        0        3        0       0
                config                             2007     2007        2        0       4
                idloc                              2000     2000        4        0       5
dist/default/production\Lab1.X.production.o
                cinit                                13       13       14        8       0
                intentry                              4        4        C        8       0
                config                             2007     2007        2        0       4
                idloc                              2000     2000        4        0       5
                text9                               1AB      1AB        E        8       0
                text8                               1CB      1CB        5        8       0
                text7                               147      147       1D        8       0
                text6                               1C4      1C4        7        8       0
                text5                                27       27       82        8       0
                text4                               19B      19B       10        8       0
                text3                                A9       A9       64        8       0
                text2                               1B9      1B9        B        8       0
                text1                               10D      10D       3A        8       0
                maintext                            164      164       14        8       0
                cstackBANK0                          20       20       13       20       1
                cstackCOMMON                         70       70        A       70       1
                inittext                            178      178       13        8       0
                dataBANK0                            33       33       10       20       1
                bssBANK0                             43       43        2       20       1
                idataBANK0                          18B      18B       10        8       0

TOTAL           Name                               Link     Load   Length     Space
        CLASS   CODE           
                end_init                             10       10        3         0
                cinit                                13       13       14         0
                intentry                              4        4        C         0
                reset_vec                             0        0        3         0
                text9                               1AB      1AB        E         0
                text8                               1CB      1CB        5         0
                text7                               147      147       1D         0
                text6                               1C4      1C4        7         0
                text5                                27       27       82         0
                text4                               19B      19B       10         0
                text3                                A9       A9       64         0
                text2                               1B9      1B9        B         0
                text1                               10D      10D       3A         0
                maintext                            164      164       14         0
                inittext                            178      178       13         0
                idataBANK0                          18B      18B       10         0

        CLASS   STRCODE        

        CLASS   STRING         

        CLASS   CONST          

        CLASS   ENTRY          

        CLASS   COMMON         
                cstackCOMMON                         70       70        A         1

        CLASS   BANK0          
                cstackBANK0                          20       20       13         1
                dataBANK0                            33       33       10         1
                bssBANK0                             43       43        2         1

        CLASS   BANK1          

        CLASS   BANK2          

        CLASS   BANK3          

        CLASS   RAM            

        CLASS   ABS1           
                abs_s1                               7E       7E        2         1

        CLASS   SFR0           

        CLASS   SFR1           

        CLASS   SFR2           

        CLASS   SFR3           

        CLASS   CONFIG         
                config                             2007     2007        2         4

        CLASS   IDLOC          
                idloc                              2000     2000        4         5

        CLASS   EEDATA         

        CLASS   STACK          



SEGMENTS        Name                           Load    Length   Top    Selector   Space  Class     Delta

                reset_vec                      000000  000003  000003         0       0  CODE        2
                intentry                       000004  0001CC  0001D0         8       0  CODE        2
                cstackBANK0                    000020  000025  000045        20       1  BANK0       1
                cstackCOMMON                   000070  00000A  00007A        70       1  COMMON      1


UNUSED ADDRESS RANGES

        Name                Unused          Largest block    Delta
        BANK0            0045-006F             2B           1
        BANK1            00A0-00EF             50           1
        BANK2            0110-016F             60           1
        BANK3            0190-01EF             60           1
        CODE             0003-0003              1           2
                         01D0-1FFF            800
        COMMON           007A-007D              4           1
        CONST            0003-0003              1           2
                         01D0-1FFF            100
        EEDATA           2100-21FF            100           2
        ENTRY            0003-0003              1           2
                         01D0-1FFF            100
        RAM              0045-006F             2B           1
                         00A0-00EF             50
                         0110-016F             60
                         0190-01EF             60
        SFR0             0000-001F             20           1
        SFR1             0080-009F             20           1
        SFR2             0100-010F             10           1
        SFR3             0180-018F             10           1
        STRCODE          0003-0003              1           2
                         01D0-1FFF           1E30
        STRING           0003-0003              1           2
                         01D0-1FFF            100

                                  Symbol Table

_ADCON0bits                  (abs)        001F
_ADCON1bits                  (abs)        009F
_ADIF                        (abs)        0066
_ADRESH                      (abs)        001E
_ANSELH                      (abs)        0189
_ANSELbits                   (abs)        0188
_INTCONbits                  (abs)        000B
_IOCBbits                    (abs)        0096
_OPTION_REGbits              (abs)        0081
_OSCCONbits                  (abs)        008F
_PIE1bits                    (abs)        008C
_PIR1bits                    (abs)        000C
_PORTB                       (abs)        0006
_PORTBbits                   (abs)        0006
_PORTC                       (abs)        0007
_PORTD                       (abs)        0008
_RB0                         (abs)        0030
_RB1                         (abs)        0031
_RBIF                        (abs)        0058
_T0IF                        (abs)        005A
_TMR0                        (abs)        0001
_TRISA                       (abs)        0085
_TRISB                       (abs)        0086
_TRISC                       (abs)        0087
_TRISD                       (abs)        0088
_WPUBbits                    (abs)        0095
__H__absolute__              __absolute__ 0000
__Habs1                      abs1         0000
__Hbank0                     bank0        0000
__Hbank1                     bank1        0000
__Hbank2                     bank2        0000
__Hbank3                     bank3        0000
__HbssBANK0                  bssBANK0     0000
__Hcinit                     cinit        0027
__Hclrtext                   clrtext      0000
__Hcode                      code         0000
__Hcommon                    common       0000
__Hconfig                    config       2009
__HcstackBANK0               cstackBANK0  0000
__HcstackCOMMON              cstackCOMMON 0000
__HdataBANK0                 dataBANK0    0000
__Heeprom_data               eeprom_data  0000
__Hend_init                  end_init     0013
__Hfunctab                   functab      0000
__HidataBANK0                idataBANK0   0000
__Hidloc                     idloc        2004
__Hinit                      init         0010
__Hinittext                  inittext     0000
__Hintentry                  intentry     0010
__Hmaintext                  maintext     0000
__Hpowerup                   powerup      0000
__Hram                       ram          0000
__Hreset_vec                 reset_vec    0003
__Hsfr0                      sfr0         0000
__Hsfr1                      sfr1         0000
__Hsfr2                      sfr2         0000
__Hsfr3                      sfr3         0000
__Hspace_0                   (abs)        01D0
__Hspace_1                   (abs)        007A
__Hspace_2                   (abs)        0000
__Hspace_3                   (abs)        0000
__Hspace_4                   (abs)        4010
__Hstack                     stack        0000
__Hstrings                   strings      0000
__Htext                      text         0000
__L__absolute__              __absolute__ 0000
__Labs1                      abs1         0000
__Lbank0                     bank0        0000
__Lbank1                     bank1        0000
__Lbank2                     bank2        0000
__Lbank3                     bank3        0000
__LbssBANK0                  bssBANK0     0000
__Lcinit                     cinit        0013
__Lclrtext                   clrtext      0000
__Lcode                      code         0000
__Lcommon                    common       0000
__Lconfig                    config       0000
__LcstackBANK0               cstackBANK0  0000
__LcstackCOMMON              cstackCOMMON 0000
__LdataBANK0                 dataBANK0    0000
__Leeprom_data               eeprom_data  0000
__Lend_init                  end_init     0010
__Lfunctab                   functab      0000
__LidataBANK0                idataBANK0   0000
__Lidloc                     idloc        0000
__Linit                      init         0010
__Linittext                  inittext     0000
__Lintentry                  intentry     0004
__Lmaintext                  maintext     0000
__Lpowerup                   powerup      0000
__Lram                       ram          0000
__Lreset_vec                 reset_vec    0000
__Lsfr0                      sfr0         0000
__Lsfr1                      sfr1         0000
__Lsfr2                      sfr2         0000
__Lsfr3                      sfr3         0000
__Lspace_0                   (abs)        0000
__Lspace_1                   (abs)        0000
__Lspace_2                   (abs)        0000
__Lspace_3                   (abs)        0000
__Lspace_4                   (abs)        0000
__Lstack                     stack        0000
__Lstrings                   strings      0000
__Ltext                      text         0000
__S0                         (abs)        01D0
__S1                         (abs)        007A
__S3                         (abs)        0000
___int_sp                    stack        0000
___latbits                   (abs)        0002
___sp                        stack        0000
___stackhi                   (abs)        0000
___stacklo                   (abs)        0000
__end_of__initialization     cinit        0023
__end_of_adc_change_channel  text9        01B9
__end_of_adc_init            text4        01AB
__end_of_configOsc           text3        010D
__end_of_downButtonF         text8        01D0
__end_of_ioc_init            text2        01C4
__end_of_isr                 text5        00A9
__end_of_main                maintext     0178
__end_of_setupF              text1        0147
__end_of_sevenSegmentDisplay text7        0164
__end_of_upButtonF           text6        01CB
__initialization             cinit        0013
__pbssBANK0                  bssBANK0     0043
__pcstackBANK0               cstackBANK0  0020
__pcstackCOMMON              cstackCOMMON 0070
__pdataBANK0                 dataBANK0    0033
__pidataBANK0                idataBANK0   018B
__pintentry                  intentry     0004
__pmaintext                  maintext     0164
__ptext1                     text1        010D
__ptext2                     text2        01B9
__ptext3                     text3        00A9
__ptext4                     text4        019B
__ptext5                     text5        0027
__ptext6                     text6        01C4
__ptext7                     text7        0147
__ptext8                     text8        01CB
__ptext9                     text9        01AB
_adc_change_channel          text9        01AB
_adc_init                    text4        019B
_c                           bssBANK0     0044
_configOsc                   text3        00A9
_display                     bssBANK0     0043
_downButtonF                 text8        01CB
_ioc_init                    text2        01B9
_isr                         text5        0027
_main                        maintext     0164
_setupF                      text1        010D
_sevenSegmentDisplay         text7        0147
_upButtonF                   text6        01C4
adc_change_channel@channel   cstackCOMMON 0071
adc_init@channel             cstackBANK0  0031
btemp                        (abs)        007E
configOsc@frec               cstackBANK0  0031
end_of_initialization        cinit        0023
init_fetch0                  inittext     0178
init_ram0                    inittext     017C
interrupt_function           intentry     0004
intlevel0                    functab      0000
intlevel1                    functab      0000
intlevel2                    functab      0000
intlevel3                    functab      0000
intlevel4                    functab      0000
intlevel5                    functab      0000
reset_vec                    reset_vec    0000
saved_w                      (abs)        007E
sevenSegmentDisplay@F1296    dataBANK0    0033
sevenSegmentDisplay@number   cstackBANK0  0030
sevenSegmentDisplay@table    cstackBANK0  0020
start                        init         0010
start_initialization         cinit        0013
wtemp0                       (abs)        007E


MODULE INFORMATION

Module		Function		Class		Link	Load	Size
oscilador.c
		_configOsc     		CODE           	00A9	0000	100

oscilador.c estimated size: 100

sevensd.c
		_sevenSegmentDisplay		CODE           	0147	0000	29

sevensd.c estimated size: 29

shared
		__initialization		CODE           	0013	0000	16

shared estimated size: 16

setup.c
		_ioc_init      		CODE           	01B9	0000	11
		_downButtonF   		CODE           	01CB	0000	5
		_upButtonF     		CODE           	01C4	0000	7
		_setupF        		CODE           	010D	0000	58

setup.c estimated size: 81

main.c
		_main          		CODE           	0164	0000	20
		_isr           		CODE           	0027	0000	130

main.c estimated size: 150

ADC_Interrupt.c
		_adc_change_channel		CODE           	01AB	0000	14
		_adc_init      		CODE           	019B	0000	16

ADC_Interrupt.c estimated size: 30

