Microchip MPLAB XC8 Compiler V2.41

Linker command line:

-W-3 \
  --edf=C:\Program Files\Microchip\xc8\v2.41\pic\dat\20230208172133_en.msgs \
  -cn -h+dist/default/production\Lab3_Master.X.production.sym \
  --cmf=dist/default/production\Lab3_Master.X.production.cmf -z -Q16F887 \
  -oC:\Users\WMGWW\AppData\Local\Temp\xcAso30.\driver_tmp_3.o \
  --defsym=__MPLAB_BUILD=1 --fixupoverflow=error \
  -Mdist/default/production/Lab3_Master.X.production.map \
  --md=C:\Users\WMGWW\AppData\Local\Temp\xcAso30.\driver_tmp_0.dat -E1 \
  -ver=XC8 Compiler --acfsm=1493 -ACODE=00h-07FFhx4 -ASTRCODE=00h-01FFFh \
  -ASTRING=00h-0FFhx32 -ACONST=00h-0FFhx32 -AENTRY=00h-0FFhx32 \
  -ACOMMON=070h-07Fh -ABANK0=020h-06Fh -ABANK1=0A0h-0EFh \
  -ABANK2=0110h-016Fh -ABANK3=0190h-01EFh \
  -ARAM=020h-06Fh,0A0h-0EFh,0110h-016Fh,0190h-01EFh \
  -AABS1=020h-07Fh,0A0h-0EFh,0110h-016Fh,0190h-01EFh -ASFR0=00h-01Fh \
  -ASFR1=080h-09Fh -ASFR2=0100h-010Fh -ASFR3=0180h-018Fh \
  -ACONFIG=02007h-02008h -DCONFIG=2 -AIDLOC=02000h-02003h -DIDLOC=2 \
  -AEEDATA=00h-0FFh/02100h -peeprom_data=EEDATA -DEEDATA=2 -DCODE=2 \
  -DSTRCODE=2 -DSTRING=2 -DCONST=2 -DENTRY=2 \
  -preset_vec=00h,intentry,init,end_init -ppowerup=CODE -pcinit=CODE \
  -pfunctab=ENTRY -k \
  C:\Users\WMGWW\AppData\Local\Temp\xcAso30.\driver_tmp_17.o \
  dist/default/production\Lab3_Master.X.production.o 

Object code version is 3.11

Machine type is 16F887



                Name                               Link     Load   Length Selector   Space Scale
C:\Users\WMGWW\AppData\Local\Temp\xcAso30.\driver_tmp_17.o
                end_init                              0        0        3        0       0
                config                             2007     2007        2        0       4
                idloc                              2000     2000        4        0       5
dist/default/production\Lab3_Master.X.production.o
                cinit                               7ED      7ED       13      FDA       0
                config                             2007     2007        2        0       4
                idloc                              2000     2000        4        0       5
                text35                             1E49     1E49       3E     3C92       0
                text34                             1D77     1D77       1A     3AEE       0
                text33                             1D2C     1D2C        D     3A58       0
                text32                             1D91     1D91       20     3B22       0
                text31                             1D4B     1D4B       16     3A96       0
                text30                             1E87     1E87       42     3D0E       0
                text29                             1F5B     1F5B       51     3EB6       0
                text28                             1145     1145       5C     228A       0
                text27                             1D61     1D61       16     3AC2       0
                text26                             1E21     1E21       28     3C42       0
                text25                             1D09     1D09        7     3A12       0
                text24                             1D18     1D18        9     3A30       0
                text23                             1D03     1D03        6     3A06       0
                text22                             1F0D     1F0D       4E     3E1A       0
                text21                              802      802       A2     1004       0
                text20                             1D21     1D21        B     3A42       0
                text19                             15A8     15A8      258     2B50       0
                text18                             1DB1     1DB1       24     3B62       0
                text17                             126E     126E       78     24DC       0
                text16                             11A1     11A1       66     2342       0
                text15                             1FAC     1FAC       54     3F58       0
                text14                             1DD5     1DD5       25     3BAA       0
                text13                              8A4      8A4       B8     1148       0
                text12                                4        4       B8        8       0
                text11                             12E6     12E6       B7     25CC       0
                text10                             1DFA     1DFA       27     3BF4       0
                text9                               95C      95C      345     12B8       0
                text8                              1EC9     1EC9       44     3D92       0
                text7                              10B2     10B2       3A     2164       0
                text6                              139D     139D      20B     273A       0
                text5                              1D39     1D39       12     3A72       0
                text4                              1207     1207       67     240E       0
                text3                              10EC     10EC       59     21D8       0
                text2                               CA1      CA1      35F     1942       0
                text1                               199      199      654      332       0
                maintext                             BC       BC       DD      178       0
                cstackBANK0                          20       20       4F       20       1
                cstackCOMMON                         70       70        E       70       1
                cstackBANK1                          A0       A0       22       A0       1
                clrtext                            1D10     1D10        8     3A20       0
                bssBANK1                             C2       C2       19       A0       1
                dataBANK0                            6F       6F        1       20       1
                strings                            1000     1000       B2     2000       0
                idataBANK0                            3        3        1        0       0

TOTAL           Name                               Link     Load   Length     Space
        CLASS   CODE           
                end_init                              0        0        3         0
                cinit                               7ED      7ED       13         0
                text35                             1E49     1E49       3E         0
                text34                             1D77     1D77       1A         0
                text33                             1D2C     1D2C        D         0
                text32                             1D91     1D91       20         0
                text31                             1D4B     1D4B       16         0
                text30                             1E87     1E87       42         0
                text29                             1F5B     1F5B       51         0
                text28                             1145     1145       5C         0
                text27                             1D61     1D61       16         0
                text26                             1E21     1E21       28         0
                text25                             1D09     1D09        7         0
                text24                             1D18     1D18        9         0
                text23                             1D03     1D03        6         0
                text22                             1F0D     1F0D       4E         0
                text21                              802      802       A2         0
                text20                             1D21     1D21        B         0
                text19                             15A8     15A8      258         0
                text18                             1DB1     1DB1       24         0
                text17                             126E     126E       78         0
                text16                             11A1     11A1       66         0
                text15                             1FAC     1FAC       54         0
                text14                             1DD5     1DD5       25         0
                text13                              8A4      8A4       B8         0
                text12                                4        4       B8         0
                text11                             12E6     12E6       B7         0
                text10                             1DFA     1DFA       27         0
                text9                               95C      95C      345         0
                text8                              1EC9     1EC9       44         0
                text7                              10B2     10B2       3A         0
                text6                              139D     139D      20B         0
                text5                              1D39     1D39       12         0
                text4                              1207     1207       67         0
                text3                              10EC     10EC       59         0
                text2                               CA1      CA1      35F         0
                text1                               199      199      654         0
                maintext                             BC       BC       DD         0
                clrtext                            1D10     1D10        8         0
                idataBANK0                            3        3        1         0

        CLASS   STRCODE        

        CLASS   STRING         
                strings                            1000     1000       B2         0

        CLASS   CONST          

        CLASS   ENTRY          

        CLASS   COMMON         
                cstackCOMMON                         70       70        E         1

        CLASS   BANK0          
                cstackBANK0                          20       20       4F         1
                dataBANK0                            6F       6F        1         1

        CLASS   BANK1          
                cstackBANK1                          A0       A0       22         1
                bssBANK1                             C2       C2       19         1

        CLASS   BANK2          

        CLASS   BANK3          

        CLASS   RAM            

        CLASS   ABS1           
                abs_s1                               7E       7E        2         1

        CLASS   SFR0           

        CLASS   SFR1           

        CLASS   SFR2           

        CLASS   SFR3           

        CLASS   CONFIG         
                config                             2007     2007        2         4

        CLASS   IDLOC          
                idloc                              2000     2000        4         5

        CLASS   EEDATA         

        CLASS   STACK          



SEGMENTS        Name                           Load    Length   Top    Selector   Space  Class     Delta

                reset_vec                      000000  000004  000004         0       0  CODE        2
                text12                         000004  0000B8  0000BC         8       0  CODE        2
                cstackBANK0                    000020  000050  000070        20       1  BANK0       1
                cstackCOMMON                   000070  00000E  00007E        70       1  COMMON      1
                cstackBANK1                    0000A0  00003B  0000DB        A0       1  BANK1       1
                maintext                       0000BC  0000DD  000199       178       0  CODE        2
                text1                          000199  000654  0007ED       332       0  CODE        2
                cinit                          0007ED  000013  000800       FDA       0  CODE        2
                text21                         000802  0000A2  0008A4      1004       0  CODE        2
                text13                         0008A4  0000B8  00095C      1148       0  CODE        2
                text9                          00095C  000345  000CA1      12B8       0  CODE        2
                text2                          000CA1  00035F  001000      1942       0  CODE        2
                strings                        001000  0000B2  0010B2      2000       0  STRING      2
                text7                          0010B2  00003A  0010EC      2164       0  CODE        2
                text3                          0010EC  000059  001145      21D8       0  CODE        2
                text28                         001145  00005C  0011A1      228A       0  CODE        2
                text16                         0011A1  000066  001207      2342       0  CODE        2
                text4                          001207  000067  00126E      240E       0  CODE        2
                text17                         00126E  000078  0012E6      24DC       0  CODE        2
                text11                         0012E6  0000B7  00139D      25CC       0  CODE        2
                text6                          00139D  00020B  0015A8      273A       0  CODE        2
                text19                         0015A8  000258  001800      2B50       0  CODE        2
                text23                         001D03  000006  001D09      3A06       0  CODE        2
                text25                         001D09  000007  001D10      3A12       0  CODE        2
                clrtext                        001D10  000008  001D18      3A20       0  CODE        2
                text24                         001D18  000009  001D21      3A30       0  CODE        2
                text20                         001D21  00000B  001D2C      3A42       0  CODE        2
                text33                         001D2C  00000D  001D39      3A58       0  CODE        2
                text5                          001D39  000012  001D4B      3A72       0  CODE        2
                text31                         001D4B  000016  001D61      3A96       0  CODE        2
                text27                         001D61  000016  001D77      3AC2       0  CODE        2
                text34                         001D77  00001A  001D91      3AEE       0  CODE        2
                text32                         001D91  000020  001DB1      3B22       0  CODE        2
                text18                         001DB1  000024  001DD5      3B62       0  CODE        2
                text14                         001DD5  000025  001DFA      3BAA       0  CODE        2
                text10                         001DFA  000027  001E21      3BF4       0  CODE        2
                text26                         001E21  000028  001E49      3C42       0  CODE        2
                text35                         001E49  00003E  001E87      3C92       0  CODE        2
                text30                         001E87  000042  001EC9      3D0E       0  CODE        2
                text8                          001EC9  000044  001F0D      3D92       0  CODE        2
                text22                         001F0D  00004E  001F5B      3E1A       0  CODE        2
                text29                         001F5B  000051  001FAC      3EB6       0  CODE        2
                text15                         001FAC  000054  002000      3F58       0  CODE        2


UNUSED ADDRESS RANGES

        Name                Unused          Largest block    Delta
        BANK1            00DB-00EF             15           1
        BANK2            0110-016F             60           1
        BANK3            0190-01EF             60           1
        CODE             0800-0801              2           2
                         1800-1D02            503
        CONST            0800-0801              2           2
                         1800-1D02            100
        EEDATA           2100-21FF            100           2
        ENTRY            0800-0801              2           2
                         1800-1D02            100
        RAM              00DB-00EF             15           1
                         0110-016F             60
                         0190-01EF             60
        SFR0             0000-001F             20           1
        SFR1             0080-009F             20           1
        SFR2             0100-010F             10           1
        SFR3             0180-018F             10           1
        STRCODE          0800-0801              2           2
                         1800-1D02            503
        STRING           0800-0801              2           2
                         1800-1D02            100

                                  Symbol Table

?__Umul8_16               cstackCOMMON 0070
?___awdiv                 cstackCOMMON 0076
?___awmod                 cstackCOMMON 0070
?___fladd                 cstackBANK0  004E
?___flmul                 cstackBANK0  0020
?___flneg                 cstackCOMMON 0070
?___flsub                 cstackBANK0  0062
?___fltol                 cstackBANK0  004D
?___lldiv                 cstackCOMMON 0070
?___llmod                 cstackCOMMON 0070
?___lwdiv                 cstackCOMMON 0075
?___lwmod                 cstackCOMMON 0070
?___wmul                  cstackCOMMON 0070
?___xxtofl                cstackCOMMON 0070
?__div_to_l_              cstackCOMMON 0070
?__tdiv_to_l_             cstackCOMMON 0070
?_fround                  cstackBANK0  003A
?_scale                   cstackBANK0  003A
?_sprintf                 cstackBANK0  006A
Lcd_Cmd@a                 cstackCOMMON 0073
Lcd_Port@a                cstackCOMMON 0070
Lcd_Set_Cursor@a          cstackCOMMON 0075
Lcd_Set_Cursor@b          cstackCOMMON 0074
Lcd_Set_Cursor@temp       cstackCOMMON 0076
Lcd_Write_Char@a          cstackCOMMON 0072
Lcd_Write_String@a        cstackCOMMON 0073
Lcd_Write_String@i        cstackCOMMON 0078
_ANSELH                   (abs)        0189
_Lcd_Clear                text33       1D2C
_Lcd_Cmd                  text34       1D77
_Lcd_Init                 text29       1F5B
_Lcd_Port                 text35       1E49
_Lcd_Set_Cursor           text32       1D91
_Lcd_Write_Char           text31       1D4B
_Lcd_Write_String         text30       1E87
_OSCCONbits               (abs)        008F
_PORTB                    (abs)        0006
_PORTC                    (abs)        0007
_PORTCbits                (abs)        0007
_PORTD                    (abs)        0008
_RC0                      (abs)        0038
_RC1                      (abs)        0039
_RD0                      (abs)        0040
_RD1                      (abs)        0041
_RD2                      (abs)        0042
_RD3                      (abs)        0043
_RD4                      (abs)        0044
_RD5                      (abs)        0045
_RD6                      (abs)        0046
_RD7                      (abs)        0047
_SSPBUF                   (abs)        0013
_SSPCON                   (abs)        0014
_SSPSTAT                  (abs)        0094
_SSPSTATbits              (abs)        0094
_TRISB                    (abs)        0086
_TRISC                    (abs)        0087
_TRISC2                   (abs)        043A
_TRISC3                   (abs)        043B
_TRISC5                   (abs)        043D
_TRISD                    (abs)        0088
__H__absolute__           __absolute__ 0000
__Habs1                   abs1         0000
__Hbank0                  bank0        0000
__Hbank1                  bank1        0000
__Hbank2                  bank2        0000
__Hbank3                  bank3        0000
__HbssBANK1               bssBANK1     0000
__Hcinit                  cinit        0800
__Hclrtext                clrtext      0000
__Hcode                   code         0000
__Hcommon                 common       0000
__Hconfig                 config       2009
__HcstackBANK0            cstackBANK0  0000
__HcstackBANK1            cstackBANK1  0000
__HcstackCOMMON           cstackCOMMON 0000
__HdataBANK0              dataBANK0    0000
__Heeprom_data            eeprom_data  0000
__Hend_init               end_init     0003
__Hfunctab                functab      0000
__HidataBANK0             idataBANK0   0000
__Hidloc                  idloc        2004
__Hinit                   init         0000
__Hintentry               intentry     0000
__Hmaintext               maintext     0000
__Hpowerup                powerup      0000
__Hram                    ram          0000
__Hreset_vec              reset_vec    0000
__Hsfr0                   sfr0         0000
__Hsfr1                   sfr1         0000
__Hsfr2                   sfr2         0000
__Hsfr3                   sfr3         0000
__Hspace_0                (abs)        2000
__Hspace_1                (abs)        00DB
__Hspace_2                (abs)        0000
__Hspace_3                (abs)        0000
__Hspace_4                (abs)        4010
__Hstack                  stack        0000
__Hstrings                strings      0000
__Htext                   text         0000
__L__absolute__           __absolute__ 0000
__Labs1                   abs1         0000
__Lbank0                  bank0        0000
__Lbank1                  bank1        0000
__Lbank2                  bank2        0000
__Lbank3                  bank3        0000
__LbssBANK1               bssBANK1     0000
__Lcinit                  cinit        07ED
__Lclrtext                clrtext      0000
__Lcode                   code         0000
__Lcommon                 common       0000
__Lconfig                 config       0000
__LcstackBANK0            cstackBANK0  0000
__LcstackBANK1            cstackBANK1  0000
__LcstackCOMMON           cstackCOMMON 0000
__LdataBANK0              dataBANK0    0000
__Leeprom_data            eeprom_data  0000
__Lend_init               end_init     0000
__Lfunctab                functab      0000
__LidataBANK0             idataBANK0   0000
__Lidloc                  idloc        0000
__Linit                   init         0000
__Lintentry               intentry     0000
__Lmaintext               maintext     0000
__Lpowerup                powerup      0000
__Lram                    ram          0000
__Lreset_vec              reset_vec    0000
__Lsfr0                   sfr0         0000
__Lsfr1                   sfr1         0000
__Lsfr2                   sfr2         0000
__Lsfr3                   sfr3         0000
__Lspace_0                (abs)        0000
__Lspace_1                (abs)        0000
__Lspace_2                (abs)        0000
__Lspace_3                (abs)        0000
__Lspace_4                (abs)        0000
__Lstack                  stack        0000
__Lstrings                strings      0000
__Ltext                   text         0000
__S0                      (abs)        2000
__S1                      (abs)        00DB
__S3                      (abs)        0000
__Umul8_16                text10       1DFA
__Umul8_16@multiplicand   cstackCOMMON 0070
__Umul8_16@multiplier     cstackCOMMON 0078
__Umul8_16@product        cstackCOMMON 0074
__Umul8_16@word_mpld      cstackCOMMON 0076
___awdiv                  text4        1207
___awdiv@counter          cstackCOMMON 007A
___awdiv@dividend         cstackCOMMON 0078
___awdiv@divisor          cstackCOMMON 0076
___awdiv@quotient         cstackCOMMON 007C
___awdiv@sign             cstackCOMMON 007B
___awmod                  text3        10EC
___awmod@counter          cstackCOMMON 0074
___awmod@dividend         cstackCOMMON 0072
___awmod@divisor          cstackCOMMON 0070
___awmod@sign             cstackCOMMON 0075
___fladd                  text19       15A8
___fladd@a                cstackBANK0  0052
___fladd@aexp             cstackBANK0  005F
___fladd@b                cstackBANK0  004E
___fladd@bexp             cstackBANK0  0060
___fladd@grs              cstackBANK0  0061
___fladd@signs            cstackBANK0  005E
___fleq                   text22       1F0D
___fleq@ff1               cstackCOMMON 0070
___fleq@ff2               cstackCOMMON 0074
___flge                   text21       0802
___flge@ff1               cstackCOMMON 0070
___flge@ff2               cstackCOMMON 0074
___flmul                  text9        095C
___flmul@a                cstackBANK0  0024
___flmul@aexp             cstackBANK0  0032
___flmul@b                cstackBANK0  0020
___flmul@bexp             cstackBANK0  0033
___flmul@grs              cstackBANK0  002E
___flmul@prod             cstackBANK0  0034
___flmul@sign             cstackBANK0  002D
___flmul@temp             cstackBANK0  0038
___flneg                  text20       1D21
___flneg@f1               cstackCOMMON 0070
___flsub                  text18       1DB1
___flsub@a                cstackBANK0  0062
___flsub@b                cstackBANK0  0066
___fltol                  text17       126E
___fltol@exp1             cstackBANK0  0056
___fltol@f1               cstackBANK0  004D
___fltol@sign1            cstackBANK0  0055
___int_sp                 stack        0000
___latbits                (abs)        0002
___lldiv                  text16       11A1
___lldiv@counter          cstackCOMMON 007D
___lldiv@dividend         cstackCOMMON 0074
___lldiv@divisor          cstackCOMMON 0070
___lldiv@quotient         cstackCOMMON 0079
___llmod                  text15       1FAC
___llmod@counter          cstackCOMMON 0079
___llmod@dividend         cstackCOMMON 0074
___llmod@divisor          cstackCOMMON 0070
___lwdiv                  text8        1EC9
___lwdiv@counter          cstackCOMMON 007B
___lwdiv@dividend         cstackCOMMON 0077
___lwdiv@divisor          cstackCOMMON 0075
___lwdiv@quotient         cstackCOMMON 0079
___lwmod                  text7        10B2
___lwmod@counter          cstackCOMMON 0074
___lwmod@dividend         cstackCOMMON 0072
___lwmod@divisor          cstackCOMMON 0070
___sp                     stack        0000
___stackhi                (abs)        0000
___stacklo                (abs)        0000
___wmul                   text14       1DD5
___wmul@multiplicand      cstackCOMMON 0072
___wmul@multiplier        cstackCOMMON 0070
___wmul@product           cstackCOMMON 0074
___xxtofl                 text13       08A4
___xxtofl@arg             cstackCOMMON 007A
___xxtofl@exp             cstackCOMMON 0079
___xxtofl@sign            cstackCOMMON 0078
___xxtofl@val             cstackCOMMON 0070
__div_to_l_               text12       0004
__div_to_l_@cntr          cstackBANK0  0024
__div_to_l_@exp1          cstackBANK0  0025
__div_to_l_@f1            cstackCOMMON 0070
__div_to_l_@f2            cstackCOMMON 0074
__div_to_l_@quot          cstackBANK0  0020
__end_of_Lcd_Clear        text33       1D39
__end_of_Lcd_Cmd          text34       1D91
__end_of_Lcd_Init         text29       1FAC
__end_of_Lcd_Port         text35       1E87
__end_of_Lcd_Set_Cursor   text32       1DB1
__end_of_Lcd_Write_Char   text31       1D61
__end_of_Lcd_Write_String text30       1EC9
__end_of__Umul8_16        text10       1E21
__end_of___awdiv          text4        126E
__end_of___awmod          text3        1145
__end_of___fladd          text19       1800
__end_of___fleq           text22       1F5B
__end_of___flge           text21       08A4
__end_of___flmul          text9        0CA1
__end_of___flneg          text20       1D2C
__end_of___flsub          text18       1DD5
__end_of___fltol          text17       12E6
__end_of___lldiv          text16       1207
__end_of___llmod          text15       2000
__end_of___lwdiv          text8        1F0D
__end_of___lwmod          text7        10EC
__end_of___wmul           text14       1DFA
__end_of___xxtofl         text13       095C
__end_of__div_to_l_       text12       00BC
__end_of__initialization  cinit        07FC
__end_of__npowers_        strings      1078
__end_of__powers_         strings      1044
__end_of__stringtab       strings      1010
__end_of__tdiv_to_l_      text11       139D
__end_of_configOsc        text28       11A1
__end_of_dpowers          strings      10A0
__end_of_fround           text6        15A8
__end_of_isdigit          text5        1D4B
__end_of_main             maintext     0199
__end_of_scale            text2        1000
__end_of_setup            text26       1E49
__end_of_spiInit          text27       1D77
__end_of_spiRead          text24       1D21
__end_of_spiReceiveWait   text25       1D10
__end_of_spiWrite         text23       1D09
__end_of_sprintf          text1        07ED
__initialization          cinit        07ED
__npowers_                strings      1044
__pbssBANK1               bssBANK1     00C2
__pcstackBANK0            cstackBANK0  0020
__pcstackBANK1            cstackBANK1  00A0
__pcstackCOMMON           cstackCOMMON 0070
__pdataBANK0              dataBANK0    006F
__pidataBANK0             idataBANK0   0003
__pmaintext               maintext     00BC
__powers_                 strings      1010
__pstrings                strings      1000
__ptext1                  text1        0199
__ptext10                 text10       1DFA
__ptext11                 text11       12E6
__ptext12                 text12       0004
__ptext13                 text13       08A4
__ptext14                 text14       1DD5
__ptext15                 text15       1FAC
__ptext16                 text16       11A1
__ptext17                 text17       126E
__ptext18                 text18       1DB1
__ptext19                 text19       15A8
__ptext2                  text2        0CA1
__ptext20                 text20       1D21
__ptext21                 text21       0802
__ptext22                 text22       1F0D
__ptext23                 text23       1D03
__ptext24                 text24       1D18
__ptext25                 text25       1D09
__ptext26                 text26       1E21
__ptext27                 text27       1D61
__ptext28                 text28       1145
__ptext29                 text29       1F5B
__ptext3                  text3        10EC
__ptext30                 text30       1E87
__ptext31                 text31       1D4B
__ptext32                 text32       1D91
__ptext33                 text33       1D2C
__ptext34                 text34       1D77
__ptext35                 text35       1E49
__ptext4                  text4        1207
__ptext5                  text5        1D39
__ptext6                  text6        139D
__ptext7                  text7        10B2
__ptext8                  text8        1EC9
__ptext9                  text9        095C
__stringbase              strings      100F
__stringtab               strings      1000
__tdiv_to_l_              text11       12E6
__tdiv_to_l_@cntr         cstackBANK0  0024
__tdiv_to_l_@exp1         cstackBANK0  0025
__tdiv_to_l_@f1           cstackCOMMON 0070
__tdiv_to_l_@f2           cstackCOMMON 0074
__tdiv_to_l_@quot         cstackBANK0  0020
_configOsc                text28       1145
_dpowers                  strings      1078
_fround                   text6        139D
_fround$1029              cstackBANK0  0049
_fround$1030              cstackBANK0  0045
_isdigit                  text5        1D39
_isdigit$836              cstackCOMMON 0070
_main                     maintext     00BC
_s1                       bssBANK1     00C6
_scale                    text2        0CA1
_scale$1031               cstackBANK0  0048
_setup                    text26       1E21
_slaveSelect              dataBANK0    006F
_spiInit                  text27       1D61
_spiRead                  text24       1D18
_spiReceiveWait           text25       1D09
_spiWrite                 text23       1D03
_sprintf                  text1        0199
_sprintf$1032             cstackBANK1  00A5
_volt                     bssBANK1     00CB
btemp                     (abs)        007E
clear_ram0                clrtext      1D10
configOsc@frec            cstackCOMMON 0070
end_of_initialization     cinit        07FC
fround@prec               cstackBANK0  004D
intlevel0                 functab      0000
intlevel1                 functab      0000
intlevel2                 functab      0000
intlevel3                 functab      0000
intlevel4                 functab      0000
intlevel5                 functab      0000
isdigit@c                 cstackCOMMON 0071
reset_vec                 reset_vec    0000
scale@scl                 cstackBANK0  004C
spiInit@sClockIdle        cstackCOMMON 0071
spiInit@sDataSample       cstackCOMMON 0070
spiInit@sTransmitEdge     cstackCOMMON 0072
spiInit@sType             cstackCOMMON 0073
spiWrite@dat              cstackCOMMON 0070
sprintf@ap                cstackBANK1  00A9
sprintf@c                 cstackBANK1  00BD
sprintf@eexp              cstackBANK1  00B0
sprintf@f                 cstackBANK0  006A
sprintf@flag              cstackBANK1  00AA
sprintf@fval              cstackBANK1  00B9
sprintf@prec              cstackBANK1  00B7
sprintf@sp                cstackBANK1  00B6
sprintf@tmpval            cstackBANK1  00B2
sprintf@val               cstackBANK1  00AC
start                     init         0000
start_initialization      cinit        07ED
wtemp0                    (abs)        007E


MODULE INFORMATION

Module		Function		Class		Link	Load	Size
C:\Program Files\Microchip\xc8\v2.41\pic\sources\c90\common\sprcmul.c
		___flmul       		CODE           	095C	0000	837

C:\Program Files\Microchip\xc8\v2.41\pic\sources\c90\common\sprcmul.c estimated size: 837

C:\Program Files\Microchip\xc8\v2.41\pic\sources\c90\common\flge.c
		___flge        		CODE           	0802	0000	162

C:\Program Files\Microchip\xc8\v2.41\pic\sources\c90\common\flge.c estimated size: 162

C:\Program Files\Microchip\xc8\v2.41\pic\sources\c90\common\ftdivl.c
		__tdiv_to_l_   		CODE           	12E6	0000	183

C:\Program Files\Microchip\xc8\v2.41\pic\sources\c90\common\ftdivl.c estimated size: 183

C:\Program Files\Microchip\xc8\v2.41\pic\sources\c90\common\Umul16.c
		___wmul        		CODE           	1DD5	0000	37

C:\Program Files\Microchip\xc8\v2.41\pic\sources\c90\common\Umul16.c estimated size: 37

C:\Program Files\Microchip\xc8\v2.41\pic\sources\c90\common\lwdiv.c
		___lwdiv       		CODE           	1EC9	0000	68

C:\Program Files\Microchip\xc8\v2.41\pic\sources\c90\common\lwdiv.c estimated size: 68

C:\Program Files\Microchip\xc8\v2.41\pic\sources\c90\common\awdiv.c
		___awdiv       		CODE           	1207	0000	103

C:\Program Files\Microchip\xc8\v2.41\pic\sources\c90\common\awdiv.c estimated size: 103

C:\Program Files\Microchip\xc8\v2.41\pic\sources\c90\common\fltol.c
		___fltol       		CODE           	126E	0000	120

C:\Program Files\Microchip\xc8\v2.41\pic\sources\c90\common\fltol.c estimated size: 120

C:\Program Files\Microchip\xc8\v2.41\pic\sources\c90\common\__lldiv.c
		___lldiv       		CODE           	11A1	0000	102

C:\Program Files\Microchip\xc8\v2.41\pic\sources\c90\common\__lldiv.c estimated size: 102

C:\Program Files\Microchip\xc8\v2.41\pic\sources\c90\common\isdigit.c
		_isdigit       		CODE           	1D39	0000	18

C:\Program Files\Microchip\xc8\v2.41\pic\sources\c90\common\isdigit.c estimated size: 18

C:\Program Files\Microchip\xc8\v2.41\pic\sources\c90\common\sprcadd.c
		___flsub       		CODE           	1DB1	0000	36
		___fladd       		CODE           	15A8	0000	600

C:\Program Files\Microchip\xc8\v2.41\pic\sources\c90\common\sprcadd.c estimated size: 636

oscilador.c
		_configOsc     		CODE           	1145	0000	92

oscilador.c estimated size: 92

E:/Universidad/Semestre2_2023/Digital-2/Lab3/Lab3_Master.X/Lab3Master.c
		_main          		CODE           	00BC	0000	221
		_setup         		CODE           	1E21	0000	40

E:/Universidad/Semestre2_2023/Digital-2/Lab3/Lab3_Master.X/Lab3Master.c estimated size: 261

C:\Program Files\Microchip\xc8\v2.41\pic\sources\c90\common\fldivl.c
		__div_to_l_    		CODE           	0004	0000	184

C:\Program Files\Microchip\xc8\v2.41\pic\sources\c90\common\fldivl.c estimated size: 184

C:\Program Files\Microchip\xc8\v2.41\pic\sources\c90\common\fleq.c
		___fleq        		CODE           	1F0D	0000	78

C:\Program Files\Microchip\xc8\v2.41\pic\sources\c90\common\fleq.c estimated size: 78

C:\Program Files\Microchip\xc8\v2.41\pic\sources\c90\common\xxtofl.c
		___xxtofl      		CODE           	08A4	0000	184

C:\Program Files\Microchip\xc8\v2.41\pic\sources\c90\common\xxtofl.c estimated size: 184

C:\Program Files\Microchip\xc8\v2.41\pic\sources\c90\common\flneg.c
		___flneg       		CODE           	1D21	0000	11

C:\Program Files\Microchip\xc8\v2.41\pic\sources\c90\common\flneg.c estimated size: 11

shared
		__stringtab    		STRING         	1000	0000	16
		__powers_      		STRING         	1010	0000	52
		_dpowers       		STRING         	1078	0000	40
		__npowers_     		STRING         	1044	0000	52
		__initialization		CODE           	07ED	0000	15

shared estimated size: 175

C:\Program Files\Microchip\xc8\v2.41\pic\sources\c90\common\Umul8_16.c
		__Umul8_16     		CODE           	1DFA	0000	39

C:\Program Files\Microchip\xc8\v2.41\pic\sources\c90\common\Umul8_16.c estimated size: 39

lcd.c
		_Lcd_Write_String		CODE           	1E87	0000	66
		_Lcd_Init      		CODE           	1F5B	0000	81
		_Lcd_Write_Char		CODE           	1D4B	0000	22
		_Lcd_Cmd       		CODE           	1D77	0000	26
		_Lcd_Set_Cursor		CODE           	1D91	0000	32
		_Lcd_Clear     		CODE           	1D2C	0000	13
		_Lcd_Port      		CODE           	1E49	0000	62

lcd.c estimated size: 302

SPI.c
		_spiWrite      		CODE           	1D03	0000	6
		_spiInit       		CODE           	1D61	0000	22
		_spiReceiveWait		CODE           	1D09	0000	7
		_spiRead       		CODE           	1D18	0000	9

SPI.c estimated size: 44

C:\Program Files\Microchip\xc8\v2.41\pic\sources\c90\common\doprnt.c
		_scale         		CODE           	0CA1	0000	863
		_sprintf       		CODE           	0199	0000	1620
		_fround        		CODE           	139D	0000	523

C:\Program Files\Microchip\xc8\v2.41\pic\sources\c90\common\doprnt.c estimated size: 3006

C:\Program Files\Microchip\xc8\v2.41\pic\sources\c90\common\lwmod.c
		___lwmod       		CODE           	10B2	0000	58

C:\Program Files\Microchip\xc8\v2.41\pic\sources\c90\common\lwmod.c estimated size: 58

C:\Program Files\Microchip\xc8\v2.41\pic\sources\c90\common\awmod.c
		___awmod       		CODE           	10EC	0000	89

C:\Program Files\Microchip\xc8\v2.41\pic\sources\c90\common\awmod.c estimated size: 89

C:\Program Files\Microchip\xc8\v2.41\pic\sources\c90\common\llmod.c
		___llmod       		CODE           	1FAC	0000	84

C:\Program Files\Microchip\xc8\v2.41\pic\sources\c90\common\llmod.c estimated size: 84

