Microchip MPLAB XC8 Compiler V2.41

Linker command line:

-W-3 \
  --edf=C:\Program Files\Microchip\xc8\v2.41\pic\dat\20230208172133_en.msgs \
  -cn -h+dist/default/production\Lab3_Master.X.production.sym \
  --cmf=dist/default/production\Lab3_Master.X.production.cmf -z -Q16F887 \
  -oC:\Users\WMGWW\AppData\Local\Temp\xcAs148k.\driver_tmp_3.o \
  --defsym=__MPLAB_BUILD=1 --fixupoverflow=error \
  -Mdist/default/production/Lab3_Master.X.production.map \
  --md=C:\Users\WMGWW\AppData\Local\Temp\xcAs148k.\driver_tmp_0.dat -E1 \
  -ver=XC8 Compiler --acfsm=1493 -ACODE=00h-07FFhx4 -ASTRCODE=00h-01FFFh \
  -ASTRING=00h-0FFhx32 -ACONST=00h-0FFhx32 -AENTRY=00h-0FFhx32 \
  -ACOMMON=070h-07Fh -ABANK0=020h-06Fh -ABANK1=0A0h-0EFh \
  -ABANK2=0110h-016Fh -ABANK3=0190h-01EFh \
  -ARAM=020h-06Fh,0A0h-0EFh,0110h-016Fh,0190h-01EFh \
  -AABS1=020h-07Fh,0A0h-0EFh,0110h-016Fh,0190h-01EFh -ASFR0=00h-01Fh \
  -ASFR1=080h-09Fh -ASFR2=0100h-010Fh -ASFR3=0180h-018Fh \
  -ACONFIG=02007h-02008h -DCONFIG=2 -AIDLOC=02000h-02003h -DIDLOC=2 \
  -AEEDATA=00h-0FFh/02100h -peeprom_data=EEDATA -DEEDATA=2 -DCODE=2 \
  -DSTRCODE=2 -DSTRING=2 -DCONST=2 -DENTRY=2 \
  -preset_vec=00h,intentry,init,end_init -ppowerup=CODE -pcinit=CODE \
  -pfunctab=ENTRY -k \
  C:\Users\WMGWW\AppData\Local\Temp\xcAs148k.\driver_tmp_17.o \
  dist/default/production\Lab3_Master.X.production.o 

Object code version is 3.11

Machine type is 16F887



                Name                               Link     Load   Length Selector   Space Scale
C:\Users\WMGWW\AppData\Local\Temp\xcAs148k.\driver_tmp_17.o
                end_init                              0        0        3        0       0
                config                             2007     2007        2        0       4
                idloc                              2000     2000        4        0       5
dist/default/production\Lab3_Master.X.production.o
                cinit                               7F2      7F2        E      FE4       0
                config                             2007     2007        2        0       4
                idloc                              2000     2000        4        0       5
                text18                              45A      45A       3E      8B4       0
                text17                              3BB      3BB       1A      776       0
                text16                              35B      35B        D      6B6       0
                text15                              3D5      3D5       20      7AA       0
                text14                              38F      38F       16      71E       0
                text13                              498      498       42      930       0
                text12                              51E      51E       51      A3C       0
                text11                              56F      56F       5C      ADE       0
                text10                              3A5      3A5       16      74A       0
                text9                               3F5      3F5       2B      7EA       0
                text8                               343      343        7      686       0
                text7                               352      352        9      6A4       0
                text6                               33D      33D        6      67A       0
                text5                               37A      37A       15      6F4       0
                text4                               4DA      4DA       44      9B4       0
                text3                               420      420       3A      840       0
                text2                               368      368       12      6D0       0
                text1                               6A1      6A1      151      D42       0
                maintext                            5CB      5CB       D6      B96       0
                cstackBANK0                          20       20       15       20       1
                cstackCOMMON                         70       70        C       70       1
                clrtext                             34A      34A        8      694       0
                bssBANK0                             35       35       14       20       1
                bssCOMMON                            7C       7C        1       70       1
                strings                               3        3       40        6       0

TOTAL           Name                               Link     Load   Length     Space
        CLASS   CODE           
                end_init                              0        0        3         0
                cinit                               7F2      7F2        E         0
                text18                              45A      45A       3E         0
                text17                              3BB      3BB       1A         0
                text16                              35B      35B        D         0
                text15                              3D5      3D5       20         0
                text14                              38F      38F       16         0
                text13                              498      498       42         0
                text12                              51E      51E       51         0
                text11                              56F      56F       5C         0
                text10                              3A5      3A5       16         0
                text9                               3F5      3F5       2B         0
                text8                               343      343        7         0
                text7                               352      352        9         0
                text6                               33D      33D        6         0
                text5                               37A      37A       15         0
                text4                               4DA      4DA       44         0
                text3                               420      420       3A         0
                text2                               368      368       12         0
                text1                               6A1      6A1      151         0
                maintext                            5CB      5CB       D6         0
                clrtext                             34A      34A        8         0

        CLASS   STRCODE        

        CLASS   STRING         
                strings                               3        3       40         0

        CLASS   CONST          

        CLASS   ENTRY          

        CLASS   COMMON         
                cstackCOMMON                         70       70        C         1
                bssCOMMON                            7C       7C        1         1

        CLASS   BANK0          
                cstackBANK0                          20       20       15         1
                bssBANK0                             35       35       14         1

        CLASS   BANK1          

        CLASS   BANK2          

        CLASS   BANK3          

        CLASS   RAM            

        CLASS   ABS1           
                abs_s1                               7E       7E        2         1

        CLASS   SFR0           

        CLASS   SFR1           

        CLASS   SFR2           

        CLASS   SFR3           

        CLASS   CONFIG         
                config                             2007     2007        2         4

        CLASS   IDLOC          
                idloc                              2000     2000        4         5

        CLASS   EEDATA         

        CLASS   STACK          



SEGMENTS        Name                           Load    Length   Top    Selector   Space  Class     Delta

                reset_vec                      000000  000003  000003         0       0  CODE        2
                strings                        000003  000040  000043         6       0  STRING      2
                cstackBANK0                    000020  000029  000049        20       1  BANK0       1
                cstackCOMMON                   000070  00000D  00007D        70       1  COMMON      1
                text6                          00033D  000006  000343       67A       0  CODE        2
                text8                          000343  000007  00034A       686       0  CODE        2
                clrtext                        00034A  000008  000352       694       0  CODE        2
                text7                          000352  000009  00035B       6A4       0  CODE        2
                text16                         00035B  00000D  000368       6B6       0  CODE        2
                text2                          000368  000012  00037A       6D0       0  CODE        2
                text5                          00037A  000015  00038F       6F4       0  CODE        2
                text14                         00038F  000016  0003A5       71E       0  CODE        2
                text10                         0003A5  000016  0003BB       74A       0  CODE        2
                text17                         0003BB  00001A  0003D5       776       0  CODE        2
                text15                         0003D5  000020  0003F5       7AA       0  CODE        2
                text9                          0003F5  00002B  000420       7EA       0  CODE        2
                text3                          000420  00003A  00045A       840       0  CODE        2
                text18                         00045A  00003E  000498       8B4       0  CODE        2
                text13                         000498  000042  0004DA       930       0  CODE        2
                text4                          0004DA  000044  00051E       9B4       0  CODE        2
                text12                         00051E  000051  00056F       A3C       0  CODE        2
                text11                         00056F  00005C  0005CB       ADE       0  CODE        2
                maintext                       0005CB  0000D6  0006A1       B96       0  CODE        2
                text1                          0006A1  000151  0007F2       D42       0  CODE        2
                cinit                          0007F2  00000E  000800       FE4       0  CODE        2


UNUSED ADDRESS RANGES

        Name                Unused          Largest block    Delta
        BANK0            0049-006F             27           1
        BANK1            00A0-00EF             50           1
        BANK2            0110-016F             60           1
        BANK3            0190-01EF             60           1
        CODE             0043-033C            2FA           2
                         0800-1FFF            800
        COMMON           007D-007D              1           1
        CONST            0043-033C            100           2
                         0800-1FFF            100
        EEDATA           2100-21FF            100           2
        ENTRY            0043-033C            100           2
                         0800-1FFF            100
        RAM              0049-006F             27           1
                         00A0-00EF             50
                         0110-016F             60
                         0190-01EF             60
        SFR0             0000-001F             20           1
        SFR1             0080-009F             20           1
        SFR2             0100-010F             10           1
        SFR3             0180-018F             10           1
        STRCODE          0043-033C            2FA           2
                         0800-1FFF           1800
        STRING           0043-033C            100           2
                         0800-1FFF            100

                                  Symbol Table

?___lwdiv                 cstackCOMMON 0070
?___lwmod                 cstackCOMMON 0077
?_sprintf                 cstackBANK0  0020
Lcd_Cmd@a                 cstackCOMMON 0073
Lcd_Port@a                cstackCOMMON 0070
Lcd_Set_Cursor@a          cstackCOMMON 0075
Lcd_Set_Cursor@b          cstackCOMMON 0074
Lcd_Set_Cursor@temp       cstackCOMMON 0076
Lcd_Write_Char@a          cstackCOMMON 0072
Lcd_Write_String@a        cstackCOMMON 0073
Lcd_Write_String@i        cstackCOMMON 0078
_ANSELH                   (abs)        0189
_INTCONbits               (abs)        000B
_Lcd_Clear                text16       035B
_Lcd_Cmd                  text17       03BB
_Lcd_Init                 text12       051E
_Lcd_Port                 text18       045A
_Lcd_Set_Cursor           text15       03D5
_Lcd_Write_Char           text14       038F
_Lcd_Write_String         text13       0498
_OSCCONbits               (abs)        008F
_PORTB                    (abs)        0006
_PORTC                    (abs)        0007
_PORTCbits                (abs)        0007
_PORTD                    (abs)        0008
_RC0                      (abs)        0038
_RC1                      (abs)        0039
_RD0                      (abs)        0040
_RD1                      (abs)        0041
_RD2                      (abs)        0042
_RD3                      (abs)        0043
_RD4                      (abs)        0044
_RD5                      (abs)        0045
_RD6                      (abs)        0046
_RD7                      (abs)        0047
_SSPBUF                   (abs)        0013
_SSPCON                   (abs)        0014
_SSPSTAT                  (abs)        0094
_SSPSTATbits              (abs)        0094
_TRISB                    (abs)        0086
_TRISC                    (abs)        0087
_TRISC2                   (abs)        043A
_TRISC3                   (abs)        043B
_TRISC5                   (abs)        043D
_TRISC6                   (abs)        043E
_TRISD                    (abs)        0088
__H__absolute__           __absolute__ 0000
__Habs1                   abs1         0000
__Hbank0                  bank0        0000
__Hbank1                  bank1        0000
__Hbank2                  bank2        0000
__Hbank3                  bank3        0000
__HbssBANK0               bssBANK0     0000
__HbssCOMMON              bssCOMMON    0000
__Hcinit                  cinit        0800
__Hclrtext                clrtext      0000
__Hcode                   code         0000
__Hcommon                 common       0000
__Hconfig                 config       2009
__HcstackBANK0            cstackBANK0  0000
__HcstackCOMMON           cstackCOMMON 0000
__Heeprom_data            eeprom_data  0000
__Hend_init               end_init     0003
__Hfunctab                functab      0000
__Hidloc                  idloc        2004
__Hinit                   init         0000
__Hintentry               intentry     0000
__Hmaintext               maintext     0000
__Hpowerup                powerup      0000
__Hram                    ram          0000
__Hreset_vec              reset_vec    0000
__Hsfr0                   sfr0         0000
__Hsfr1                   sfr1         0000
__Hsfr2                   sfr2         0000
__Hsfr3                   sfr3         0000
__Hspace_0                (abs)        0800
__Hspace_1                (abs)        007D
__Hspace_2                (abs)        0000
__Hspace_3                (abs)        0000
__Hspace_4                (abs)        4010
__Hstack                  stack        0000
__Hstrings                strings      0000
__Htext                   text         0000
__L__absolute__           __absolute__ 0000
__Labs1                   abs1         0000
__Lbank0                  bank0        0000
__Lbank1                  bank1        0000
__Lbank2                  bank2        0000
__Lbank3                  bank3        0000
__LbssBANK0               bssBANK0     0000
__LbssCOMMON              bssCOMMON    0000
__Lcinit                  cinit        07F2
__Lclrtext                clrtext      0000
__Lcode                   code         0000
__Lcommon                 common       0000
__Lconfig                 config       0000
__LcstackBANK0            cstackBANK0  0000
__LcstackCOMMON           cstackCOMMON 0000
__Leeprom_data            eeprom_data  0000
__Lend_init               end_init     0000
__Lfunctab                functab      0000
__Lidloc                  idloc        0000
__Linit                   init         0000
__Lintentry               intentry     0000
__Lmaintext               maintext     0000
__Lpowerup                powerup      0000
__Lram                    ram          0000
__Lreset_vec              reset_vec    0000
__Lsfr0                   sfr0         0000
__Lsfr1                   sfr1         0000
__Lsfr2                   sfr2         0000
__Lsfr3                   sfr3         0000
__Lspace_0                (abs)        0000
__Lspace_1                (abs)        0000
__Lspace_2                (abs)        0000
__Lspace_3                (abs)        0000
__Lspace_4                (abs)        0000
__Lstack                  stack        0000
__Lstrings                strings      0000
__Ltext                   text         0000
__S0                      (abs)        0800
__S1                      (abs)        007D
__S3                      (abs)        0000
___bmul                   text5        037A
___bmul@multiplicand      cstackCOMMON 0070
___bmul@multiplier        cstackCOMMON 0072
___bmul@product           cstackCOMMON 0071
___int_sp                 stack        0000
___latbits                (abs)        0002
___lwdiv                  text4        04DA
___lwdiv@counter          cstackCOMMON 0076
___lwdiv@dividend         cstackCOMMON 0072
___lwdiv@divisor          cstackCOMMON 0070
___lwdiv@quotient         cstackCOMMON 0074
___lwmod                  text3        0420
___lwmod@counter          cstackCOMMON 007B
___lwmod@dividend         cstackCOMMON 0079
___lwmod@divisor          cstackCOMMON 0077
___sp                     stack        0000
___stackhi                (abs)        0000
___stacklo                (abs)        0000
__end_of_Lcd_Clear        text16       0368
__end_of_Lcd_Cmd          text17       03D5
__end_of_Lcd_Init         text12       056F
__end_of_Lcd_Port         text18       0498
__end_of_Lcd_Set_Cursor   text15       03F5
__end_of_Lcd_Write_Char   text14       03A5
__end_of_Lcd_Write_String text13       04DA
__end_of___bmul           text5        038F
__end_of___lwdiv          text4        051E
__end_of___lwmod          text3        045A
__end_of__initialization  cinit        07FC
__end_of__stringtab       strings      0013
__end_of_configOsc        text11       05CB
__end_of_dpowers          strings      001D
__end_of_isdigit          text2        037A
__end_of_main             maintext     06A1
__end_of_setup            text9        0420
__end_of_spiInit          text10       03BB
__end_of_spiRead          text7        035B
__end_of_spiReceiveWait   text8        034A
__end_of_spiWrite         text6        0343
__end_of_sprintf          text1        07F2
__initialization          cinit        07F2
__pbssBANK0               bssBANK0     0035
__pbssCOMMON              bssCOMMON    007C
__pcstackBANK0            cstackBANK0  0020
__pcstackCOMMON           cstackCOMMON 0070
__pmaintext               maintext     05CB
__pstrings                strings      0003
__ptext1                  text1        06A1
__ptext10                 text10       03A5
__ptext11                 text11       056F
__ptext12                 text12       051E
__ptext13                 text13       0498
__ptext14                 text14       038F
__ptext15                 text15       03D5
__ptext16                 text16       035B
__ptext17                 text17       03BB
__ptext18                 text18       045A
__ptext2                  text2        0368
__ptext3                  text3        0420
__ptext4                  text4        04DA
__ptext5                  text5        037A
__ptext6                  text6        033D
__ptext7                  text7        0352
__ptext8                  text8        0343
__ptext9                  text9        03F5
__stringbase              strings      0012
__stringtab               strings      0003
_configOsc                text11       056F
_contador                 bssBANK0     0037
_dpowers                  strings      0013
_isdigit                  text2        0368
_isdigit$820              cstackCOMMON 0070
_main                     maintext     05CB
_s1                       bssBANK0     0038
_setup                    text9        03F5
_slaveSelect              bssBANK0     0035
_spiInit                  text10       03A5
_spiRead                  text7        0352
_spiReceiveWait           text8        0343
_spiWrite                 text6        033D
_sprintf                  text1        06A1
_volt                     bssBANK0     0039
btemp                     (abs)        007E
clear_ram0                clrtext      034A
configOsc@frec            cstackCOMMON 0070
end_of_initialization     cinit        07FC
intlevel0                 functab      0000
intlevel1                 functab      0000
intlevel2                 functab      0000
intlevel3                 functab      0000
intlevel4                 functab      0000
intlevel5                 functab      0000
isdigit@c                 cstackCOMMON 0071
reset_vec                 reset_vec    0000
spiInit@sClockIdle        cstackCOMMON 0071
spiInit@sDataSample       cstackCOMMON 0070
spiInit@sTransmitEdge     cstackCOMMON 0072
spiInit@sType             cstackCOMMON 0073
spiWrite@dat              cstackCOMMON 0070
sprintf@ap                cstackBANK0  002A
sprintf@c                 cstackBANK0  0030
sprintf@f                 cstackBANK0  0020
sprintf@flag              cstackBANK0  002B
sprintf@prec              cstackBANK0  002F
sprintf@sp                cstackBANK0  002C
sprintf@val               cstackBANK0  002D
start                     init         0000
start_initialization      cinit        07F2
wtemp0                    (abs)        007E


MODULE INFORMATION

Module		Function		Class		Link	Load	Size
C:\Program Files\Microchip\xc8\v2.41\pic\sources\c90\common\lwdiv.c
		___lwdiv       		CODE           	04DA	0000	68

C:\Program Files\Microchip\xc8\v2.41\pic\sources\c90\common\lwdiv.c estimated size: 68

C:\Program Files\Microchip\xc8\v2.41\pic\sources\c90\common\Umul8.c
		___bmul        		CODE           	037A	0000	21

C:\Program Files\Microchip\xc8\v2.41\pic\sources\c90\common\Umul8.c estimated size: 21

C:\Program Files\Microchip\xc8\v2.41\pic\sources\c90\common\isdigit.c
		_isdigit       		CODE           	0368	0000	18

C:\Program Files\Microchip\xc8\v2.41\pic\sources\c90\common\isdigit.c estimated size: 18

oscilador.c
		_configOsc     		CODE           	056F	0000	92

oscilador.c estimated size: 92

E:/Universidad/Semestre2_2023/Digital-2/Lab3/Lab3_Master.X/Lab3Master.c
		_main          		CODE           	05CB	0000	214
		_setup         		CODE           	03F5	0000	43

E:/Universidad/Semestre2_2023/Digital-2/Lab3/Lab3_Master.X/Lab3Master.c estimated size: 257

shared
		__stringtab    		STRING         	0003	0000	16
		_dpowers       		STRING         	0013	0000	10
		__initialization		CODE           	07F2	0000	10

shared estimated size: 36

lcd.c
		_Lcd_Write_String		CODE           	0498	0000	66
		_Lcd_Init      		CODE           	051E	0000	81
		_Lcd_Write_Char		CODE           	038F	0000	22
		_Lcd_Cmd       		CODE           	03BB	0000	26
		_Lcd_Set_Cursor		CODE           	03D5	0000	32
		_Lcd_Clear     		CODE           	035B	0000	13
		_Lcd_Port      		CODE           	045A	0000	62

lcd.c estimated size: 302

SPI.c
		_spiWrite      		CODE           	033D	0000	6
		_spiInit       		CODE           	03A5	0000	22
		_spiReceiveWait		CODE           	0343	0000	7
		_spiRead       		CODE           	0352	0000	9

SPI.c estimated size: 44

C:\Program Files\Microchip\xc8\v2.41\pic\sources\c90\common\doprnt.c
		_sprintf       		CODE           	06A1	0000	337

C:\Program Files\Microchip\xc8\v2.41\pic\sources\c90\common\doprnt.c estimated size: 337

C:\Program Files\Microchip\xc8\v2.41\pic\sources\c90\common\lwmod.c
		___lwmod       		CODE           	0420	0000	58

C:\Program Files\Microchip\xc8\v2.41\pic\sources\c90\common\lwmod.c estimated size: 58

