Microchip MPLAB XC8 Compiler V2.36

Linker command line:

-W-3 --edf=C:\Program Files\Microchip\xc8\v2.36\pic\dat\en_msgs.txt -cn \
  -h+dist/default/production\Lab2.X.production.sym \
  --cmf=dist/default/production\Lab2.X.production.cmf -z -Q16F887 \
  -oC:\Users\WMGWW\AppData\Local\Temp\xcAsri4.4 --defsym=__MPLAB_BUILD=1 \
  -Mdist/default/production/Lab2.X.production.map \
  --md=C:\Users\WMGWW\AppData\Local\Temp\xcAsri4.dat -E1 -ver=XC8 Compiler \
  --acfsm=1493 -ACODE=00h-07FFhx4 -ASTRCODE=00h-01FFFh -ASTRING=00h-0FFhx32 \
  -ACONST=00h-0FFhx32 -AENTRY=00h-0FFhx32 -ACOMMON=070h-07Fh \
  -ABANK0=020h-06Fh -ABANK1=0A0h-0EFh -ABANK2=0110h-016Fh \
  -ABANK3=0190h-01EFh -ARAM=020h-06Fh,0A0h-0EFh,0110h-016Fh,0190h-01EFh \
  -AABS1=020h-07Fh,0A0h-0EFh,0110h-016Fh,0190h-01EFh -ASFR0=00h-01Fh \
  -ASFR1=080h-09Fh -ASFR2=0100h-010Fh -ASFR3=0180h-018Fh \
  -ACONFIG=02007h-02008h -DCONFIG=2 -AIDLOC=02000h-02003h -DIDLOC=2 \
  -AEEDATA=00h-0FFh/02100h -peeprom_data=EEDATA -DEEDATA=2 -DCODE=2 \
  -DSTRCODE=2 -DSTRING=2 -DCONST=2 -DENTRY=2 \
  -preset_vec=00h,intentry=04h,init,end_init -ppowerup=CODE -pcinit=CODE \
  -pfunctab=ENTRY -k C:\Users\WMGWW\AppData\Local\Temp\xcAsri4.o \
  dist/default/production\Lab2.X.production.o 

Object code version is 3.11

Machine type is 16F887



                Name                               Link     Load   Length Selector   Space Scale
C:\Users\WMGWW\AppData\Local\Temp\xcAsri4.o
                end_init                              C        C        3        8       0
                reset_vec                             0        0        3        0       0
                config                             2007     2007        2        0       4
                idloc                              2000     2000        4        0       5
dist/default/production\Lab2.X.production.o
                cinit                                 F        F        7        8       0
                intentry                              4        4        8        8       0
                config                             2007     2007        2        0       4
                idloc                              2000     2000        4        0       5
                text21                              4CD      4CD        F      2F0       0
                text20                              43B      43B       22      2F0       0
                text19                              47D      47D       1A      2F0       0
                text18                              4F6      4F6        D      2F0       0
                text17                              231      231       58      2F0       0
                text16                              3D8      3D8       39      2F0       0
                text15                              2D2      2D2       46      2F0       0
                text14                              318      318       44      2F0       0
                text13                              39C      39C       3C      2F0       0
                text12                               16       16       EA        8       0
                text11                              4AD      4AD       11      2F0       0
                text10                              289      289       49      2F0       0
                text9                               178      178       5D      2F0       0
                text8                               4E9      4E9        D      2F0       0
                text7                               45D      45D       20      2F0       0
                text6                               4BE      4BE        F      2F0       0
                text5                               1D5      1D5       5C      2F0       0
                text4                               503      503        3      2F0       0
                text3                               411      411       2A      2F0       0
                text2                               4DC      4DC        D      2F0       0
                text1                               497      497       16      2F0       0
                maintext                            35C      35C       40      2F0       0
                cstackBANK0                          20       20       25       20       1
                cstackCOMMON                         70       70        C       70       1
                bssBANK0                             45       45        1       20       1
                strings                             100      100       78      200       0

TOTAL           Name                               Link     Load   Length     Space
        CLASS   CODE           
                end_init                              C        C        3         0
                cinit                                 F        F        7         0
                intentry                              4        4        8         0
                reset_vec                             0        0        3         0
                text21                              4CD      4CD        F         0
                text20                              43B      43B       22         0
                text19                              47D      47D       1A         0
                text18                              4F6      4F6        D         0
                text17                              231      231       58         0
                text16                              3D8      3D8       39         0
                text15                              2D2      2D2       46         0
                text14                              318      318       44         0
                text13                              39C      39C       3C         0
                text12                               16       16       EA         0
                text11                              4AD      4AD       11         0
                text10                              289      289       49         0
                text9                               178      178       5D         0
                text8                               4E9      4E9        D         0
                text7                               45D      45D       20         0
                text6                               4BE      4BE        F         0
                text5                               1D5      1D5       5C         0
                text4                               503      503        3         0
                text3                               411      411       2A         0
                text2                               4DC      4DC        D         0
                text1                               497      497       16         0
                maintext                            35C      35C       40         0

        CLASS   STRCODE        

        CLASS   STRING         
                strings                             100      100       78         0

        CLASS   CONST          

        CLASS   ENTRY          

        CLASS   COMMON         
                cstackCOMMON                         70       70        C         1

        CLASS   BANK0          
                cstackBANK0                          20       20       25         1
                bssBANK0                             45       45        1         1

        CLASS   BANK1          

        CLASS   BANK2          

        CLASS   BANK3          

        CLASS   RAM            

        CLASS   ABS1           
                abs_s1                               7E       7E        2         1

        CLASS   SFR0           

        CLASS   SFR1           

        CLASS   SFR2           

        CLASS   SFR3           

        CLASS   CONFIG         
                config                             2007     2007        2         4

        CLASS   IDLOC          
                idloc                              2000     2000        4         5

        CLASS   EEDATA         

        CLASS   STACK          



SEGMENTS        Name                           Load    Length   Top    Selector   Space  Class     Delta

                reset_vec                      000000  000003  000003         0       0  CODE        2
                intentry                       000004  0000FC  000100         8       0  CODE        2
                cstackBANK0                    000020  000026  000046        20       1  BANK0       1
                cstackCOMMON                   000070  00000C  00007C        70       1  COMMON      1
                strings                        000100  000078  000178       200       0  STRING      2
                text9                          000178  00038E  000506       2F0       0  CODE        2


UNUSED ADDRESS RANGES

        Name                Unused          Largest block    Delta
        BANK0            0046-006F             2A           1
        BANK1            00A0-00EF             50           1
        BANK2            0110-016F             60           1
        BANK3            0190-01EF             60           1
        CODE             0003-0003              1           2
                         0506-1FFF            800
        COMMON           007C-007D              2           1
        CONST            0003-0003              1           2
                         0506-1FFF            100
        EEDATA           2100-21FF            100           2
        ENTRY            0003-0003              1           2
                         0506-1FFF            100
        RAM              0046-006F             2A           1
                         00A0-00EF             50
                         0110-016F             60
                         0190-01EF             60
        SFR0             0000-001F             20           1
        SFR1             0080-009F             20           1
        SFR2             0100-010F             10           1
        SFR3             0180-018F             10           1
        STRCODE          0003-0003              1           2
                         0506-1FFF           1AFA
        STRING           0003-0003              1           2
                         0506-1FFF            100

                                  Symbol Table

?___lwdiv                   cstackCOMMON 0072
?___lwmod                   cstackBANK0  0020
?_sprintf                   cstackBANK0  0024
LCD_Test@buffer             cstackBANK0  0038
Lcd_Cmd@a                   cstackCOMMON 0075
Lcd_Port@a                  cstackCOMMON 0072
Lcd_Set_Cursor@a            cstackBANK0  0020
Lcd_Set_Cursor@b            cstackCOMMON 0076
Lcd_Set_Cursor@temp         cstackBANK0  0023
Lcd_Set_Cursor@y            cstackBANK0  0022
Lcd_Set_Cursor@z            cstackBANK0  0021
Lcd_Write_Char@a            cstackCOMMON 0076
Lcd_Write_Char@temp         cstackCOMMON 0074
Lcd_Write_Char@y            cstackCOMMON 0075
Lcd_Write_String@a          cstackCOMMON 0077
Lcd_Write_String@i          cstackBANK0  0020
UART_TX_config@baudrate     cstackCOMMON 0072
_ADCON0bits                 (abs)        001F
_ADCON1bits                 (abs)        009F
_ADRESH                     (abs)        001E
_ANSELH                     (abs)        0189
_ANSELbits                  (abs)        0188
_BAUDCTLbits                (abs)        0187
_EEADR                      (abs)        010D
_EECON1bits                 (abs)        018C
_EECON2                     (abs)        018D
_EEDAT                      (abs)        010C
_INTCONbits                 (abs)        000B
_LCD_Test                   text10       0289
_Lcd_Clear                  text18       04F6
_Lcd_Cmd                    text19       047D
_Lcd_Init                   text9        0178
_Lcd_Port                   text20       043B
_Lcd_Set_Cursor             text17       0231
_Lcd_Write_Char             text16       03D8
_Lcd_Write_String           text15       02D2
_OPTION_REGbits             (abs)        0081
_OSCCONbits                 (abs)        008F
_PIE1bits                   (abs)        008C
_PIR1bits                   (abs)        000C
_PIR2bits                   (abs)        000D
_PORTA                      (abs)        0005
_PORTD                      (abs)        0008
_RCSTAbits                  (abs)        0018
_RD2                        (abs)        0042
_RD3                        (abs)        0043
_RD4                        (abs)        0044
_RD5                        (abs)        0045
_RD6                        (abs)        0046
_RD7                        (abs)        0047
_SPBRG                      (abs)        0099
_SPBRGH                     (abs)        009A
_T0IF                       (abs)        005A
_TMR0                       (abs)        0001
_TRISA                      (abs)        0085
_TRISC                      (abs)        0087
_TRISD                      (abs)        0088
_TXREG                      (abs)        0019
_TXSTAbits                  (abs)        0098
_UART_TX_config             text2        04DC
__Habs1                     abs1         0000
__Hbank0                    bank0        0000
__Hbank1                    bank1        0000
__Hbank2                    bank2        0000
__Hbank3                    bank3        0000
__HbssBANK0                 bssBANK0     0000
__Hcinit                    cinit        0016
__Hclrtext                  clrtext      0000
__Hcode                     code         0000
__Hcommon                   common       0000
__Hconfig                   config       2009
__HcstackBANK0              cstackBANK0  0000
__HcstackCOMMON             cstackCOMMON 0000
__Heeprom_data              eeprom_data  0000
__Hend_init                 end_init     000F
__Hfunctab                  functab      0000
__Hidloc                    idloc        2004
__Hinit                     init         000C
__Hintentry                 intentry     000C
__Hmaintext                 maintext     0000
__Hpowerup                  powerup      0000
__Hram                      ram          0000
__Hreset_vec                reset_vec    0003
__Hsfr0                     sfr0         0000
__Hsfr1                     sfr1         0000
__Hsfr2                     sfr2         0000
__Hsfr3                     sfr3         0000
__Hspace_0                  (abs)        0506
__Hspace_1                  (abs)        007C
__Hspace_2                  (abs)        0000
__Hspace_3                  (abs)        0000
__Hspace_4                  (abs)        4010
__Hstack                    stack        0000
__Hstrings                  strings      0000
__Htext                     text         0000
__Labs1                     abs1         0000
__Lbank0                    bank0        0000
__Lbank1                    bank1        0000
__Lbank2                    bank2        0000
__Lbank3                    bank3        0000
__LbssBANK0                 bssBANK0     0000
__Lcinit                    cinit        000F
__Lclrtext                  clrtext      0000
__Lcode                     code         0000
__Lcommon                   common       0000
__Lconfig                   config       0000
__LcstackBANK0              cstackBANK0  0000
__LcstackCOMMON             cstackCOMMON 0000
__Leeprom_data              eeprom_data  0000
__Lend_init                 end_init     000C
__Lfunctab                  functab      0000
__Lidloc                    idloc        0000
__Linit                     init         000C
__Lintentry                 intentry     0004
__Lmaintext                 maintext     0000
__Lpowerup                  powerup      0000
__Lram                      ram          0000
__Lreset_vec                reset_vec    0000
__Lsfr0                     sfr0         0000
__Lsfr1                     sfr1         0000
__Lsfr2                     sfr2         0000
__Lsfr3                     sfr3         0000
__Lspace_0                  (abs)        0000
__Lspace_1                  (abs)        0000
__Lspace_2                  (abs)        0000
__Lspace_3                  (abs)        0000
__Lspace_4                  (abs)        0000
__Lstack                    stack        0000
__Lstrings                  strings      0000
__Ltext                     text         0000
__S0                        (abs)        0506
__S1                        (abs)        007C
__S3                        (abs)        0000
___int_sp                   stack        0000
___latbits                  (abs)        0002
___lwdiv                    text14       0318
___lwdiv@counter            cstackCOMMON 0079
___lwdiv@dividend           cstackCOMMON 0074
___lwdiv@divisor            cstackCOMMON 0072
___lwdiv@quotient           cstackCOMMON 0077
___lwmod                    text13       039C
___lwmod@counter            cstackCOMMON 007B
___lwmod@dividend           cstackBANK0  0022
___lwmod@divisor            cstackBANK0  0020
___sp                       stack        0000
___stackhi                  (abs)        0000
___stacklo                  (abs)        0000
__end_of_LCD_Test           text10       02D2
__end_of_Lcd_Clear          text18       0503
__end_of_Lcd_Cmd            text19       0497
__end_of_Lcd_Init           text9        01D5
__end_of_Lcd_Port           text20       045D
__end_of_Lcd_Set_Cursor     text17       0289
__end_of_Lcd_Write_Char     text16       0411
__end_of_Lcd_Write_String   text15       0318
__end_of_UART_TX_config     text2        04E9
__end_of___lwdiv            text14       035C
__end_of___lwmod            text13       03D8
__end_of__initialization    cinit        0012
__end_of__stringtab         strings      0110
__end_of_adc_change_channel text8        04F6
__end_of_adc_init           text7        047D
__end_of_adc_read           text6        04CD
__end_of_configOsc          text5        0231
__end_of_dpowers            strings      011A
__end_of_intToString        text11       04BE
__end_of_ioc_init           text4        0506
__end_of_isr                text21       04DC
__end_of_main               maintext     039C
__end_of_setupF             text3        043B
__end_of_setupUart          text1        04AD
__end_of_sprintf            text12       0100
__initialization            cinit        000F
__pbssBANK0                 bssBANK0     0045
__pcstackBANK0              cstackBANK0  0020
__pcstackCOMMON             cstackCOMMON 0070
__pintentry                 intentry     0004
__pmaintext                 maintext     035C
__pstrings                  strings      0100
__ptext1                    text1        0497
__ptext10                   text10       0289
__ptext11                   text11       04AD
__ptext12                   text12       0016
__ptext13                   text13       039C
__ptext14                   text14       0318
__ptext15                   text15       02D2
__ptext16                   text16       03D8
__ptext17                   text17       0231
__ptext18                   text18       04F6
__ptext19                   text19       047D
__ptext2                    text2        04DC
__ptext20                   text20       043B
__ptext21                   text21       04CD
__ptext3                    text3        0411
__ptext4                    text4        0503
__ptext5                    text5        01D5
__ptext6                    text6        04BE
__ptext7                    text7        045D
__ptext8                    text8        04E9
__ptext9                    text9        0178
__stringbase                strings      010F
__stringtab                 strings      0100
_adc_change_channel         text8        04E9
_adc_init                   text7        045D
_adc_read                   text6        04BE
_configOsc                  text5        01D5
_dpowers                    strings      0110
_intToString                text11       04AD
_ioc_init                   text4        0503
_isr                        text21       04CD
_lcd1                       bssBANK0     0045
_main                       maintext     035C
_setupF                     text3        0411
_setupUart                  text1        0497
_sprintf                    text12       0016
adc_change_channel@channel  cstackCOMMON 0073
adc_init@channel            cstackCOMMON 0074
adc_read@channel            cstackCOMMON 0075
btemp                       (abs)        007E
configOsc@frec              cstackCOMMON 0072
end_of_initialization       cinit        0012
intToString@buffer          cstackBANK0  0033
intToString@num             cstackBANK0  0031
interrupt_function          intentry     0004
intlevel0                   functab      0000
intlevel1                   functab      0000
intlevel2                   functab      0000
intlevel3                   functab      0000
intlevel4                   functab      0000
intlevel5                   functab      0000
reset_vec                   reset_vec    0000
saved_w                     (abs)        007E
sprintf@ap                  cstackBANK0  002A
sprintf@c                   cstackBANK0  0030
sprintf@f                   cstackBANK0  0024
sprintf@flag                cstackBANK0  002B
sprintf@prec                cstackBANK0  002C
sprintf@sp                  cstackBANK0  002F
sprintf@val                 cstackBANK0  002D
start                       init         000C
start_initialization        cinit        000F
wtemp0                      (abs)        007E


MODULE INFORMATION

Module		Function		Class		Link	Load	Size
C:\Program Files\Microchip\xc8\v2.36\pic\sources\c90\common\doprnt.c
		_sprintf       		CODE           	0016	0000	234

C:\Program Files\Microchip\xc8\v2.36\pic\sources\c90\common\doprnt.c estimated size: 234

C:\Program Files\Microchip\xc8\v2.36\pic\sources\c90\common\lwmod.c
		___lwmod       		CODE           	039C	0000	60

C:\Program Files\Microchip\xc8\v2.36\pic\sources\c90\common\lwmod.c estimated size: 60

C:\Program Files\Microchip\xc8\v2.36\pic\sources\c90\common\lwdiv.c
		___lwdiv       		CODE           	0318	0000	68

C:\Program Files\Microchip\xc8\v2.36\pic\sources\c90\common\lwdiv.c estimated size: 68

oscilador.c
		_configOsc     		CODE           	01D5	0000	92

oscilador.c estimated size: 92

shared
		__stringtab    		STRING         	0100	0000	16
		_dpowers       		STRING         	0110	0000	10
		__initialization		CODE           	000F	0000	3

shared estimated size: 29

setup.c
		_ioc_init      		CODE           	0503	0000	3
		_setupF        		CODE           	0411	0000	42

setup.c estimated size: 45

lcd.c
		_Lcd_Write_String		CODE           	02D2	0000	70
		_Lcd_Init      		CODE           	0178	0000	93
		_Lcd_Write_Char		CODE           	03D8	0000	57
		_intToString   		CODE           	04AD	0000	17
		_Lcd_Cmd       		CODE           	047D	0000	26
		_Lcd_Set_Cursor		CODE           	0231	0000	88
		_Lcd_Clear     		CODE           	04F6	0000	13
		_Lcd_Port      		CODE           	043B	0000	34

lcd.c estimated size: 398

E:/Universidad/Semestre2_2023/Digital-2/Lab2/Lab2.X/main.c
		_main          		CODE           	035C	0000	64
		_isr           		CODE           	04CD	0000	15
		_LCD_Test      		CODE           	0289	0000	73

E:/Universidad/Semestre2_2023/Digital-2/Lab2/Lab2.X/main.c estimated size: 152

E:/Universidad/Semestre2_2023/Digital-2/Lab2/Lab2.X/uart.c
		_UART_TX_config		CODE           	04DC	0000	13
		_setupUart     		CODE           	0497	0000	22

E:/Universidad/Semestre2_2023/Digital-2/Lab2/Lab2.X/uart.c estimated size: 35

ADC_Interrupt.c
		_adc_read      		CODE           	04BE	0000	15
		_adc_change_channel		CODE           	04E9	0000	13
		_adc_init      		CODE           	045D	0000	32

ADC_Interrupt.c estimated size: 60

