Microchip MPLAB XC8 Compiler V2.36

Linker command line:

-W-3 --edf=C:\Program Files\Microchip\xc8\v2.36\pic\dat\en_msgs.txt -cn \
  -h+dist/default/production\Lab2.X.production.sym \
  --cmf=dist/default/production\Lab2.X.production.cmf -z -Q16F887 \
  -oC:\Users\WMGWW\AppData\Local\Temp\xcAs1ko.4 --defsym=__MPLAB_BUILD=1 \
  -Mdist/default/production/Lab2.X.production.map \
  --md=C:\Users\WMGWW\AppData\Local\Temp\xcAs1ko.dat -E1 -ver=XC8 Compiler \
  --acfsm=1493 -ACODE=00h-07FFhx4 -ASTRCODE=00h-01FFFh -ASTRING=00h-0FFhx32 \
  -ACONST=00h-0FFhx32 -AENTRY=00h-0FFhx32 -ACOMMON=070h-07Fh \
  -ABANK0=020h-06Fh -ABANK1=0A0h-0EFh -ABANK2=0110h-016Fh \
  -ABANK3=0190h-01EFh -ARAM=020h-06Fh,0A0h-0EFh,0110h-016Fh,0190h-01EFh \
  -AABS1=020h-07Fh,0A0h-0EFh,0110h-016Fh,0190h-01EFh -ASFR0=00h-01Fh \
  -ASFR1=080h-09Fh -ASFR2=0100h-010Fh -ASFR3=0180h-018Fh \
  -ACONFIG=02007h-02008h -DCONFIG=2 -AIDLOC=02000h-02003h -DIDLOC=2 \
  -AEEDATA=00h-0FFh/02100h -peeprom_data=EEDATA -DEEDATA=2 -DCODE=2 \
  -DSTRCODE=2 -DSTRING=2 -DCONST=2 -DENTRY=2 \
  -preset_vec=00h,intentry,init,end_init -ppowerup=CODE -pcinit=CODE \
  -pfunctab=ENTRY -k C:\Users\WMGWW\AppData\Local\Temp\xcAs1ko.o \
  dist/default/production\Lab2.X.production.o 

Object code version is 3.11

Machine type is 16F887



                Name                               Link     Load   Length Selector   Space Scale
C:\Users\WMGWW\AppData\Local\Temp\xcAs1ko.o
                end_init                              0        0        3        0       0
                config                             2007     2007        2        0       4
                idloc                              2000     2000        4        0       5
dist/default/production\Lab2.X.production.o
                cinit                               7F9      7F9        7      FF2       0
                config                             2007     2007        2        0       4
                idloc                              2000     2000        4        0       5
                text12                              60B      60B       22      C16       0
                text11                              5F1      5F1       1A      BE2       0
                text10                              5C6      5C6        D      B8C       0
                text9                               6EE      6EE       52      DDC       0
                text8                               6B5      6B5       39      D6A       0
                text7                               62D      62D       25      C5A       0
                text6                               652      652       2F      CA4       0
                text5                               79C      79C       5D      F38       0
                text4                               5E1      5E1       10      BC2       0
                text3                               740      740       5C      E80       0
                text2                               5BD      5BD        9      B7A       0
                text1                               681      681       34      D02       0
                maintext                            5D3      5D3        E      BA6       0
                cstackCOMMON                         70       70        E       70       1
                bssBANK0                             20       20        1       20       1
                strings                               3        3       6D        6       0

TOTAL           Name                               Link     Load   Length     Space
        CLASS   CODE           
                end_init                              0        0        3         0
                cinit                               7F9      7F9        7         0
                text12                              60B      60B       22         0
                text11                              5F1      5F1       1A         0
                text10                              5C6      5C6        D         0
                text9                               6EE      6EE       52         0
                text8                               6B5      6B5       39         0
                text7                               62D      62D       25         0
                text6                               652      652       2F         0
                text5                               79C      79C       5D         0
                text4                               5E1      5E1       10         0
                text3                               740      740       5C         0
                text2                               5BD      5BD        9         0
                text1                               681      681       34         0
                maintext                            5D3      5D3        E         0

        CLASS   STRCODE        

        CLASS   STRING         
                strings                               3        3       6D         0

        CLASS   CONST          

        CLASS   ENTRY          

        CLASS   COMMON         
                cstackCOMMON                         70       70        E         1

        CLASS   BANK0          
                bssBANK0                             20       20        1         1

        CLASS   BANK1          

        CLASS   BANK2          

        CLASS   BANK3          

        CLASS   RAM            

        CLASS   ABS1           
                abs_s1                               7E       7E        2         1

        CLASS   SFR0           

        CLASS   SFR1           

        CLASS   SFR2           

        CLASS   SFR3           

        CLASS   CONFIG         
                config                             2007     2007        2         4

        CLASS   IDLOC          
                idloc                              2000     2000        4         5

        CLASS   EEDATA         

        CLASS   STACK          



SEGMENTS        Name                           Load    Length   Top    Selector   Space  Class     Delta

                reset_vec                      000000  000003  000003         0       0  CODE        2
                strings                        000003  00006D  000070         6       0  STRING      2
                bssBANK0                       000020  000001  000021        20       1  BANK0       1
                cstackCOMMON                   000070  00000E  00007E        70       1  COMMON      1
                text2                          0005BD  000009  0005C6       B7A       0  CODE        2
                text10                         0005C6  00000D  0005D3       B8C       0  CODE        2
                maintext                       0005D3  00000E  0005E1       BA6       0  CODE        2
                text4                          0005E1  000010  0005F1       BC2       0  CODE        2
                text11                         0005F1  00001A  00060B       BE2       0  CODE        2
                text12                         00060B  000022  00062D       C16       0  CODE        2
                text7                          00062D  000025  000652       C5A       0  CODE        2
                text6                          000652  00002F  000681       CA4       0  CODE        2
                text1                          000681  000034  0006B5       D02       0  CODE        2
                text8                          0006B5  000039  0006EE       D6A       0  CODE        2
                text9                          0006EE  000052  000740       DDC       0  CODE        2
                text3                          000740  00005C  00079C       E80       0  CODE        2
                text5                          00079C  00005D  0007F9       F38       0  CODE        2
                cinit                          0007F9  000007  000800       FF2       0  CODE        2


UNUSED ADDRESS RANGES

        Name                Unused          Largest block    Delta
        BANK0            0021-006F             4F           1
        BANK1            00A0-00EF             50           1
        BANK2            0110-016F             60           1
        BANK3            0190-01EF             60           1
        CODE             0070-05BC            54D           2
                         0800-1FFF            800
        CONST            0070-05BC            100           2
                         0800-1FFF            100
        EEDATA           2100-21FF            100           2
        ENTRY            0070-05BC            100           2
                         0800-1FFF            100
        RAM              0021-006F             4F           1
                         00A0-00EF             50
                         0110-016F             60
                         0190-01EF             60
        SFR0             0000-001F             20           1
        SFR1             0080-009F             20           1
        SFR2             0100-010F             10           1
        SFR3             0180-018F             10           1
        STRCODE          0070-05BC            54D           2
                         0800-1FFF           1800
        STRING           0070-05BC            100           2
                         0800-1FFF            100

                                  Symbol Table

Lcd_Cmd@a                 cstackCOMMON 0073
Lcd_Port@a                cstackCOMMON 0070
Lcd_Set_Cursor@a          cstackCOMMON 0077
Lcd_Set_Cursor@b          cstackCOMMON 0074
Lcd_Set_Cursor@temp       cstackCOMMON 007A
Lcd_Set_Cursor@y          cstackCOMMON 0079
Lcd_Set_Cursor@z          cstackCOMMON 0078
Lcd_Write_Char@a          cstackCOMMON 0074
Lcd_Write_Char@temp       cstackCOMMON 0072
Lcd_Write_Char@y          cstackCOMMON 0073
Lcd_Write_String@a        cstackCOMMON 0077
Lcd_Write_String@i        cstackCOMMON 0075
_ADCON0bits               (abs)        001F
_ADCON1bits               (abs)        009F
_ADRESH                   (abs)        001E
_ANSELH                   (abs)        0189
_ANSELbits                (abs)        0188
_INTCONbits               (abs)        000B
_LCD_Test                 text6        0652
_Lcd_Clear                text10       05C6
_Lcd_Cmd                  text11       05F1
_Lcd_Init                 text5        079C
_Lcd_Port                 text12       060B
_Lcd_Set_Cursor           text9        06EE
_Lcd_Write_Char           text8        06B5
_Lcd_Write_String         text7        062D
_OPTION_REGbits           (abs)        0081
_OSCCONbits               (abs)        008F
_PIE1bits                 (abs)        008C
_PORTA                    (abs)        0005
_PORTD                    (abs)        0008
_RD2                      (abs)        0042
_RD3                      (abs)        0043
_RD4                      (abs)        0044
_RD5                      (abs)        0045
_RD6                      (abs)        0046
_RD7                      (abs)        0047
_TMR0                     (abs)        0001
_TRISA                    (abs)        0085
_TRISD                    (abs)        0088
__Habs1                   abs1         0000
__Hbank0                  bank0        0000
__Hbank1                  bank1        0000
__Hbank2                  bank2        0000
__Hbank3                  bank3        0000
__HbssBANK0               bssBANK0     0000
__Hcinit                  cinit        0800
__Hclrtext                clrtext      0000
__Hcode                   code         0000
__Hcommon                 common       0000
__Hconfig                 config       2009
__HcstackCOMMON           cstackCOMMON 0000
__Heeprom_data            eeprom_data  0000
__Hend_init               end_init     0003
__Hfunctab                functab      0000
__Hidloc                  idloc        2004
__Hinit                   init         0000
__Hintentry               intentry     0000
__Hmaintext               maintext     0000
__Hpowerup                powerup      0000
__Hram                    ram          0000
__Hreset_vec              reset_vec    0000
__Hsfr0                   sfr0         0000
__Hsfr1                   sfr1         0000
__Hsfr2                   sfr2         0000
__Hsfr3                   sfr3         0000
__Hspace_0                (abs)        0800
__Hspace_1                (abs)        007E
__Hspace_2                (abs)        0000
__Hspace_3                (abs)        0000
__Hspace_4                (abs)        4010
__Hstack                  stack        0000
__Hstrings                strings      0000
__Htext                   text         0000
__Labs1                   abs1         0000
__Lbank0                  bank0        0000
__Lbank1                  bank1        0000
__Lbank2                  bank2        0000
__Lbank3                  bank3        0000
__LbssBANK0               bssBANK0     0000
__Lcinit                  cinit        07F9
__Lclrtext                clrtext      0000
__Lcode                   code         0000
__Lcommon                 common       0000
__Lconfig                 config       0000
__LcstackCOMMON           cstackCOMMON 0000
__Leeprom_data            eeprom_data  0000
__Lend_init               end_init     0000
__Lfunctab                functab      0000
__Lidloc                  idloc        0000
__Linit                   init         0000
__Lintentry               intentry     0000
__Lmaintext               maintext     0000
__Lpowerup                powerup      0000
__Lram                    ram          0000
__Lreset_vec              reset_vec    0000
__Lsfr0                   sfr0         0000
__Lsfr1                   sfr1         0000
__Lsfr2                   sfr2         0000
__Lsfr3                   sfr3         0000
__Lspace_0                (abs)        0000
__Lspace_1                (abs)        0000
__Lspace_2                (abs)        0000
__Lspace_3                (abs)        0000
__Lspace_4                (abs)        0000
__Lstack                  stack        0000
__Lstrings                strings      0000
__Ltext                   text         0000
__S0                      (abs)        0800
__S1                      (abs)        007E
__S3                      (abs)        0000
___int_sp                 stack        0000
___latbits                (abs)        0002
___sp                     stack        0000
___stackhi                (abs)        0000
___stacklo                (abs)        0000
__end_of_LCD_Test         text6        0681
__end_of_Lcd_Clear        text10       05D3
__end_of_Lcd_Cmd          text11       060B
__end_of_Lcd_Init         text5        07F9
__end_of_Lcd_Port         text12       062D
__end_of_Lcd_Set_Cursor   text9        0740
__end_of_Lcd_Write_Char   text8        06EE
__end_of_Lcd_Write_String text7        0652
__end_of__initialization  cinit        07FC
__end_of__stringtab       strings      0009
__end_of_adc_init         text4        05F1
__end_of_configOsc        text3        079C
__end_of_ioc_init         text2        05C6
__end_of_main             maintext     05E1
__end_of_setupF           text1        06B5
__initialization          cinit        07F9
__pbssBANK0               bssBANK0     0020
__pcstackCOMMON           cstackCOMMON 0070
__pmaintext               maintext     05D3
__pstrings                strings      0003
__ptext1                  text1        0681
__ptext10                 text10       05C6
__ptext11                 text11       05F1
__ptext12                 text12       060B
__ptext2                  text2        05BD
__ptext3                  text3        0740
__ptext4                  text4        05E1
__ptext5                  text5        079C
__ptext6                  text6        0652
__ptext7                  text7        062D
__ptext8                  text8        06B5
__ptext9                  text9        06EE
__stringbase              strings      0008
__stringtab               strings      0003
_adc_init                 text4        05E1
_configOsc                text3        0740
_ioc_init                 text2        05BD
_main                     maintext     05D3
_setupF                   text1        0681
adc_init@channel          cstackCOMMON 0070
btemp                     (abs)        007E
configOsc@frec            cstackCOMMON 0070
end_of_initialization     cinit        07FC
intlevel0                 functab      0000
intlevel1                 functab      0000
intlevel2                 functab      0000
intlevel3                 functab      0000
intlevel4                 functab      0000
intlevel5                 functab      0000
reset_vec                 reset_vec    0000
start                     init         0000
start_initialization      cinit        07F9
wtemp0                    (abs)        007E


MODULE INFORMATION

Module		Function		Class		Link	Load	Size
oscilador.c
		_configOsc     		CODE           	0740	0000	92

oscilador.c estimated size: 92

shared
		__stringtab    		STRING         	0003	0000	6
		__initialization		CODE           	07F9	0000	3

shared estimated size: 9

setup.c
		_ioc_init      		CODE           	05BD	0000	9
		_setupF        		CODE           	0681	0000	52

setup.c estimated size: 61

lcd.c
		_Lcd_Write_String		CODE           	062D	0000	37
		_Lcd_Init      		CODE           	079C	0000	93
		_Lcd_Write_Char		CODE           	06B5	0000	57
		_Lcd_Cmd       		CODE           	05F1	0000	26
		_Lcd_Set_Cursor		CODE           	06EE	0000	82
		_Lcd_Clear     		CODE           	05C6	0000	13
		_LCD_Test      		CODE           	0652	0000	47
		_Lcd_Port      		CODE           	060B	0000	34

lcd.c estimated size: 389

E:/Universidad/Semestre2_2023/Digital-2/Lab2/Lab2.X/main.c
		_main          		CODE           	05D3	0000	14

E:/Universidad/Semestre2_2023/Digital-2/Lab2/Lab2.X/main.c estimated size: 14

ADC_Interrupt.c
		_adc_init      		CODE           	05E1	0000	16

ADC_Interrupt.c estimated size: 16

