Microchip MPLAB XC8 Compiler V2.41

Linker command line:

-W-3 \
  --edf=C:\Program Files\Microchip\xc8\v2.41\pic\dat\20230208172133_en.msgs \
  -cn -h+dist/default/production\Lab4_Master.X.production.sym \
  --cmf=dist/default/production\Lab4_Master.X.production.cmf -z -Q16F887 \
  -oC:\Users\WMGWW\AppData\Local\Temp\xcAsl1s.\driver_tmp_3.o \
  --defsym=__MPLAB_BUILD=1 --fixupoverflow=error \
  -Mdist/default/production/Lab4_Master.X.production.map \
  --md=C:\Users\WMGWW\AppData\Local\Temp\xcAsl1s.\driver_tmp_0.dat -E1 \
  -ver=XC8 Compiler --acfsm=1493 -ACODE=00h-07FFhx4 -ASTRCODE=00h-01FFFh \
  -ASTRING=00h-0FFhx32 -ACONST=00h-0FFhx32 -AENTRY=00h-0FFhx32 \
  -ACOMMON=070h-07Fh -ABANK0=020h-06Fh -ABANK1=0A0h-0EFh \
  -ABANK2=0110h-016Fh -ABANK3=0190h-01EFh \
  -ARAM=020h-06Fh,0A0h-0EFh,0110h-016Fh,0190h-01EFh \
  -AABS1=020h-07Fh,0A0h-0EFh,0110h-016Fh,0190h-01EFh -ASFR0=00h-01Fh \
  -ASFR1=080h-09Fh -ASFR2=0100h-010Fh -ASFR3=0180h-018Fh \
  -ACONFIG=02007h-02008h -DCONFIG=2 -AIDLOC=02000h-02003h -DIDLOC=2 \
  -AEEDATA=00h-0FFh/02100h -peeprom_data=EEDATA -DEEDATA=2 -DCODE=2 \
  -DSTRCODE=2 -DSTRING=2 -DCONST=2 -DENTRY=2 \
  -preset_vec=00h,intentry=04h,init,end_init -ppowerup=CODE -pcinit=CODE \
  -pfunctab=ENTRY -k \
  C:\Users\WMGWW\AppData\Local\Temp\xcAsl1s.\driver_tmp_17.o \
  dist/default/production\Lab4_Master.X.production.o 

Object code version is 3.11

Machine type is 16F887



                Name                               Link     Load   Length Selector   Space Scale
C:\Users\WMGWW\AppData\Local\Temp\xcAsl1s.\driver_tmp_17.o
                end_init                              E        E        3        8       0
                reset_vec                             0        0        3        0       0
                config                             2007     2007        2        0       4
                idloc                              2000     2000        4        0       5
dist/default/production\Lab4_Master.X.production.o
                cinit                                11       11       10        8       0
                intentry                              4        4        A        8       0
                config                             2007     2007        2        0       4
                idloc                              2000     2000        4        0       5
                text28                              7E0      7E0       1E      E94       0
                text27                              FBB      FBB       15     1F76       0
                text26                              7C1      7C1       1F      E94       0
                text25                              F8F      F8F        D     1F1E       0
                text24                              74A      74A       30      E94       0
                text23                              F6A      F6A        9     1ED4       0
                text22                              5F0      5F0       3E        8       0
                text21                              FE6      FE6       1A     1FCC       0
                text20                              F9C      F9C        D     1F38       0
                text19                              79F      79F       22      E94       0
                text18                              FD0      FD0       16     1FA0       0
                text17                              77A      77A       25      E94       0
                text16                              3CC      3CC       69        8       0
                text15                              4F9      4F9       5B        8       0
                text14                              6DD      6DD       39        8       0
                text13                              F73      F73        9     1EE6       0
                text12                              F7C      F7C        9     1EF8       0
                text11                              F85      F85        A     1F0A       0
                text10                              31A      31A       B2        8       0
                text9                               435      435       68        8       0
                text8                               66A      66A       3A        8       0
                text7                               554      554       56        8       0
                text6                               49D      49D       5C        8       0
                text5                               6A4      6A4       39        8       0
                text4                               5AA      5AA       46        8       0
                text3                               62E      62E       3C        8       0
                text2                               FA9      FA9       12     1F52       0
                text1                               1C7      1C7      153        8       0
                maintext                             21       21      1A6        8       0
                cstackBANK0                          20       20       1E       20       1
                cstackCOMMON                         70       70        8       70       1
                clrtext                             F62      F62        8     1EC4       0
                bssBANK0                             3E       3E       19       20       1
                bssCOMMON                            78       78        3       70       1
                strings                             716      716       34      E2C       0

TOTAL           Name                               Link     Load   Length     Space
        CLASS   CODE           
                end_init                              E        E        3         0
                cinit                                11       11       10         0
                intentry                              4        4        A         0
                reset_vec                             0        0        3         0
                text28                              7E0      7E0       1E         0
                text27                              FBB      FBB       15         0
                text26                              7C1      7C1       1F         0
                text25                              F8F      F8F        D         0
                text24                              74A      74A       30         0
                text23                              F6A      F6A        9         0
                text22                              5F0      5F0       3E         0
                text21                              FE6      FE6       1A         0
                text20                              F9C      F9C        D         0
                text19                              79F      79F       22         0
                text18                              FD0      FD0       16         0
                text17                              77A      77A       25         0
                text16                              3CC      3CC       69         0
                text15                              4F9      4F9       5B         0
                text14                              6DD      6DD       39         0
                text13                              F73      F73        9         0
                text12                              F7C      F7C        9         0
                text11                              F85      F85        A         0
                text10                              31A      31A       B2         0
                text9                               435      435       68         0
                text8                               66A      66A       3A         0
                text7                               554      554       56         0
                text6                               49D      49D       5C         0
                text5                               6A4      6A4       39         0
                text4                               5AA      5AA       46         0
                text3                               62E      62E       3C         0
                text2                               FA9      FA9       12         0
                text1                               1C7      1C7      153         0
                maintext                             21       21      1A6         0
                clrtext                             F62      F62        8         0

        CLASS   STRCODE        

        CLASS   STRING         
                strings                             716      716       34         0

        CLASS   CONST          

        CLASS   ENTRY          

        CLASS   COMMON         
                cstackCOMMON                         70       70        8         1
                bssCOMMON                            78       78        3         1

        CLASS   BANK0          
                cstackBANK0                          20       20       1E         1
                bssBANK0                             3E       3E       19         1

        CLASS   BANK1          

        CLASS   BANK2          

        CLASS   BANK3          

        CLASS   RAM            

        CLASS   ABS1           
                abs_s1                               7E       7E        2         1

        CLASS   SFR0           

        CLASS   SFR1           

        CLASS   SFR2           

        CLASS   SFR3           

        CLASS   CONFIG         
                config                             2007     2007        2         4

        CLASS   IDLOC          
                idloc                              2000     2000        4         5

        CLASS   EEDATA         

        CLASS   STACK          



SEGMENTS        Name                           Load    Length   Top    Selector   Space  Class     Delta

                reset_vec                      000000  000003  000003         0       0  CODE        2
                intentry                       000004  000712  000716         8       0  CODE        2
                cstackBANK0                    000020  000037  000057        20       1  BANK0       1
                cstackCOMMON                   000070  00000B  00007B        70       1  COMMON      1
                strings                        000716  000034  00074A       E2C       0  STRING      2
                text24                         00074A  0000B4  0007FE       E94       0  CODE        2
                clrtext                        000F62  000008  000F6A      1EC4       0  CODE        2
                text23                         000F6A  000009  000F73      1ED4       0  CODE        2
                text13                         000F73  000009  000F7C      1EE6       0  CODE        2
                text12                         000F7C  000009  000F85      1EF8       0  CODE        2
                text11                         000F85  00000A  000F8F      1F0A       0  CODE        2
                text25                         000F8F  00000D  000F9C      1F1E       0  CODE        2
                text20                         000F9C  00000D  000FA9      1F38       0  CODE        2
                text2                          000FA9  000012  000FBB      1F52       0  CODE        2
                text27                         000FBB  000015  000FD0      1F76       0  CODE        2
                text18                         000FD0  000016  000FE6      1FA0       0  CODE        2
                text21                         000FE6  00001A  001000      1FCC       0  CODE        2


UNUSED ADDRESS RANGES

        Name                Unused          Largest block    Delta
        BANK0            0057-006F             19           1
        BANK1            00A0-00EF             50           1
        BANK2            0110-016F             60           1
        BANK3            0190-01EF             60           1
        CODE             0003-0003              1           2
                         07FE-0F61              2
                         1000-1FFF            800
        COMMON           007B-007D              3           1
        CONST            0003-0003              1           2
                         07FE-0F61            100
                         1000-1FFF            100
        EEDATA           2100-21FF            100           2
        ENTRY            0003-0003              1           2
                         07FE-0F61            100
                         1000-1FFF            100
        RAM              0057-006F             19           1
                         00A0-00EF             50
                         0110-016F             60
                         0190-01EF             60
        SFR0             0000-001F             20           1
        SFR1             0080-009F             20           1
        SFR2             0100-010F             10           1
        SFR3             0180-018F             10           1
        STRCODE          0003-0003              1           2
                         07FE-0F61            764
                         1000-1FFF           1000
        STRING           0003-0003              1           2
                         07FE-0F61            100
                         1000-1FFF            100

                                  Symbol Table

?_I2C_Master_Read                 cstackCOMMON 0073
?___awdiv                         cstackCOMMON 0073
?___awmod                         cstackCOMMON 0073
?___lldiv                         cstackBANK0  0020
?___lwdiv                         cstackCOMMON 0073
?___lwmod                         cstackBANK0  0023
?_sprintf                         cstackBANK0  0027
BCD_to_Decimal@bcd_value          cstackBANK0  0023
BCD_to_Decimal@decimal_value      cstackBANK0  0022
BCD_to_Decimal@ones_digit         cstackBANK0  0021
BCD_to_Decimal@tens_digit         cstackBANK0  0020
Decimal_to_BCD@bcd_value          cstackBANK0  0028
Decimal_to_BCD@decimal_value      cstackBANK0  0029
Decimal_to_BCD@ones_digit         cstackBANK0  0027
Decimal_to_BCD@tens_digit         cstackBANK0  0026
I2C_Master_Init@c                 cstackBANK0  002D
I2C_Master_Read@a                 cstackCOMMON 0073
I2C_Master_Read@temp              cstackBANK0  0020
I2C_Master_Write@d                cstackBANK0  002A
Lcd_Cmd@a                         cstackCOMMON 0076
Lcd_Port@a                        cstackCOMMON 0073
Lcd_Set_Cursor@a                  cstackBANK0  0020
Lcd_Set_Cursor@b                  cstackCOMMON 0077
Lcd_Set_Cursor@temp               cstackBANK0  0021
Lcd_Write_Char@a                  cstackCOMMON 0075
Lcd_Write_String@a                cstackBANK0  0022
Lcd_Write_String@i                cstackBANK0  0020
_ANSEL                            (abs)        0188
_ANSELH                           (abs)        0189
_BCD_to_Decimal                   text26       07C1
_Decimal_to_BCD                   text14       06DD
_GIE                              (abs)        005F
_I2C_Master_Init                  text8        066A
_I2C_Master_Read                  text24       074A
_I2C_Master_RepeatedStart         text23       0F6A
_I2C_Master_Start                 text13       0F73
_I2C_Master_Stop                  text12       0F7C
_I2C_Master_Wait                  text25       0F8F
_I2C_Master_Write                 text11       0F85
_INTCONbits                       (abs)        000B
_IOCBbits                         (abs)        0096
_Lcd_Clear                        text20       0F9C
_Lcd_Cmd                          text21       0FE6
_Lcd_Init                         text7        0554
_Lcd_Port                         text22       05F0
_Lcd_Set_Cursor                   text19       079F
_Lcd_Write_Char                   text18       0FD0
_Lcd_Write_String                 text17       077A
_OPTION_REGbits                   (abs)        0081
_OSCCONbits                       (abs)        008F
_PEIE                             (abs)        005E
_PORTA                            (abs)        0005
_PORTB                            (abs)        0006
_PORTC                            (abs)        0007
_PORTD                            (abs)        0008
_RB0                              (abs)        0030
_RB1                              (abs)        0031
_RBIF                             (abs)        0058
_RC0                              (abs)        0038
_RC1                              (abs)        0039
_RD0                              (abs)        0040
_RD1                              (abs)        0041
_RD2                              (abs)        0042
_RD3                              (abs)        0043
_RD4                              (abs)        0044
_RD5                              (abs)        0045
_RD6                              (abs)        0046
_RD7                              (abs)        0047
_SSPADD                           (abs)        0093
_SSPBUF                           (abs)        0013
_SSPCON                           (abs)        0014
_SSPCON2                          (abs)        0091
_SSPCON2bits                      (abs)        0091
_SSPIE                            (abs)        0463
_SSPIF                            (abs)        0063
_SSPSTAT                          (abs)        0094
_TRISA                            (abs)        0085
_TRISB                            (abs)        0086
_TRISC                            (abs)        0087
_TRISC3                           (abs)        043B
_TRISC4                           (abs)        043C
_TRISCbits                        (abs)        0087
_TRISD                            (abs)        0088
_WPUBbits                         (abs)        0095
__H__absolute__                   __absolute__ 0000
__Habs1                           abs1         0000
__Hbank0                          bank0        0000
__Hbank1                          bank1        0000
__Hbank2                          bank2        0000
__Hbank3                          bank3        0000
__HbssBANK0                       bssBANK0     0000
__HbssCOMMON                      bssCOMMON    0000
__Hcinit                          cinit        0021
__Hclrtext                        clrtext      0000
__Hcode                           code         0000
__Hcommon                         common       0000
__Hconfig                         config       2009
__HcstackBANK0                    cstackBANK0  0000
__HcstackCOMMON                   cstackCOMMON 0000
__Heeprom_data                    eeprom_data  0000
__Hend_init                       end_init     0011
__Hfunctab                        functab      0000
__Hidloc                          idloc        2004
__Hinit                           init         000E
__Hintentry                       intentry     000E
__Hmaintext                       maintext     0000
__Hpowerup                        powerup      0000
__Hram                            ram          0000
__Hreset_vec                      reset_vec    0003
__Hsfr0                           sfr0         0000
__Hsfr1                           sfr1         0000
__Hsfr2                           sfr2         0000
__Hsfr3                           sfr3         0000
__Hspace_0                        (abs)        1000
__Hspace_1                        (abs)        007B
__Hspace_2                        (abs)        0000
__Hspace_3                        (abs)        0000
__Hspace_4                        (abs)        4010
__Hstack                          stack        0000
__Hstrings                        strings      0000
__Htext                           text         0000
__L__absolute__                   __absolute__ 0000
__Labs1                           abs1         0000
__Lbank0                          bank0        0000
__Lbank1                          bank1        0000
__Lbank2                          bank2        0000
__Lbank3                          bank3        0000
__LbssBANK0                       bssBANK0     0000
__LbssCOMMON                      bssCOMMON    0000
__Lcinit                          cinit        0011
__Lclrtext                        clrtext      0000
__Lcode                           code         0000
__Lcommon                         common       0000
__Lconfig                         config       0000
__LcstackBANK0                    cstackBANK0  0000
__LcstackCOMMON                   cstackCOMMON 0000
__Leeprom_data                    eeprom_data  0000
__Lend_init                       end_init     000E
__Lfunctab                        functab      0000
__Lidloc                          idloc        0000
__Linit                           init         000E
__Lintentry                       intentry     0004
__Lmaintext                       maintext     0000
__Lpowerup                        powerup      0000
__Lram                            ram          0000
__Lreset_vec                      reset_vec    0000
__Lsfr0                           sfr0         0000
__Lsfr1                           sfr1         0000
__Lsfr2                           sfr2         0000
__Lsfr3                           sfr3         0000
__Lspace_0                        (abs)        0000
__Lspace_1                        (abs)        0000
__Lspace_2                        (abs)        0000
__Lspace_3                        (abs)        0000
__Lspace_4                        (abs)        0000
__Lstack                          stack        0000
__Lstrings                        strings      0000
__Ltext                           text         0000
__S0                              (abs)        1000
__S1                              (abs)        007B
__S3                              (abs)        0000
___awdiv                          text16       03CC
___awdiv@counter                  cstackBANK0  0020
___awdiv@dividend                 cstackCOMMON 0075
___awdiv@divisor                  cstackCOMMON 0073
___awdiv@quotient                 cstackBANK0  0022
___awdiv@sign                     cstackBANK0  0021
___awmod                          text15       04F9
___awmod@counter                  cstackBANK0  0020
___awmod@dividend                 cstackCOMMON 0075
___awmod@divisor                  cstackCOMMON 0073
___awmod@sign                     cstackBANK0  0021
___bmul                           text27       0FBB
___bmul@multiplicand              cstackCOMMON 0073
___bmul@multiplier                cstackCOMMON 0075
___bmul@product                   cstackCOMMON 0074
___int_sp                         stack        0000
___latbits                        (abs)        0002
___lldiv                          text9        0435
___lldiv@counter                  cstackBANK0  002C
___lldiv@dividend                 cstackBANK0  0024
___lldiv@divisor                  cstackBANK0  0020
___lldiv@quotient                 cstackBANK0  0028
___lwdiv                          text4        05AA
___lwdiv@counter                  cstackBANK0  0020
___lwdiv@dividend                 cstackCOMMON 0075
___lwdiv@divisor                  cstackCOMMON 0073
___lwdiv@quotient                 cstackBANK0  0021
___lwmod                          text3        062E
___lwmod@counter                  cstackCOMMON 0077
___lwmod@dividend                 cstackBANK0  0025
___lwmod@divisor                  cstackBANK0  0023
___sp                             stack        0000
___stackhi                        (abs)        0000
___stacklo                        (abs)        0000
__end_of_BCD_to_Decimal           text26       07E0
__end_of_Decimal_to_BCD           text14       0716
__end_of_I2C_Master_Init          text8        06A4
__end_of_I2C_Master_Read          text24       077A
__end_of_I2C_Master_RepeatedStart text23       0F73
__end_of_I2C_Master_Start         text13       0F7C
__end_of_I2C_Master_Stop          text12       0F85
__end_of_I2C_Master_Wait          text25       0F9C
__end_of_I2C_Master_Write         text11       0F8F
__end_of_Lcd_Clear                text20       0FA9
__end_of_Lcd_Cmd                  text21       1000
__end_of_Lcd_Init                 text7        05AA
__end_of_Lcd_Port                 text22       062E
__end_of_Lcd_Set_Cursor           text19       07C1
__end_of_Lcd_Write_Char           text18       0FE6
__end_of_Lcd_Write_String         text17       079F
__end_of___awdiv                  text16       0435
__end_of___awmod                  text15       0554
__end_of___bmul                   text27       0FD0
__end_of___lldiv                  text9        049D
__end_of___lwdiv                  text4        05F0
__end_of___lwmod                  text3        066A
__end_of__initialization          cinit        001D
__end_of__stringtab               strings      071C
__end_of_configOsc                text6        04F9
__end_of_dpowers                  strings      0726
__end_of_isdigit                  text2        0FBB
__end_of_isr                      text28       07FE
__end_of_main                     maintext     01C7
__end_of_settingHourRTC           text10       03CC
__end_of_setup                    text5        06DD
__end_of_sprintf                  text1        031A
__initialization                  cinit        0011
__pbssBANK0                       bssBANK0     003E
__pbssCOMMON                      bssCOMMON    0078
__pcstackBANK0                    cstackBANK0  0020
__pcstackCOMMON                   cstackCOMMON 0070
__pintentry                       intentry     0004
__pmaintext                       maintext     0021
__pstrings                        strings      0716
__ptext1                          text1        01C7
__ptext10                         text10       031A
__ptext11                         text11       0F85
__ptext12                         text12       0F7C
__ptext13                         text13       0F73
__ptext14                         text14       06DD
__ptext15                         text15       04F9
__ptext16                         text16       03CC
__ptext17                         text17       077A
__ptext18                         text18       0FD0
__ptext19                         text19       079F
__ptext2                          text2        0FA9
__ptext20                         text20       0F9C
__ptext21                         text21       0FE6
__ptext22                         text22       05F0
__ptext23                         text23       0F6A
__ptext24                         text24       074A
__ptext25                         text25       0F8F
__ptext26                         text26       07C1
__ptext27                         text27       0FBB
__ptext28                         text28       07E0
__ptext3                          text3        062E
__ptext4                          text4        05AA
__ptext5                          text5        06A4
__ptext6                          text6        049D
__ptext7                          text7        0554
__ptext8                          text8        066A
__ptext9                          text9        0435
__stringbase                      strings      071B
__stringtab                       strings      0716
_configOsc                        text6        049D
_counter                          bssCOMMON    0079
_dateRTC                          bssBANK0     0041
_dpowers                          strings      071C
_isdigit                          text2        0FA9
_isdigit$875                      cstackCOMMON 0073
_isr                              text28       07E0
_lineLCD                          bssBANK0     0047
_main                             maintext     0021
_s1ADC                            bssBANK0     0046
_settingHourRTC                   text10       031A
_setup                            text5        06A4
_sprintf                          text1        01C7
_timeRTC                          bssBANK0     003E
btemp                             (abs)        007E
clear_ram0                        clrtext      0F62
configOsc@frec                    cstackCOMMON 0073
end_of_initialization             cinit        001D
interrupt_function                intentry     0004
intlevel0                         functab      0000
intlevel1                         functab      0000
intlevel2                         functab      0000
intlevel3                         functab      0000
intlevel4                         functab      0000
intlevel5                         functab      0000
isdigit@c                         cstackCOMMON 0074
reset_vec                         reset_vec    0000
saved_w                           (abs)        007E
settingHourRTC@day                cstackBANK0  002E
settingHourRTC@hour               cstackBANK0  002D
settingHourRTC@min                cstackBANK0  002C
settingHourRTC@mon                cstackBANK0  002F
settingHourRTC@sec                cstackCOMMON 0077
settingHourRTC@year               cstackBANK0  0030
sprintf@ap                        cstackBANK0  0031
sprintf@c                         cstackBANK0  0037
sprintf@f                         cstackBANK0  0027
sprintf@flag                      cstackBANK0  0032
sprintf@prec                      cstackBANK0  0036
sprintf@sp                        cstackBANK0  0035
sprintf@val                       cstackBANK0  0033
start                             init         000E
start_initialization              cinit        0011
wtemp0                            (abs)        007E


MODULE INFORMATION

Module		Function		Class		Link	Load	Size
C:\Program Files\Microchip\xc8\v2.41\pic\sources\c90\common\lwdiv.c
		___lwdiv       		CODE           	05AA	0000	70

C:\Program Files\Microchip\xc8\v2.41\pic\sources\c90\common\lwdiv.c estimated size: 70

C:\Program Files\Microchip\xc8\v2.41\pic\sources\c90\common\awdiv.c
		___awdiv       		CODE           	03CC	0000	105

C:\Program Files\Microchip\xc8\v2.41\pic\sources\c90\common\awdiv.c estimated size: 105

C:\Program Files\Microchip\xc8\v2.41\pic\sources\c90\common\__lldiv.c
		___lldiv       		CODE           	0435	0000	104

C:\Program Files\Microchip\xc8\v2.41\pic\sources\c90\common\__lldiv.c estimated size: 104

oscillator.c
		_configOsc     		CODE           	049D	0000	92

oscillator.c estimated size: 92

I2C.c
		_I2C_Master_Read		CODE           	074A	0000	48
		_I2C_Master_Wait		CODE           	0F8F	0000	13
		_I2C_Master_Init		CODE           	066A	0000	58
		_I2C_Master_Stop		CODE           	0F7C	0000	9
		_I2C_Master_RepeatedStart		CODE           	0F6A	0000	9
		_I2C_Master_Write		CODE           	0F85	0000	10
		_I2C_Master_Start		CODE           	0F73	0000	9

I2C.c estimated size: 156

C:\Program Files\Microchip\xc8\v2.41\pic\sources\c90\common\Umul8.c
		___bmul        		CODE           	0FBB	0000	21

C:\Program Files\Microchip\xc8\v2.41\pic\sources\c90\common\Umul8.c estimated size: 21

C:\Program Files\Microchip\xc8\v2.41\pic\sources\c90\common\isdigit.c
		_isdigit       		CODE           	0FA9	0000	18

C:\Program Files\Microchip\xc8\v2.41\pic\sources\c90\common\isdigit.c estimated size: 18

shared
		__stringtab    		STRING         	0716	0000	6
		_dpowers       		STRING         	071C	0000	10
		__initialization		CODE           	0011	0000	12

shared estimated size: 28

lcd.c
		_Lcd_Write_String		CODE           	077A	0000	37
		_Lcd_Init      		CODE           	0554	0000	86
		_Lcd_Write_Char		CODE           	0FD0	0000	22
		_Lcd_Cmd       		CODE           	0FE6	0000	26
		_Lcd_Set_Cursor		CODE           	079F	0000	34
		_Lcd_Clear     		CODE           	0F9C	0000	13
		_Lcd_Port      		CODE           	05F0	0000	62

lcd.c estimated size: 280

E:/Universidad/Semestre2_2023/Digital-2/Lab4/Lab4_Master.X/Lab4_Master.c
		_BCD_to_Decimal		CODE           	07C1	0000	31
		_main          		CODE           	0021	0000	422
		_settingHourRTC		CODE           	031A	0000	178
		_isr           		CODE           	07E0	0000	30
		_setup         		CODE           	06A4	0000	57
		_Decimal_to_BCD		CODE           	06DD	0000	57

E:/Universidad/Semestre2_2023/Digital-2/Lab4/Lab4_Master.X/Lab4_Master.c estimated size: 775

C:\Program Files\Microchip\xc8\v2.41\pic\sources\c90\common\doprnt.c
		_sprintf       		CODE           	01C7	0000	339

C:\Program Files\Microchip\xc8\v2.41\pic\sources\c90\common\doprnt.c estimated size: 339

C:\Program Files\Microchip\xc8\v2.41\pic\sources\c90\common\lwmod.c
		___lwmod       		CODE           	062E	0000	60

C:\Program Files\Microchip\xc8\v2.41\pic\sources\c90\common\lwmod.c estimated size: 60

C:\Program Files\Microchip\xc8\v2.41\pic\sources\c90\common\awmod.c
		___awmod       		CODE           	04F9	0000	91

C:\Program Files\Microchip\xc8\v2.41\pic\sources\c90\common\awmod.c estimated size: 91

