Microchip MPLAB XC8 Compiler V2.36

Linker command line:

-W-3 --edf=C:\Program Files\Microchip\xc8\v2.36\pic\dat\en_msgs.txt -cn \
  -h+dist/default/production\Lab3_Master1.X.production.sym \
  --cmf=dist/default/production\Lab3_Master1.X.production.cmf -z -Q16F887 \
  -oC:\Users\WMGWW\AppData\Local\Temp\xcAsvg4.4 --defsym=__MPLAB_BUILD=1 \
  -Mdist/default/production/Lab3_Master1.X.production.map \
  --md=C:\Users\WMGWW\AppData\Local\Temp\xcAsvg4.dat -E1 -ver=XC8 Compiler \
  --acfsm=1493 -ACODE=00h-07FFhx4 -ASTRCODE=00h-01FFFh -ASTRING=00h-0FFhx32 \
  -ACONST=00h-0FFhx32 -AENTRY=00h-0FFhx32 -ACOMMON=070h-07Fh \
  -ABANK0=020h-06Fh -ABANK1=0A0h-0EFh -ABANK2=0110h-016Fh \
  -ABANK3=0190h-01EFh -ARAM=020h-06Fh,0A0h-0EFh,0110h-016Fh,0190h-01EFh \
  -AABS1=020h-07Fh,0A0h-0EFh,0110h-016Fh,0190h-01EFh -ASFR0=00h-01Fh \
  -ASFR1=080h-09Fh -ASFR2=0100h-010Fh -ASFR3=0180h-018Fh \
  -ACONFIG=02007h-02008h -DCONFIG=2 -AIDLOC=02000h-02003h -DIDLOC=2 \
  -AEEDATA=00h-0FFh/02100h -peeprom_data=EEDATA -DEEDATA=2 -DCODE=2 \
  -DSTRCODE=2 -DSTRING=2 -DCONST=2 -DENTRY=2 \
  -preset_vec=00h,intentry,init,end_init -ppowerup=CODE -pcinit=CODE \
  -pfunctab=ENTRY -k C:\Users\WMGWW\AppData\Local\Temp\xcAsvg4.o \
  dist/default/production\Lab3_Master1.X.production.o 

Object code version is 3.11

Machine type is 16F887



                Name                               Link     Load   Length Selector   Space Scale
C:\Users\WMGWW\AppData\Local\Temp\xcAsvg4.o
                end_init                              0        0        3        0       0
                config                             2007     2007        2        0       4
                idloc                              2000     2000        4        0       5
dist/default/production\Lab3_Master1.X.production.o
                cinit                               7F0      7F0       10      FE0       0
                config                             2007     2007        2        0       4
                idloc                              2000     2000        4        0       5
                text35                             1D94     1D94       3E     3B28       0
                text34                             1CBE     1CBE       1A     397C       0
                text33                             1C73     1C73        D     38E6       0
                text32                             1CD8     1CD8       24     39B0       0
                text31                             1C92     1C92       16     3924       0
                text30                             1DD2     1DD2       42     3BA4       0
                text29                             1EA6     1EA6       51     3D4C       0
                text28                             1FA4     1FA4       5C     3F48       0
                text27                             1CA8     1CA8       16     3950       0
                text26                             1D6C     1D6C       28     3AD8       0
                text25                             1C59     1C59        7     38B2       0
                text24                                3        3        9        0       0
                text23                              800      800        6      FE0       0
                text22                             1E58     1E58       4E     3CB0       0
                text21                             1154     1154       A2     22A8       0
                text20                             1C68     1C68        B     38D0       0
                text19                             1578     1578      288     2AF0       0
                text18                             1CFC     1CFC       24     39F8       0
                text17                              806      806       7C     100C       0
                text16                             10EE     10EE       66     21DC       0
                text15                             1EF7     1EF7       54     3DEE       0
                text14                             1D20     1D20       25     3A40       0
                text13                             11F6     11F6       BA     23EC       0
                text12                              882      882       BE     1104       0
                text11                             12B0     12B0       BD     2560       0
                text10                             1D45     1D45       27     3A8A       0
                text9                               C9F      C9F      361     193E       0
                text8                              1E14     1E14       44     3C28       0
                text7                              10B4     10B4       3A     2168       0
                text6                              136D     136D      20B     26DA       0
                text5                              1C80     1C80       12     3900       0
                text4                                 C        C       69       18       0
                text3                              1F4B     1F4B       59     3E96       0
                text2                               940      940      35F     1280       0
                text1                               198      198      658      330       0
                maintext                             75       75      123       EA       0
                cstackBANK0                          20       20       4E       20       1
                cstackCOMMON                         70       70        E       70       1
                cstackBANK1                          A0       A0       27       A0       1
                clrtext                            1C60     1C60        8     38C0       0
                bssBANK1                             C7       C7       15       A0       1
                bssBANK0                             6E       6E        1       20       1
                strings                            1000     1000       B2     2000       0

TOTAL           Name                               Link     Load   Length     Space
        CLASS   CODE           
                end_init                              0        0        3         0
                cinit                               7F0      7F0       10         0
                text35                             1D94     1D94       3E         0
                text34                             1CBE     1CBE       1A         0
                text33                             1C73     1C73        D         0
                text32                             1CD8     1CD8       24         0
                text31                             1C92     1C92       16         0
                text30                             1DD2     1DD2       42         0
                text29                             1EA6     1EA6       51         0
                text28                             1FA4     1FA4       5C         0
                text27                             1CA8     1CA8       16         0
                text26                             1D6C     1D6C       28         0
                text25                             1C59     1C59        7         0
                text24                                3        3        9         0
                text23                              800      800        6         0
                text22                             1E58     1E58       4E         0
                text21                             1154     1154       A2         0
                text20                             1C68     1C68        B         0
                text19                             1578     1578      288         0
                text18                             1CFC     1CFC       24         0
                text17                              806      806       7C         0
                text16                             10EE     10EE       66         0
                text15                             1EF7     1EF7       54         0
                text14                             1D20     1D20       25         0
                text13                             11F6     11F6       BA         0
                text12                              882      882       BE         0
                text11                             12B0     12B0       BD         0
                text10                             1D45     1D45       27         0
                text9                               C9F      C9F      361         0
                text8                              1E14     1E14       44         0
                text7                              10B4     10B4       3A         0
                text6                              136D     136D      20B         0
                text5                              1C80     1C80       12         0
                text4                                 C        C       69         0
                text3                              1F4B     1F4B       59         0
                text2                               940      940      35F         0
                text1                               198      198      658         0
                maintext                             75       75      123         0
                clrtext                            1C60     1C60        8         0

        CLASS   STRCODE        

        CLASS   STRING         
                strings                            1000     1000       B2         0

        CLASS   CONST          

        CLASS   ENTRY          

        CLASS   COMMON         
                cstackCOMMON                         70       70        E         1

        CLASS   BANK0          
                cstackBANK0                          20       20       4E         1
                bssBANK0                             6E       6E        1         1

        CLASS   BANK1          
                cstackBANK1                          A0       A0       27         1
                bssBANK1                             C7       C7       15         1

        CLASS   BANK2          

        CLASS   BANK3          

        CLASS   RAM            

        CLASS   ABS1           
                abs_s1                               7E       7E        2         1

        CLASS   SFR0           

        CLASS   SFR1           

        CLASS   SFR2           

        CLASS   SFR3           

        CLASS   CONFIG         
                config                             2007     2007        2         4

        CLASS   IDLOC          
                idloc                              2000     2000        4         5

        CLASS   EEDATA         

        CLASS   STACK          



SEGMENTS        Name                           Load    Length   Top    Selector   Space  Class     Delta

                reset_vec                      000000  00000C  00000C         0       0  CODE        2
                text4                          00000C  000069  000075        18       0  CODE        2
                cstackBANK0                    000020  00004F  00006F        20       1  BANK0       1
                cstackCOMMON                   000070  00000E  00007E        70       1  COMMON      1
                cstackBANK1                    0000A0  00003C  0000DC        A0       1  BANK1       1
                maintext                       000075  000123  000198        EA       0  CODE        2
                text1                          000198  000658  0007F0       330       0  CODE        2
                cinit                          0007F0  000016  000806       FE0       0  CODE        2
                text17                         000806  00007C  000882      100C       0  CODE        2
                text12                         000882  0000BE  000940      1104       0  CODE        2
                text2                          000940  00035F  000C9F      1280       0  CODE        2
                text9                          000C9F  000361  001000      193E       0  CODE        2
                strings                        001000  0000B2  0010B2      2000       0  STRING      2
                text7                          0010B4  00003A  0010EE      2168       0  CODE        2
                text16                         0010EE  000066  001154      21DC       0  CODE        2
                text21                         001154  0000A2  0011F6      22A8       0  CODE        2
                text13                         0011F6  0000BA  0012B0      23EC       0  CODE        2
                text11                         0012B0  0000BD  00136D      2560       0  CODE        2
                text6                          00136D  00020B  001578      26DA       0  CODE        2
                text19                         001578  000288  001800      2AF0       0  CODE        2
                text25                         001C59  000007  001C60      38B2       0  CODE        2
                clrtext                        001C60  000008  001C68      38C0       0  CODE        2
                text20                         001C68  00000B  001C73      38D0       0  CODE        2
                text33                         001C73  00000D  001C80      38E6       0  CODE        2
                text5                          001C80  000012  001C92      3900       0  CODE        2
                text31                         001C92  000016  001CA8      3924       0  CODE        2
                text27                         001CA8  000016  001CBE      3950       0  CODE        2
                text34                         001CBE  00001A  001CD8      397C       0  CODE        2
                text32                         001CD8  000024  001CFC      39B0       0  CODE        2
                text18                         001CFC  000024  001D20      39F8       0  CODE        2
                text14                         001D20  000025  001D45      3A40       0  CODE        2
                text10                         001D45  000027  001D6C      3A8A       0  CODE        2
                text26                         001D6C  000028  001D94      3AD8       0  CODE        2
                text35                         001D94  00003E  001DD2      3B28       0  CODE        2
                text30                         001DD2  000042  001E14      3BA4       0  CODE        2
                text8                          001E14  000044  001E58      3C28       0  CODE        2
                text22                         001E58  00004E  001EA6      3CB0       0  CODE        2
                text29                         001EA6  000051  001EF7      3D4C       0  CODE        2
                text15                         001EF7  000054  001F4B      3DEE       0  CODE        2
                text3                          001F4B  000059  001FA4      3E96       0  CODE        2
                text28                         001FA4  00005C  002000      3F48       0  CODE        2


UNUSED ADDRESS RANGES

        Name                Unused          Largest block    Delta
        BANK0            006F-006F              1           1
        BANK1            00DC-00EF             14           1
        BANK2            0110-016F             60           1
        BANK3            0190-01EF             60           1
        CODE             10B2-10B3              2           2
                         1800-1C58            459
        CONST            10B2-10B3              2           2
                         1800-1C58            100
        EEDATA           2100-21FF            100           2
        ENTRY            10B2-10B3              2           2
                         1800-1C58            100
        RAM              006F-006F              1           1
                         00DC-00EF             14
                         0110-016F             60
                         0190-01EF             60
        SFR0             0000-001F             20           1
        SFR1             0080-009F             20           1
        SFR2             0100-010F             10           1
        SFR3             0180-018F             10           1
        STRCODE          10B2-10B3              2           2
                         1800-1C58            459
        STRING           10B2-10B3              2           2
                         1800-1C58            100

                                  Symbol Table

?__Umul8_16               cstackCOMMON 0070
?___awdiv                 cstackCOMMON 0077
?___awmod                 cstackCOMMON 0070
?___fladd                 cstackBANK0  0052
?___flmul                 cstackBANK0  0024
?___flneg                 cstackCOMMON 0070
?___flsub                 cstackBANK0  0066
?___fltol                 cstackBANK0  0051
?___lldiv                 cstackCOMMON 0070
?___llmod                 cstackCOMMON 0070
?___lwdiv                 cstackCOMMON 0076
?___lwmod                 cstackCOMMON 0070
?___wmul                  cstackCOMMON 0070
?___xxtofl                cstackCOMMON 0070
?__div_to_l_              cstackCOMMON 0070
?__tdiv_to_l_             cstackCOMMON 0070
?_fround                  cstackBANK0  003E
?_scale                   cstackBANK0  003E
?_sprintf                 cstackBANK1  00A0
Lcd_Cmd@a                 cstackCOMMON 0073
Lcd_Port@a                cstackCOMMON 0070
Lcd_Set_Cursor@a          cstackCOMMON 0076
Lcd_Set_Cursor@b          cstackCOMMON 0074
Lcd_Set_Cursor@temp       cstackCOMMON 0077
Lcd_Write_Char@a          cstackCOMMON 0072
Lcd_Write_String@a        cstackCOMMON 0073
Lcd_Write_String@i        cstackCOMMON 0078
_Lcd_Clear                text33       1C73
_Lcd_Cmd                  text34       1CBE
_Lcd_Init                 text29       1EA6
_Lcd_Port                 text35       1D94
_Lcd_Set_Cursor           text32       1CD8
_Lcd_Write_Char           text31       1C92
_Lcd_Write_String         text30       1DD2
_OSCCONbits               (abs)        008F
_PORTB                    (abs)        0006
_PORTCbits                (abs)        0007
_PORTD                    (abs)        0008
_RC0                      (abs)        0038
_RC1                      (abs)        0039
_RD0                      (abs)        0040
_RD1                      (abs)        0041
_RD2                      (abs)        0042
_RD3                      (abs)        0043
_RD4                      (abs)        0044
_RD5                      (abs)        0045
_RD6                      (abs)        0046
_RD7                      (abs)        0047
_SSPBUF                   (abs)        0013
_SSPCON                   (abs)        0014
_SSPSTAT                  (abs)        0094
_SSPSTATbits              (abs)        0094
_TRISB                    (abs)        0086
_TRISC                    (abs)        0087
_TRISC2                   (abs)        043A
_TRISC3                   (abs)        043B
_TRISC5                   (abs)        043D
_TRISD                    (abs)        0088
__Habs1                   abs1         0000
__Hbank0                  bank0        0000
__Hbank1                  bank1        0000
__Hbank2                  bank2        0000
__Hbank3                  bank3        0000
__HbssBANK0               bssBANK0     0000
__HbssBANK1               bssBANK1     0000
__Hcinit                  cinit        0800
__Hclrtext                clrtext      0000
__Hcode                   code         0000
__Hcommon                 common       0000
__Hconfig                 config       2009
__HcstackBANK0            cstackBANK0  0000
__HcstackBANK1            cstackBANK1  0000
__HcstackCOMMON           cstackCOMMON 0000
__Heeprom_data            eeprom_data  0000
__Hend_init               end_init     0003
__Hfunctab                functab      0000
__Hidloc                  idloc        2004
__Hinit                   init         0000
__Hintentry               intentry     0000
__Hmaintext               maintext     0000
__Hpowerup                powerup      0000
__Hram                    ram          0000
__Hreset_vec              reset_vec    0000
__Hsfr0                   sfr0         0000
__Hsfr1                   sfr1         0000
__Hsfr2                   sfr2         0000
__Hsfr3                   sfr3         0000
__Hspace_0                (abs)        2000
__Hspace_1                (abs)        00DC
__Hspace_2                (abs)        0000
__Hspace_3                (abs)        0000
__Hspace_4                (abs)        4010
__Hstack                  stack        0000
__Hstrings                strings      0000
__Htext                   text         0000
__Labs1                   abs1         0000
__Lbank0                  bank0        0000
__Lbank1                  bank1        0000
__Lbank2                  bank2        0000
__Lbank3                  bank3        0000
__LbssBANK0               bssBANK0     0000
__LbssBANK1               bssBANK1     0000
__Lcinit                  cinit        07F0
__Lclrtext                clrtext      0000
__Lcode                   code         0000
__Lcommon                 common       0000
__Lconfig                 config       0000
__LcstackBANK0            cstackBANK0  0000
__LcstackBANK1            cstackBANK1  0000
__LcstackCOMMON           cstackCOMMON 0000
__Leeprom_data            eeprom_data  0000
__Lend_init               end_init     0000
__Lfunctab                functab      0000
__Lidloc                  idloc        0000
__Linit                   init         0000
__Lintentry               intentry     0000
__Lmaintext               maintext     0000
__Lpowerup                powerup      0000
__Lram                    ram          0000
__Lreset_vec              reset_vec    0000
__Lsfr0                   sfr0         0000
__Lsfr1                   sfr1         0000
__Lsfr2                   sfr2         0000
__Lsfr3                   sfr3         0000
__Lspace_0                (abs)        0000
__Lspace_1                (abs)        0000
__Lspace_2                (abs)        0000
__Lspace_3                (abs)        0000
__Lspace_4                (abs)        0000
__Lstack                  stack        0000
__Lstrings                strings      0000
__Ltext                   text         0000
__S0                      (abs)        2000
__S1                      (abs)        00DC
__S3                      (abs)        0000
__Umul8_16                text10       1D45
__Umul8_16@multiplicand   cstackCOMMON 0070
__Umul8_16@multiplier     cstackCOMMON 0078
__Umul8_16@product        cstackCOMMON 0074
__Umul8_16@word_mpld      cstackCOMMON 0076
___awdiv                  text4        000C
___awdiv@counter          cstackBANK0  0020
___awdiv@dividend         cstackCOMMON 0079
___awdiv@divisor          cstackCOMMON 0077
___awdiv@quotient         cstackBANK0  0022
___awdiv@sign             cstackBANK0  0021
___awmod                  text3        1F4B
___awmod@counter          cstackCOMMON 0075
___awmod@dividend         cstackCOMMON 0072
___awmod@divisor          cstackCOMMON 0070
___awmod@sign             cstackCOMMON 0076
___fladd                  text19       1578
___fladd@a                cstackBANK0  0056
___fladd@aexp             cstackBANK0  0063
___fladd@b                cstackBANK0  0052
___fladd@bexp             cstackBANK0  0064
___fladd@grs              cstackBANK0  0065
___fladd@signs            cstackBANK0  0062
___fleq                   text22       1E58
___fleq@ff1               cstackCOMMON 0070
___fleq@ff2               cstackCOMMON 0074
___flge                   text21       1154
___flge@ff1               cstackCOMMON 0070
___flge@ff2               cstackCOMMON 0074
___flmul                  text9        0C9F
___flmul@a                cstackBANK0  0028
___flmul@aexp             cstackBANK0  0036
___flmul@b                cstackBANK0  0024
___flmul@bexp             cstackBANK0  0037
___flmul@grs              cstackBANK0  0032
___flmul@prod             cstackBANK0  0038
___flmul@sign             cstackBANK0  0031
___flmul@temp             cstackBANK0  003C
___flneg                  text20       1C68
___flneg@f1               cstackCOMMON 0070
___flsub                  text18       1CFC
___flsub@a                cstackBANK0  0066
___flsub@b                cstackBANK0  006A
___fltol                  text17       0806
___fltol@exp1             cstackBANK0  005B
___fltol@f1               cstackBANK0  0051
___fltol@sign1            cstackBANK0  005A
___int_sp                 stack        0000
___latbits                (abs)        0002
___lldiv                  text16       10EE
___lldiv@counter          cstackCOMMON 007D
___lldiv@dividend         cstackCOMMON 0074
___lldiv@divisor          cstackCOMMON 0070
___lldiv@quotient         cstackCOMMON 0079
___llmod                  text15       1EF7
___llmod@counter          cstackCOMMON 0079
___llmod@dividend         cstackCOMMON 0074
___llmod@divisor          cstackCOMMON 0070
___lwdiv                  text8        1E14
___lwdiv@counter          cstackCOMMON 007D
___lwdiv@dividend         cstackCOMMON 0078
___lwdiv@divisor          cstackCOMMON 0076
___lwdiv@quotient         cstackCOMMON 007B
___lwmod                  text7        10B4
___lwmod@counter          cstackCOMMON 0075
___lwmod@dividend         cstackCOMMON 0072
___lwmod@divisor          cstackCOMMON 0070
___sp                     stack        0000
___stackhi                (abs)        0000
___stacklo                (abs)        0000
___wmul                   text14       1D20
___wmul@multiplicand      cstackCOMMON 0072
___wmul@multiplier        cstackCOMMON 0070
___wmul@product           cstackCOMMON 0074
___xxtofl                 text13       11F6
___xxtofl@arg             cstackCOMMON 007A
___xxtofl@exp             cstackCOMMON 0079
___xxtofl@sign            cstackCOMMON 0078
___xxtofl@val             cstackCOMMON 0070
__div_to_l_               text12       0882
__div_to_l_@cntr          cstackBANK0  0024
__div_to_l_@exp1          cstackBANK0  0025
__div_to_l_@f1            cstackCOMMON 0070
__div_to_l_@f2            cstackCOMMON 0074
__div_to_l_@quot          cstackBANK0  0020
__end_of_Lcd_Clear        text33       1C80
__end_of_Lcd_Cmd          text34       1CD8
__end_of_Lcd_Init         text29       1EF7
__end_of_Lcd_Port         text35       1DD2
__end_of_Lcd_Set_Cursor   text32       1CFC
__end_of_Lcd_Write_Char   text31       1CA8
__end_of_Lcd_Write_String text30       1E14
__end_of__Umul8_16        text10       1D6C
__end_of___awdiv          text4        0075
__end_of___awmod          text3        1FA4
__end_of___fladd          text19       1800
__end_of___fleq           text22       1EA6
__end_of___flge           text21       11F6
__end_of___flmul          text9        1000
__end_of___flneg          text20       1C73
__end_of___flsub          text18       1D20
__end_of___fltol          text17       0882
__end_of___lldiv          text16       1154
__end_of___llmod          text15       1F4B
__end_of___lwdiv          text8        1E58
__end_of___lwmod          text7        10EE
__end_of___wmul           text14       1D45
__end_of___xxtofl         text13       12B0
__end_of__div_to_l_       text12       0940
__end_of__initialization  cinit        07FC
__end_of__npowers_        strings      1078
__end_of__powers_         strings      1044
__end_of__stringtab       strings      1010
__end_of__tdiv_to_l_      text11       136D
__end_of_configOsc        text28       2000
__end_of_dpowers          strings      10A0
__end_of_fround           text6        1578
__end_of_isdigit          text5        1C92
__end_of_main             maintext     0198
__end_of_scale            text2        0C9F
__end_of_setup            text26       1D94
__end_of_spiInit          text27       1CBE
__end_of_spiRead          text24       000C
__end_of_spiReceiveWait   text25       1C60
__end_of_spiWrite         text23       0806
__end_of_sprintf          text1        07F0
__initialization          cinit        07F0
__npowers_                strings      1044
__pbssBANK0               bssBANK0     006E
__pbssBANK1               bssBANK1     00C7
__pcstackBANK0            cstackBANK0  0020
__pcstackBANK1            cstackBANK1  00A0
__pcstackCOMMON           cstackCOMMON 0070
__pmaintext               maintext     0075
__powers_                 strings      1010
__pstrings                strings      1000
__ptext1                  text1        0198
__ptext10                 text10       1D45
__ptext11                 text11       12B0
__ptext12                 text12       0882
__ptext13                 text13       11F6
__ptext14                 text14       1D20
__ptext15                 text15       1EF7
__ptext16                 text16       10EE
__ptext17                 text17       0806
__ptext18                 text18       1CFC
__ptext19                 text19       1578
__ptext2                  text2        0940
__ptext20                 text20       1C68
__ptext21                 text21       1154
__ptext22                 text22       1E58
__ptext23                 text23       0800
__ptext24                 text24       0003
__ptext25                 text25       1C59
__ptext26                 text26       1D6C
__ptext27                 text27       1CA8
__ptext28                 text28       1FA4
__ptext29                 text29       1EA6
__ptext3                  text3        1F4B
__ptext30                 text30       1DD2
__ptext31                 text31       1C92
__ptext32                 text32       1CD8
__ptext33                 text33       1C73
__ptext34                 text34       1CBE
__ptext35                 text35       1D94
__ptext4                  text4        000C
__ptext5                  text5        1C80
__ptext6                  text6        136D
__ptext7                  text7        10B4
__ptext8                  text8        1E14
__ptext9                  text9        0C9F
__stringbase              strings      100F
__stringtab               strings      1000
__tdiv_to_l_              text11       12B0
__tdiv_to_l_@cntr         cstackBANK0  0024
__tdiv_to_l_@exp1         cstackBANK0  0025
__tdiv_to_l_@f1           cstackCOMMON 0070
__tdiv_to_l_@f2           cstackCOMMON 0074
__tdiv_to_l_@quot         cstackBANK0  0020
_configOsc                text28       1FA4
_dpowers                  strings      1078
_dummydata                bssBANK1     00CB
_fround                   text6        136D
_fround$1029              cstackBANK0  004D
_fround$1030              cstackBANK0  0049
_isdigit                  text5        1C80
_isdigit$846              cstackCOMMON 0070
_main                     maintext     0075
_s1                       bssBANK1     00C7
_scale                    text2        0940
_scale$1031               cstackBANK0  004C
_setup                    text26       1D6C
_spiInit                  text27       1CA8
_spiRead                  text24       0003
_spiReceiveWait           text25       1C59
_spiWrite                 text23       0800
_sprintf                  text1        0198
_sprintf$1032             cstackBANK1  00AA
_volt                     bssBANK1     00CC
btemp                     (abs)        007E
clear_ram0                clrtext      1C60
configOsc@frec            cstackCOMMON 0070
end_of_initialization     cinit        07FC
fround@prec               cstackBANK0  0051
intlevel0                 functab      0000
intlevel1                 functab      0000
intlevel2                 functab      0000
intlevel3                 functab      0000
intlevel4                 functab      0000
intlevel5                 functab      0000
isdigit@c                 cstackCOMMON 0071
reset_vec                 reset_vec    0000
scale@scl                 cstackBANK0  0050
spiInit@sClockIdle        cstackCOMMON 0071
spiInit@sDataSample       cstackCOMMON 0070
spiInit@sTransmitEdge     cstackCOMMON 0072
spiInit@sType             cstackCOMMON 0073
spiWrite@dat              cstackCOMMON 0070
sprintf@ap                cstackBANK1  00AE
sprintf@c                 cstackBANK1  00C2
sprintf@eexp              cstackBANK1  00B5
sprintf@f                 cstackBANK1  00A0
sprintf@flag              cstackBANK1  00AF
sprintf@fval              cstackBANK1  00BE
sprintf@prec              cstackBANK1  00BC
sprintf@sp                cstackBANK1  00BB
sprintf@tmpval            cstackBANK1  00B7
sprintf@val               cstackBANK1  00B1
start                     init         0000
start_initialization      cinit        07F0
wtemp0                    (abs)        007E


MODULE INFORMATION

Module		Function		Class		Link	Load	Size
C:\Program Files\Microchip\xc8\v2.36\pic\sources\c90\common\doprnt.c
		_scale         		CODE           	0940	0000	863
		_sprintf       		CODE           	0198	0000	1624
		_fround        		CODE           	136D	0000	523

C:\Program Files\Microchip\xc8\v2.36\pic\sources\c90\common\doprnt.c estimated size: 3010

C:\Program Files\Microchip\xc8\v2.36\pic\sources\c90\common\lwmod.c
		___lwmod       		CODE           	10B4	0000	58

C:\Program Files\Microchip\xc8\v2.36\pic\sources\c90\common\lwmod.c estimated size: 58

C:\Program Files\Microchip\xc8\v2.36\pic\sources\c90\common\awmod.c
		___awmod       		CODE           	1F4B	0000	89

C:\Program Files\Microchip\xc8\v2.36\pic\sources\c90\common\awmod.c estimated size: 89

C:\Program Files\Microchip\xc8\v2.36\pic\sources\c90\common\llmod.c
		___llmod       		CODE           	1EF7	0000	84

C:\Program Files\Microchip\xc8\v2.36\pic\sources\c90\common\llmod.c estimated size: 84

SPI_1.c
		_spiWrite      		CODE           	0800	0000	6
		_spiInit       		CODE           	1CA8	0000	22
		_spiReceiveWait		CODE           	1C59	0000	7
		_spiRead       		CODE           	0003	0000	9

SPI_1.c estimated size: 44

C:\Program Files\Microchip\xc8\v2.36\pic\sources\c90\common\ftdivl.c
		__tdiv_to_l_   		CODE           	12B0	0000	189

C:\Program Files\Microchip\xc8\v2.36\pic\sources\c90\common\ftdivl.c estimated size: 189

E:/Universidad/Semestre2_2023/Digital-2/Lab3/Lab3.X/Lab3.c
		_main          		CODE           	0075	0000	291
		_setup         		CODE           	1D6C	0000	40

E:/Universidad/Semestre2_2023/Digital-2/Lab3/Lab3.X/Lab3.c estimated size: 331

C:\Program Files\Microchip\xc8\v2.36\pic\sources\c90\common\Umul16.c
		___wmul        		CODE           	1D20	0000	37

C:\Program Files\Microchip\xc8\v2.36\pic\sources\c90\common\Umul16.c estimated size: 37

C:\Program Files\Microchip\xc8\v2.36\pic\sources\c90\common\fleq.c
		___fleq        		CODE           	1E58	0000	78

C:\Program Files\Microchip\xc8\v2.36\pic\sources\c90\common\fleq.c estimated size: 78

C:\Program Files\Microchip\xc8\v2.36\pic\sources\c90\common\fldivl.c
		__div_to_l_    		CODE           	0882	0000	190

C:\Program Files\Microchip\xc8\v2.36\pic\sources\c90\common\fldivl.c estimated size: 190

C:\Program Files\Microchip\xc8\v2.36\pic\sources\c90\common\lwdiv.c
		___lwdiv       		CODE           	1E14	0000	68

C:\Program Files\Microchip\xc8\v2.36\pic\sources\c90\common\lwdiv.c estimated size: 68

C:\Program Files\Microchip\xc8\v2.36\pic\sources\c90\common\sprcmul.c
		___flmul       		CODE           	0C9F	0000	865

C:\Program Files\Microchip\xc8\v2.36\pic\sources\c90\common\sprcmul.c estimated size: 865

C:\Program Files\Microchip\xc8\v2.36\pic\sources\c90\common\awdiv.c
		___awdiv       		CODE           	000C	0000	105

C:\Program Files\Microchip\xc8\v2.36\pic\sources\c90\common\awdiv.c estimated size: 105

C:\Program Files\Microchip\xc8\v2.36\pic\sources\c90\common\fltol.c
		___fltol       		CODE           	0806	0000	124

C:\Program Files\Microchip\xc8\v2.36\pic\sources\c90\common\fltol.c estimated size: 124

C:\Program Files\Microchip\xc8\v2.36\pic\sources\c90\common\__lldiv.c
		___lldiv       		CODE           	10EE	0000	102

C:\Program Files\Microchip\xc8\v2.36\pic\sources\c90\common\__lldiv.c estimated size: 102

oscilador.c
		_configOsc     		CODE           	1FA4	0000	92

oscilador.c estimated size: 92

shared
		__stringtab    		STRING         	1000	0000	16
		__powers_      		STRING         	1010	0000	52
		_dpowers       		STRING         	1078	0000	40
		__npowers_     		STRING         	1044	0000	52
		__initialization		CODE           	07F0	0000	12

shared estimated size: 172

C:\Program Files\Microchip\xc8\v2.36\pic\sources\c90\common\xxtofl.c
		___xxtofl      		CODE           	11F6	0000	186

C:\Program Files\Microchip\xc8\v2.36\pic\sources\c90\common\xxtofl.c estimated size: 186

lcd.c
		_Lcd_Write_String		CODE           	1DD2	0000	66
		_Lcd_Init      		CODE           	1EA6	0000	81
		_Lcd_Write_Char		CODE           	1C92	0000	22
		_Lcd_Cmd       		CODE           	1CBE	0000	26
		_Lcd_Set_Cursor		CODE           	1CD8	0000	36
		_Lcd_Clear     		CODE           	1C73	0000	13
		_Lcd_Port      		CODE           	1D94	0000	62

lcd.c estimated size: 306

C:\Program Files\Microchip\xc8\v2.36\pic\sources\c90\common\flneg.c
		___flneg       		CODE           	1C68	0000	11

C:\Program Files\Microchip\xc8\v2.36\pic\sources\c90\common\flneg.c estimated size: 11

C:\Program Files\Microchip\xc8\v2.36\pic\sources\c90\common\isdigit.c
		_isdigit       		CODE           	1C80	0000	18

C:\Program Files\Microchip\xc8\v2.36\pic\sources\c90\common\isdigit.c estimated size: 18

C:\Program Files\Microchip\xc8\v2.36\pic\sources\c90\common\sprcadd.c
		___flsub       		CODE           	1CFC	0000	36
		___fladd       		CODE           	1578	0000	648

C:\Program Files\Microchip\xc8\v2.36\pic\sources\c90\common\sprcadd.c estimated size: 684

C:\Program Files\Microchip\xc8\v2.36\pic\sources\c90\common\flge.c
		___flge        		CODE           	1154	0000	162

C:\Program Files\Microchip\xc8\v2.36\pic\sources\c90\common\flge.c estimated size: 162

C:\Program Files\Microchip\xc8\v2.36\pic\sources\c90\common\Umul8_16.c
		__Umul8_16     		CODE           	1D45	0000	39

C:\Program Files\Microchip\xc8\v2.36\pic\sources\c90\common\Umul8_16.c estimated size: 39

